
Discarded input sections

 .group         0x00000000        0x8 LidarLite.cpp.o
 .group         0x00000000        0x8 LidarLite.cpp.o
 .group         0x00000000        0x8 LidarLite.cpp.o
 .group         0x00000000        0x8 LidarLite.cpp.o
 .group         0x00000000        0x8 LidarLite.cpp.o
 .group         0x00000000        0x8 LidarLite.cpp.o
 .group         0x00000000        0x8 LidarLite.cpp.o
 .group         0x00000000        0x8 LidarLite.cpp.o
 .group         0x00000000        0x8 LidarLite.cpp.o
 .group         0x00000000        0x8 LidarLite.cpp.o
 .group         0x00000000        0x8 LidarLite.cpp.o
 .group         0x00000000        0x8 LidarLite.cpp.o
 .group         0x00000000        0x8 LidarLite.cpp.o
 .group         0x00000000        0x8 LidarLite.cpp.o
 .group         0x00000000        0x8 LidarLite.cpp.o
 .group         0x00000000        0x8 LidarLite.cpp.o
 .group         0x00000000        0x8 LidarLite.cpp.o
 .group         0x00000000        0x8 LidarLite.cpp.o
 .group         0x00000000        0x8 LidarLite.cpp.o
 .group         0x00000000        0x8 LidarLite.cpp.o
 .group         0x00000000        0x8 LidarLite.cpp.o
 .group         0x00000000        0x8 LidarLite.cpp.o
 .group         0x00000000        0x8 LidarLite.cpp.o
 .group         0x00000000        0x8 LidarLite.cpp.o
 .group         0x00000000        0x8 LidarLite.cpp.o
 .group         0x00000000        0x8 LidarLite.cpp.o
 .group         0x00000000        0x8 LidarLite.cpp.o
 .group         0x00000000        0x8 LidarLite.cpp.o
 .group         0x00000000        0x8 LidarLite.cpp.o
 .group         0x00000000        0x8 LidarLite.cpp.o
 .group         0x00000000        0x8 LidarLite.cpp.o
 .group         0x00000000        0x8 LidarLite.cpp.o
 .group         0x00000000        0x8 LidarLite.cpp.o
 .group         0x00000000        0x8 LidarLite.cpp.o
 .group         0x00000000        0x8 LidarLite.cpp.o
 .group         0x00000000        0x8 LidarLite.cpp.o
 .group         0x00000000        0x8 LidarLite.cpp.o
 .group         0x00000000        0x8 LidarLite.cpp.o
 .group         0x00000000        0x8 LidarLite.cpp.o
 .group         0x00000000        0x8 LidarLite.cpp.o
 .group         0x00000000        0x8 LidarLite.cpp.o
 .group         0x00000000        0x8 LidarLite.cpp.o
 .group         0x00000000        0x8 LidarLite.cpp.o
 .group         0x00000000        0x8 LidarLite.cpp.o
 .group         0x00000000        0x8 LidarLite.cpp.o
 .group         0x00000000        0x8 LidarLite.cpp.o
 .group         0x00000000        0x8 LidarLite.cpp.o
 .group         0x00000000        0x8 LidarLite.cpp.o
 .group         0x00000000        0x8 LidarLite.cpp.o
 .group         0x00000000        0x8 LidarLite.cpp.o
 .group         0x00000000        0x8 LidarLite.cpp.o
 .group         0x00000000        0x8 LidarLite.cpp.o
 .group         0x00000000        0x8 LidarLite.cpp.o
 .group         0x00000000        0x8 LidarLite.cpp.o
 .group         0x00000000        0x8 LidarLite.cpp.o
 .group         0x00000000        0x8 LidarLite.cpp.o
 .group         0x00000000        0x8 LidarLite.cpp.o
 .group         0x00000000        0x8 LidarLite.cpp.o
 .group         0x00000000        0x8 LidarLite.cpp.o
 .group         0x00000000        0x8 LidarLite.cpp.o
 .group         0x00000000        0x8 LidarLite.cpp.o
 .group         0x00000000        0x8 LidarLite.cpp.o
 .group         0x00000000        0x8 LidarLite.cpp.o
 .group         0x00000000        0x8 LidarLite.cpp.o
 .group         0x00000000        0x8 LidarLite.cpp.o
 .group         0x00000000        0x8 LidarLite.cpp.o
 .group         0x00000000        0x8 LidarLite.cpp.o
 .group         0x00000000        0x8 LidarLite.cpp.o
 .group         0x00000000        0x8 LidarLite.cpp.o
 .group         0x00000000        0x8 LidarLite.cpp.o
 .group         0x00000000        0x8 LidarLite.cpp.o
 .group         0x00000000        0x8 LidarLite.cpp.o
 .group         0x00000000        0x8 LidarLite.cpp.o
 .group         0x00000000        0x8 LidarLite.cpp.o
 .group         0x00000000        0x8 LidarLite.cpp.o
 .group         0x00000000        0x8 LidarLite.cpp.o
 .group         0x00000000        0x8 LidarLite.cpp.o
 .group         0x00000000        0x8 LidarLite.cpp.o
 .group         0x00000000        0x8 LidarLite.cpp.o
 .group         0x00000000        0x8 LidarLite.cpp.o
 .group         0x00000000        0x8 LidarLite.cpp.o
 .group         0x00000000        0x8 LidarLite.cpp.o
 .group         0x00000000        0x8 LidarLite.cpp.o
 .group         0x00000000        0x8 LidarLite.cpp.o
 .group         0x00000000        0x8 LidarLite.cpp.o
 .group         0x00000000        0x8 LidarLite.cpp.o
 .group         0x00000000        0x8 LidarLite.cpp.o
 .group         0x00000000        0x8 LidarLite.cpp.o
 .group         0x00000000        0x8 LidarLite.cpp.o
 .group         0x00000000        0x8 LidarLite.cpp.o
 .group         0x00000000        0x8 LidarLite.cpp.o
 .group         0x00000000        0x8 LidarLite.cpp.o
 .group         0x00000000        0x8 LidarLite.cpp.o
 .group         0x00000000        0x8 LidarLite.cpp.o
 .group         0x00000000        0x8 LidarLite.cpp.o
 .group         0x00000000        0x8 LidarLite.cpp.o
 .group         0x00000000        0x8 LidarLite.cpp.o
 .group         0x00000000        0x8 LidarLite.cpp.o
 .group         0x00000000        0x8 LidarLite.cpp.o
 .group         0x00000000        0x8 LidarLite.cpp.o
 .group         0x00000000        0x8 LidarLite.cpp.o
 .group         0x00000000        0x8 LidarLite.cpp.o
 .group         0x00000000        0x8 LidarLite.cpp.o
 .group         0x00000000        0x8 LidarLite.cpp.o
 .group         0x00000000        0x8 LidarLite.cpp.o
 .group         0x00000000        0x8 LidarLite.cpp.o
 .group         0x00000000        0x8 LidarLite.cpp.o
 .group         0x00000000        0x8 LidarLite.cpp.o
 .group         0x00000000        0x8 LidarLite.cpp.o
 .group         0x00000000        0x8 LidarLite.cpp.o
 .debug_macro   0x00000000      0x95e LidarLite.cpp.o
 .debug_macro   0x00000000       0x22 LidarLite.cpp.o
 .debug_macro   0x00000000      0x8b4 LidarLite.cpp.o
 .debug_macro   0x00000000       0xc9 LidarLite.cpp.o
 .debug_macro   0x00000000       0x10 LidarLite.cpp.o
 .debug_macro   0x00000000       0x88 LidarLite.cpp.o
 .debug_macro   0x00000000      0x14e LidarLite.cpp.o
 .debug_macro   0x00000000      0x12c LidarLite.cpp.o
 .debug_macro   0x00000000       0x63 LidarLite.cpp.o
 .debug_macro   0x00000000       0x78 LidarLite.cpp.o
 .debug_macro   0x00000000       0x28 LidarLite.cpp.o
 .debug_macro   0x00000000      0x11b LidarLite.cpp.o
 .debug_macro   0x00000000       0x59 LidarLite.cpp.o
 .debug_macro   0x00000000       0x4c LidarLite.cpp.o
 .debug_macro   0x00000000      0x27f LidarLite.cpp.o
 .debug_macro   0x00000000       0x10 LidarLite.cpp.o
 .debug_macro   0x00000000      0x195 LidarLite.cpp.o
 .debug_macro   0x00000000       0x8a LidarLite.cpp.o
 .debug_macro   0x00000000       0x10 LidarLite.cpp.o
 .debug_macro   0x00000000       0x10 LidarLite.cpp.o
 .debug_macro   0x00000000      0x6cb LidarLite.cpp.o
 .debug_macro   0x00000000      0x20a LidarLite.cpp.o
 .debug_macro   0x00000000      0xf6f LidarLite.cpp.o
 .debug_macro   0x00000000      0x2ab LidarLite.cpp.o
 .debug_macro   0x00000000      0x8b5 LidarLite.cpp.o
 .debug_macro   0x00000000       0x23 LidarLite.cpp.o
 .debug_macro   0x00000000       0x39 LidarLite.cpp.o
 .debug_macro   0x00000000       0x78 LidarLite.cpp.o
 .debug_macro   0x00000000      0x14e LidarLite.cpp.o
 .debug_macro   0x00000000      0x7ca LidarLite.cpp.o
 .debug_macro   0x00000000       0xff LidarLite.cpp.o
 .debug_macro   0x00000000      0xae7 LidarLite.cpp.o
 .debug_macro   0x00000000       0x51 LidarLite.cpp.o
 .debug_macro   0x00000000      0x11a LidarLite.cpp.o
 .debug_macro   0x00000000       0x16 LidarLite.cpp.o
 .debug_macro   0x00000000       0x1d LidarLite.cpp.o
 .debug_macro   0x00000000      0x23b LidarLite.cpp.o
 .debug_macro   0x00000000      0x56a LidarLite.cpp.o
 .debug_macro   0x00000000       0x9c LidarLite.cpp.o
 .debug_macro   0x00000000      0x2bf LidarLite.cpp.o
 .debug_macro   0x00000000       0xd3 LidarLite.cpp.o
 .debug_macro   0x00000000       0x16 LidarLite.cpp.o
 .debug_macro   0x00000000       0x34 LidarLite.cpp.o
 .debug_macro   0x00000000      0xab0 LidarLite.cpp.o
 .debug_macro   0x00000000       0x17 LidarLite.cpp.o
 .debug_macro   0x00000000      0x6fa LidarLite.cpp.o
 .debug_macro   0x00000000       0x22 LidarLite.cpp.o
 .debug_macro   0x00000000      0x596 LidarLite.cpp.o
 .debug_macro   0x00000000       0x16 LidarLite.cpp.o
 .debug_macro   0x00000000      0x29b LidarLite.cpp.o
 .debug_macro   0x00000000       0x16 LidarLite.cpp.o
 .debug_macro   0x00000000     0x15a4 LidarLite.cpp.o
 .debug_macro   0x00000000       0x53 LidarLite.cpp.o
 .debug_macro   0x00000000      0x347 LidarLite.cpp.o
 .debug_macro   0x00000000       0x96 LidarLite.cpp.o
 .debug_macro   0x00000000       0x1c LidarLite.cpp.o
 .debug_macro   0x00000000       0x9a LidarLite.cpp.o
 .debug_macro   0x00000000      0x1cf LidarLite.cpp.o
 .debug_macro   0x00000000      0x16c LidarLite.cpp.o
 .debug_macro   0x00000000      0x413 LidarLite.cpp.o
 .debug_macro   0x00000000       0x5f LidarLite.cpp.o
 .debug_macro   0x00000000       0x1d LidarLite.cpp.o
 .debug_macro   0x00000000       0xdf LidarLite.cpp.o
 .debug_macro   0x00000000       0x16 LidarLite.cpp.o
 .debug_macro   0x00000000      0x13f LidarLite.cpp.o
 .debug_macro   0x00000000       0x16 LidarLite.cpp.o
 .debug_macro   0x00000000       0x1c LidarLite.cpp.o
 .debug_macro   0x00000000      0xdb4 LidarLite.cpp.o
 .debug_macro   0x00000000       0x16 LidarLite.cpp.o
 .debug_macro   0x00000000      0x21b LidarLite.cpp.o
 .debug_macro   0x00000000      0x2b6 LidarLite.cpp.o
 .debug_macro   0x00000000       0x28 LidarLite.cpp.o
 .debug_macro   0x00000000       0x12 LidarLite.cpp.o
 .debug_macro   0x00000000       0x22 LidarLite.cpp.o
 .debug_macro   0x00000000       0x44 LidarLite.cpp.o
 .debug_macro   0x00000000      0x2a4 LidarLite.cpp.o
 .debug_macro   0x00000000       0x58 LidarLite.cpp.o
 .debug_macro   0x00000000       0x4c LidarLite.cpp.o
 .debug_macro   0x00000000       0x49 LidarLite.cpp.o
 .debug_macro   0x00000000      0x106 LidarLite.cpp.o
 .debug_macro   0x00000000       0x28 LidarLite.cpp.o
 .debug_macro   0x00000000       0xd1 LidarLite.cpp.o
 .debug_macro   0x00000000       0x98 LidarLite.cpp.o
 .debug_macro   0x00000000       0x16 LidarLite.cpp.o
 .debug_macro   0x00000000       0xb4 LidarLite.cpp.o
 .debug_macro   0x00000000       0x41 LidarLite.cpp.o
 .debug_macro   0x00000000       0x4d LidarLite.cpp.o
 .debug_macro   0x00000000       0xd6 LidarLite.cpp.o
 .debug_macro   0x00000000       0x58 LidarLite.cpp.o
 .debug_macro   0x00000000       0x2e LidarLite.cpp.o
 .debug_macro   0x00000000       0x9c LidarLite.cpp.o
 .debug_macro   0x00000000      0x281 LidarLite.cpp.o
 .debug_macro   0x00000000       0x22 LidarLite.cpp.o
 .debug_macro   0x00000000       0x29 LidarLite.cpp.o
 .debug_macro   0x00000000       0x31 LidarLite.cpp.o
 .debug_macro   0x00000000      0x167 LidarLite.cpp.o
 .debug_macro   0x00000000       0x16 LidarLite.cpp.o
 .debug_macro   0x00000000       0x5a LidarLite.cpp.o
 .debug_macro   0x00000000      0x14d LidarLite.cpp.o
 .debug_macro   0x00000000       0x59 LidarLite.cpp.o
 .debug_macro   0x00000000       0x70 LidarLite.cpp.o
 .debug_macro   0x00000000      0x6c1 LidarLite.cpp.o
 .debug_macro   0x00000000       0x10 LidarLite.cpp.o
 .debug_macro   0x00000000       0x1c LidarLite.cpp.o
 .debug_macro   0x00000000       0x46 LidarLite.cpp.o
 .debug_macro   0x00000000       0x22 LidarLite.cpp.o
 .debug_macro   0x00000000       0xba LidarLite.cpp.o
 .debug_macro   0x00000000       0x2e LidarLite.cpp.o
 .debug_macro   0x00000000       0x1c LidarLite.cpp.o
 .debug_macro   0x00000000       0xc1 LidarLite.cpp.o
 .group         0x00000000        0x8 LidarLiteI2C.cpp.o
 .group         0x00000000        0x8 LidarLiteI2C.cpp.o
 .group         0x00000000        0x8 LidarLiteI2C.cpp.o
 .group         0x00000000        0x8 LidarLiteI2C.cpp.o
 .group         0x00000000        0x8 LidarLiteI2C.cpp.o
 .group         0x00000000        0x8 LidarLiteI2C.cpp.o
 .group         0x00000000        0x8 LidarLiteI2C.cpp.o
 .group         0x00000000        0x8 LidarLiteI2C.cpp.o
 .group         0x00000000        0x8 LidarLiteI2C.cpp.o
 .group         0x00000000        0x8 LidarLiteI2C.cpp.o
 .group         0x00000000        0x8 LidarLiteI2C.cpp.o
 .group         0x00000000        0x8 LidarLiteI2C.cpp.o
 .group         0x00000000        0x8 LidarLiteI2C.cpp.o
 .group         0x00000000        0x8 LidarLiteI2C.cpp.o
 .group         0x00000000        0x8 LidarLiteI2C.cpp.o
 .group         0x00000000        0x8 LidarLiteI2C.cpp.o
 .group         0x00000000        0x8 LidarLiteI2C.cpp.o
 .group         0x00000000        0x8 LidarLiteI2C.cpp.o
 .group         0x00000000        0x8 LidarLiteI2C.cpp.o
 .group         0x00000000        0x8 LidarLiteI2C.cpp.o
 .group         0x00000000        0x8 LidarLiteI2C.cpp.o
 .group         0x00000000        0x8 LidarLiteI2C.cpp.o
 .group         0x00000000        0x8 LidarLiteI2C.cpp.o
 .group         0x00000000        0x8 LidarLiteI2C.cpp.o
 .group         0x00000000        0x8 LidarLiteI2C.cpp.o
 .group         0x00000000        0x8 LidarLiteI2C.cpp.o
 .group         0x00000000        0x8 LidarLiteI2C.cpp.o
 .group         0x00000000        0x8 LidarLiteI2C.cpp.o
 .group         0x00000000        0x8 LidarLiteI2C.cpp.o
 .group         0x00000000        0x8 LidarLiteI2C.cpp.o
 .group         0x00000000        0x8 LidarLiteI2C.cpp.o
 .group         0x00000000        0x8 LidarLiteI2C.cpp.o
 .group         0x00000000        0x8 LidarLiteI2C.cpp.o
 .group         0x00000000        0x8 LidarLiteI2C.cpp.o
 .group         0x00000000        0x8 LidarLiteI2C.cpp.o
 .group         0x00000000        0x8 LidarLiteI2C.cpp.o
 .group         0x00000000        0x8 LidarLiteI2C.cpp.o
 .group         0x00000000        0x8 LidarLiteI2C.cpp.o
 .group         0x00000000        0x8 LidarLiteI2C.cpp.o
 .group         0x00000000        0x8 LidarLiteI2C.cpp.o
 .group         0x00000000        0x8 LidarLiteI2C.cpp.o
 .group         0x00000000        0x8 LidarLiteI2C.cpp.o
 .group         0x00000000        0x8 LidarLiteI2C.cpp.o
 .group         0x00000000        0x8 LidarLiteI2C.cpp.o
 .group         0x00000000        0x8 LidarLiteI2C.cpp.o
 .group         0x00000000        0x8 LidarLiteI2C.cpp.o
 .group         0x00000000        0x8 LidarLiteI2C.cpp.o
 .group         0x00000000        0x8 LidarLiteI2C.cpp.o
 .group         0x00000000        0x8 LidarLiteI2C.cpp.o
 .group         0x00000000        0x8 LidarLiteI2C.cpp.o
 .group         0x00000000        0x8 LidarLiteI2C.cpp.o
 .group         0x00000000        0x8 LidarLiteI2C.cpp.o
 .group         0x00000000        0x8 LidarLiteI2C.cpp.o
 .group         0x00000000        0x8 LidarLiteI2C.cpp.o
 .group         0x00000000        0x8 LidarLiteI2C.cpp.o
 .group         0x00000000        0x8 LidarLiteI2C.cpp.o
 .group         0x00000000        0x8 LidarLiteI2C.cpp.o
 .group         0x00000000        0x8 LidarLiteI2C.cpp.o
 .group         0x00000000        0x8 LidarLiteI2C.cpp.o
 .group         0x00000000        0x8 LidarLiteI2C.cpp.o
 .group         0x00000000        0x8 LidarLiteI2C.cpp.o
 .group         0x00000000        0x8 LidarLiteI2C.cpp.o
 .group         0x00000000        0x8 LidarLiteI2C.cpp.o
 .group         0x00000000        0x8 LidarLiteI2C.cpp.o
 .group         0x00000000        0x8 LidarLiteI2C.cpp.o
 .group         0x00000000        0x8 LidarLiteI2C.cpp.o
 .group         0x00000000        0x8 LidarLiteI2C.cpp.o
 .group         0x00000000        0x8 LidarLiteI2C.cpp.o
 .group         0x00000000        0x8 LidarLiteI2C.cpp.o
 .group         0x00000000        0x8 LidarLiteI2C.cpp.o
 .group         0x00000000        0x8 LidarLiteI2C.cpp.o
 .group         0x00000000        0x8 LidarLiteI2C.cpp.o
 .group         0x00000000        0x8 LidarLiteI2C.cpp.o
 .group         0x00000000        0x8 LidarLiteI2C.cpp.o
 .group         0x00000000        0x8 LidarLiteI2C.cpp.o
 .group         0x00000000        0x8 LidarLiteI2C.cpp.o
 .group         0x00000000        0x8 LidarLiteI2C.cpp.o
 .group         0x00000000        0x8 LidarLiteI2C.cpp.o
 .group         0x00000000        0x8 LidarLiteI2C.cpp.o
 .group         0x00000000        0x8 LidarLiteI2C.cpp.o
 .group         0x00000000        0x8 LidarLiteI2C.cpp.o
 .group         0x00000000        0x8 LidarLiteI2C.cpp.o
 .group         0x00000000        0x8 LidarLiteI2C.cpp.o
 .group         0x00000000        0x8 LidarLiteI2C.cpp.o
 .group         0x00000000        0x8 LidarLiteI2C.cpp.o
 .group         0x00000000        0x8 LidarLiteI2C.cpp.o
 .group         0x00000000        0x8 LidarLiteI2C.cpp.o
 .group         0x00000000        0x8 LidarLiteI2C.cpp.o
 .group         0x00000000        0x8 LidarLiteI2C.cpp.o
 .group         0x00000000        0x8 LidarLiteI2C.cpp.o
 .group         0x00000000        0x8 LidarLiteI2C.cpp.o
 .group         0x00000000        0x8 LidarLiteI2C.cpp.o
 .group         0x00000000        0x8 LidarLiteI2C.cpp.o
 .group         0x00000000        0x8 LidarLiteI2C.cpp.o
 .group         0x00000000        0x8 LidarLiteI2C.cpp.o
 .group         0x00000000        0x8 LidarLiteI2C.cpp.o
 .group         0x00000000        0x8 LidarLiteI2C.cpp.o
 .group         0x00000000        0x8 LidarLiteI2C.cpp.o
 .group         0x00000000        0x8 LidarLiteI2C.cpp.o
 .group         0x00000000        0x8 LidarLiteI2C.cpp.o
 .group         0x00000000        0x8 LidarLiteI2C.cpp.o
 .group         0x00000000        0x8 LidarLiteI2C.cpp.o
 .group         0x00000000        0x8 LidarLiteI2C.cpp.o
 .group         0x00000000        0x8 LidarLiteI2C.cpp.o
 .group         0x00000000        0x8 LidarLiteI2C.cpp.o
 .group         0x00000000        0x8 LidarLiteI2C.cpp.o
 .group         0x00000000        0x8 LidarLiteI2C.cpp.o
 .group         0x00000000        0x8 LidarLiteI2C.cpp.o
 .group         0x00000000        0x8 LidarLiteI2C.cpp.o
 .group         0x00000000        0x8 LidarLiteI2C.cpp.o
 .group         0x00000000        0x8 LidarLiteI2C.cpp.o
 .group         0x00000000        0x8 LidarLiteI2C.cpp.o
 .group         0x00000000        0x8 LidarLiteI2C.cpp.o
 .group         0x00000000        0x8 LidarLiteI2C.cpp.o
 .group         0x00000000        0x8 LidarLiteI2C.cpp.o
 .debug_macro   0x00000000      0x95e LidarLiteI2C.cpp.o
 .debug_macro   0x00000000       0x22 LidarLiteI2C.cpp.o
 .debug_macro   0x00000000      0x8b4 LidarLiteI2C.cpp.o
 .debug_macro   0x00000000       0xc9 LidarLiteI2C.cpp.o
 .debug_macro   0x00000000       0x10 LidarLiteI2C.cpp.o
 .debug_macro   0x00000000       0x88 LidarLiteI2C.cpp.o
 .debug_macro   0x00000000      0x14e LidarLiteI2C.cpp.o
 .debug_macro   0x00000000      0x12c LidarLiteI2C.cpp.o
 .debug_macro   0x00000000       0x63 LidarLiteI2C.cpp.o
 .debug_macro   0x00000000       0x78 LidarLiteI2C.cpp.o
 .debug_macro   0x00000000       0x28 LidarLiteI2C.cpp.o
 .debug_macro   0x00000000      0x11b LidarLiteI2C.cpp.o
 .debug_macro   0x00000000       0x59 LidarLiteI2C.cpp.o
 .debug_macro   0x00000000       0x4c LidarLiteI2C.cpp.o
 .debug_macro   0x00000000      0x27f LidarLiteI2C.cpp.o
 .debug_macro   0x00000000       0x10 LidarLiteI2C.cpp.o
 .debug_macro   0x00000000      0x195 LidarLiteI2C.cpp.o
 .debug_macro   0x00000000       0x8a LidarLiteI2C.cpp.o
 .debug_macro   0x00000000       0x10 LidarLiteI2C.cpp.o
 .debug_macro   0x00000000       0x10 LidarLiteI2C.cpp.o
 .debug_macro   0x00000000      0x6cb LidarLiteI2C.cpp.o
 .debug_macro   0x00000000      0x20a LidarLiteI2C.cpp.o
 .debug_macro   0x00000000      0xf6f LidarLiteI2C.cpp.o
 .debug_macro   0x00000000      0x2ab LidarLiteI2C.cpp.o
 .debug_macro   0x00000000      0x8b5 LidarLiteI2C.cpp.o
 .debug_macro   0x00000000       0x23 LidarLiteI2C.cpp.o
 .debug_macro   0x00000000       0x39 LidarLiteI2C.cpp.o
 .debug_macro   0x00000000       0x78 LidarLiteI2C.cpp.o
 .debug_macro   0x00000000      0x14e LidarLiteI2C.cpp.o
 .debug_macro   0x00000000      0x7ca LidarLiteI2C.cpp.o
 .debug_macro   0x00000000       0xff LidarLiteI2C.cpp.o
 .debug_macro   0x00000000      0xae7 LidarLiteI2C.cpp.o
 .debug_macro   0x00000000       0x51 LidarLiteI2C.cpp.o
 .debug_macro   0x00000000      0x11a LidarLiteI2C.cpp.o
 .debug_macro   0x00000000       0x16 LidarLiteI2C.cpp.o
 .debug_macro   0x00000000       0x1d LidarLiteI2C.cpp.o
 .debug_macro   0x00000000      0x23b LidarLiteI2C.cpp.o
 .debug_macro   0x00000000      0x56a LidarLiteI2C.cpp.o
 .debug_macro   0x00000000       0x9c LidarLiteI2C.cpp.o
 .debug_macro   0x00000000      0x2bf LidarLiteI2C.cpp.o
 .debug_macro   0x00000000       0xd3 LidarLiteI2C.cpp.o
 .debug_macro   0x00000000       0x16 LidarLiteI2C.cpp.o
 .debug_macro   0x00000000       0x34 LidarLiteI2C.cpp.o
 .debug_macro   0x00000000      0xab0 LidarLiteI2C.cpp.o
 .debug_macro   0x00000000       0x17 LidarLiteI2C.cpp.o
 .debug_macro   0x00000000      0x6fa LidarLiteI2C.cpp.o
 .debug_macro   0x00000000       0x22 LidarLiteI2C.cpp.o
 .debug_macro   0x00000000      0x596 LidarLiteI2C.cpp.o
 .debug_macro   0x00000000       0x16 LidarLiteI2C.cpp.o
 .debug_macro   0x00000000      0x29b LidarLiteI2C.cpp.o
 .debug_macro   0x00000000       0x16 LidarLiteI2C.cpp.o
 .debug_macro   0x00000000     0x15a4 LidarLiteI2C.cpp.o
 .debug_macro   0x00000000       0x53 LidarLiteI2C.cpp.o
 .debug_macro   0x00000000      0x347 LidarLiteI2C.cpp.o
 .debug_macro   0x00000000       0x96 LidarLiteI2C.cpp.o
 .debug_macro   0x00000000       0x1c LidarLiteI2C.cpp.o
 .debug_macro   0x00000000       0x9a LidarLiteI2C.cpp.o
 .debug_macro   0x00000000      0x1cf LidarLiteI2C.cpp.o
 .debug_macro   0x00000000      0x16c LidarLiteI2C.cpp.o
 .debug_macro   0x00000000      0x413 LidarLiteI2C.cpp.o
 .debug_macro   0x00000000       0x5f LidarLiteI2C.cpp.o
 .debug_macro   0x00000000       0x1d LidarLiteI2C.cpp.o
 .debug_macro   0x00000000       0xdf LidarLiteI2C.cpp.o
 .debug_macro   0x00000000       0x16 LidarLiteI2C.cpp.o
 .debug_macro   0x00000000      0x13f LidarLiteI2C.cpp.o
 .debug_macro   0x00000000       0x16 LidarLiteI2C.cpp.o
 .debug_macro   0x00000000       0x1c LidarLiteI2C.cpp.o
 .debug_macro   0x00000000      0xdb4 LidarLiteI2C.cpp.o
 .debug_macro   0x00000000       0x16 LidarLiteI2C.cpp.o
 .debug_macro   0x00000000      0x21b LidarLiteI2C.cpp.o
 .debug_macro   0x00000000      0x2b6 LidarLiteI2C.cpp.o
 .debug_macro   0x00000000       0x28 LidarLiteI2C.cpp.o
 .debug_macro   0x00000000       0x12 LidarLiteI2C.cpp.o
 .debug_macro   0x00000000       0x22 LidarLiteI2C.cpp.o
 .debug_macro   0x00000000       0x44 LidarLiteI2C.cpp.o
 .debug_macro   0x00000000      0x2a4 LidarLiteI2C.cpp.o
 .debug_macro   0x00000000       0x58 LidarLiteI2C.cpp.o
 .debug_macro   0x00000000       0x4c LidarLiteI2C.cpp.o
 .debug_macro   0x00000000       0x49 LidarLiteI2C.cpp.o
 .debug_macro   0x00000000      0x106 LidarLiteI2C.cpp.o
 .debug_macro   0x00000000       0x28 LidarLiteI2C.cpp.o
 .debug_macro   0x00000000       0xd1 LidarLiteI2C.cpp.o
 .debug_macro   0x00000000       0x98 LidarLiteI2C.cpp.o
 .debug_macro   0x00000000       0x16 LidarLiteI2C.cpp.o
 .debug_macro   0x00000000       0xb4 LidarLiteI2C.cpp.o
 .debug_macro   0x00000000       0x41 LidarLiteI2C.cpp.o
 .debug_macro   0x00000000       0x4d LidarLiteI2C.cpp.o
 .debug_macro   0x00000000       0xd6 LidarLiteI2C.cpp.o
 .debug_macro   0x00000000       0x58 LidarLiteI2C.cpp.o
 .debug_macro   0x00000000       0x2e LidarLiteI2C.cpp.o
 .debug_macro   0x00000000       0x9c LidarLiteI2C.cpp.o
 .debug_macro   0x00000000      0x281 LidarLiteI2C.cpp.o
 .debug_macro   0x00000000       0x22 LidarLiteI2C.cpp.o
 .debug_macro   0x00000000       0x29 LidarLiteI2C.cpp.o
 .debug_macro   0x00000000       0x31 LidarLiteI2C.cpp.o
 .debug_macro   0x00000000      0x167 LidarLiteI2C.cpp.o
 .debug_macro   0x00000000       0x16 LidarLiteI2C.cpp.o
 .debug_macro   0x00000000       0x5a LidarLiteI2C.cpp.o
 .debug_macro   0x00000000      0x14d LidarLiteI2C.cpp.o
 .debug_macro   0x00000000       0x59 LidarLiteI2C.cpp.o
 .debug_macro   0x00000000       0x70 LidarLiteI2C.cpp.o
 .debug_macro   0x00000000      0x6c1 LidarLiteI2C.cpp.o
 .debug_macro   0x00000000       0x10 LidarLiteI2C.cpp.o
 .debug_macro   0x00000000       0x1c LidarLiteI2C.cpp.o
 .debug_macro   0x00000000       0x46 LidarLiteI2C.cpp.o
 .debug_macro   0x00000000       0x22 LidarLiteI2C.cpp.o
 .debug_macro   0x00000000       0xba LidarLiteI2C.cpp.o
 .debug_macro   0x00000000       0x2e LidarLiteI2C.cpp.o
 .debug_macro   0x00000000       0x1c LidarLiteI2C.cpp.o
 .debug_macro   0x00000000       0x4d LidarLiteI2C.cpp.o
 .debug_macro   0x00000000       0xc1 LidarLiteI2C.cpp.o
 .debug_macro   0x00000000       0x16 LidarLiteI2C.cpp.o
 .debug_macro   0x00000000       0x19 LidarLiteI2C.cpp.o
 .debug_macro   0x00000000       0x52 LidarLiteI2C.cpp.o
 .debug_macro   0x00000000       0x28 LidarLiteI2C.cpp.o
 .group         0x00000000        0x8 LidarLitePWM.cpp.o
 .group         0x00000000        0x8 LidarLitePWM.cpp.o
 .group         0x00000000        0x8 LidarLitePWM.cpp.o
 .group         0x00000000        0x8 LidarLitePWM.cpp.o
 .group         0x00000000        0x8 LidarLitePWM.cpp.o
 .group         0x00000000        0x8 LidarLitePWM.cpp.o
 .group         0x00000000        0x8 LidarLitePWM.cpp.o
 .group         0x00000000        0x8 LidarLitePWM.cpp.o
 .group         0x00000000        0x8 LidarLitePWM.cpp.o
 .group         0x00000000        0x8 LidarLitePWM.cpp.o
 .group         0x00000000        0x8 LidarLitePWM.cpp.o
 .group         0x00000000        0x8 LidarLitePWM.cpp.o
 .group         0x00000000        0x8 LidarLitePWM.cpp.o
 .group         0x00000000        0x8 LidarLitePWM.cpp.o
 .group         0x00000000        0x8 LidarLitePWM.cpp.o
 .group         0x00000000        0x8 LidarLitePWM.cpp.o
 .group         0x00000000        0x8 LidarLitePWM.cpp.o
 .group         0x00000000        0x8 LidarLitePWM.cpp.o
 .group         0x00000000        0x8 LidarLitePWM.cpp.o
 .group         0x00000000        0x8 LidarLitePWM.cpp.o
 .group         0x00000000        0x8 LidarLitePWM.cpp.o
 .group         0x00000000        0x8 LidarLitePWM.cpp.o
 .group         0x00000000        0x8 LidarLitePWM.cpp.o
 .group         0x00000000        0x8 LidarLitePWM.cpp.o
 .group         0x00000000        0x8 LidarLitePWM.cpp.o
 .group         0x00000000        0x8 LidarLitePWM.cpp.o
 .group         0x00000000        0x8 LidarLitePWM.cpp.o
 .group         0x00000000        0x8 LidarLitePWM.cpp.o
 .group         0x00000000        0x8 LidarLitePWM.cpp.o
 .group         0x00000000        0x8 LidarLitePWM.cpp.o
 .group         0x00000000        0x8 LidarLitePWM.cpp.o
 .group         0x00000000        0x8 LidarLitePWM.cpp.o
 .group         0x00000000        0x8 LidarLitePWM.cpp.o
 .group         0x00000000        0x8 LidarLitePWM.cpp.o
 .group         0x00000000        0x8 LidarLitePWM.cpp.o
 .group         0x00000000        0x8 LidarLitePWM.cpp.o
 .group         0x00000000        0x8 LidarLitePWM.cpp.o
 .group         0x00000000        0x8 LidarLitePWM.cpp.o
 .group         0x00000000        0x8 LidarLitePWM.cpp.o
 .group         0x00000000        0x8 LidarLitePWM.cpp.o
 .group         0x00000000        0x8 LidarLitePWM.cpp.o
 .group         0x00000000        0x8 LidarLitePWM.cpp.o
 .group         0x00000000        0x8 LidarLitePWM.cpp.o
 .group         0x00000000        0x8 LidarLitePWM.cpp.o
 .group         0x00000000        0x8 LidarLitePWM.cpp.o
 .group         0x00000000        0x8 LidarLitePWM.cpp.o
 .group         0x00000000        0x8 LidarLitePWM.cpp.o
 .group         0x00000000        0x8 LidarLitePWM.cpp.o
 .group         0x00000000        0x8 LidarLitePWM.cpp.o
 .group         0x00000000        0x8 LidarLitePWM.cpp.o
 .group         0x00000000        0x8 LidarLitePWM.cpp.o
 .group         0x00000000        0x8 LidarLitePWM.cpp.o
 .group         0x00000000        0x8 LidarLitePWM.cpp.o
 .group         0x00000000        0x8 LidarLitePWM.cpp.o
 .group         0x00000000        0x8 LidarLitePWM.cpp.o
 .group         0x00000000        0x8 LidarLitePWM.cpp.o
 .group         0x00000000        0x8 LidarLitePWM.cpp.o
 .group         0x00000000        0x8 LidarLitePWM.cpp.o
 .group         0x00000000        0x8 LidarLitePWM.cpp.o
 .group         0x00000000        0x8 LidarLitePWM.cpp.o
 .group         0x00000000        0x8 LidarLitePWM.cpp.o
 .group         0x00000000        0x8 LidarLitePWM.cpp.o
 .group         0x00000000        0x8 LidarLitePWM.cpp.o
 .group         0x00000000        0x8 LidarLitePWM.cpp.o
 .group         0x00000000        0x8 LidarLitePWM.cpp.o
 .group         0x00000000        0x8 LidarLitePWM.cpp.o
 .group         0x00000000        0x8 LidarLitePWM.cpp.o
 .group         0x00000000        0x8 LidarLitePWM.cpp.o
 .group         0x00000000        0x8 LidarLitePWM.cpp.o
 .group         0x00000000        0x8 LidarLitePWM.cpp.o
 .group         0x00000000        0x8 LidarLitePWM.cpp.o
 .group         0x00000000        0x8 LidarLitePWM.cpp.o
 .group         0x00000000        0x8 LidarLitePWM.cpp.o
 .group         0x00000000        0x8 LidarLitePWM.cpp.o
 .group         0x00000000        0x8 LidarLitePWM.cpp.o
 .group         0x00000000        0x8 LidarLitePWM.cpp.o
 .group         0x00000000        0x8 LidarLitePWM.cpp.o
 .group         0x00000000        0x8 LidarLitePWM.cpp.o
 .group         0x00000000        0x8 LidarLitePWM.cpp.o
 .group         0x00000000        0x8 LidarLitePWM.cpp.o
 .group         0x00000000        0x8 LidarLitePWM.cpp.o
 .group         0x00000000        0x8 LidarLitePWM.cpp.o
 .group         0x00000000        0x8 LidarLitePWM.cpp.o
 .group         0x00000000        0x8 LidarLitePWM.cpp.o
 .group         0x00000000        0x8 LidarLitePWM.cpp.o
 .group         0x00000000        0x8 LidarLitePWM.cpp.o
 .group         0x00000000        0x8 LidarLitePWM.cpp.o
 .group         0x00000000        0x8 LidarLitePWM.cpp.o
 .group         0x00000000        0x8 LidarLitePWM.cpp.o
 .group         0x00000000        0x8 LidarLitePWM.cpp.o
 .group         0x00000000        0x8 LidarLitePWM.cpp.o
 .group         0x00000000        0x8 LidarLitePWM.cpp.o
 .group         0x00000000        0x8 LidarLitePWM.cpp.o
 .group         0x00000000        0x8 LidarLitePWM.cpp.o
 .group         0x00000000        0x8 LidarLitePWM.cpp.o
 .group         0x00000000        0x8 LidarLitePWM.cpp.o
 .group         0x00000000        0x8 LidarLitePWM.cpp.o
 .group         0x00000000        0x8 LidarLitePWM.cpp.o
 .group         0x00000000        0x8 LidarLitePWM.cpp.o
 .group         0x00000000        0x8 LidarLitePWM.cpp.o
 .group         0x00000000        0x8 LidarLitePWM.cpp.o
 .group         0x00000000        0x8 LidarLitePWM.cpp.o
 .group         0x00000000        0x8 LidarLitePWM.cpp.o
 .group         0x00000000        0x8 LidarLitePWM.cpp.o
 .group         0x00000000        0x8 LidarLitePWM.cpp.o
 .group         0x00000000        0x8 LidarLitePWM.cpp.o
 .group         0x00000000        0x8 LidarLitePWM.cpp.o
 .group         0x00000000        0x8 LidarLitePWM.cpp.o
 .group         0x00000000        0x8 LidarLitePWM.cpp.o
 .group         0x00000000        0x8 LidarLitePWM.cpp.o
 .group         0x00000000        0x8 LidarLitePWM.cpp.o
 .group         0x00000000        0x8 LidarLitePWM.cpp.o
 .group         0x00000000        0x8 LidarLitePWM.cpp.o
 .debug_macro   0x00000000      0x95e LidarLitePWM.cpp.o
 .debug_macro   0x00000000       0x22 LidarLitePWM.cpp.o
 .debug_macro   0x00000000      0x8b4 LidarLitePWM.cpp.o
 .debug_macro   0x00000000       0xc9 LidarLitePWM.cpp.o
 .debug_macro   0x00000000       0x10 LidarLitePWM.cpp.o
 .debug_macro   0x00000000       0x88 LidarLitePWM.cpp.o
 .debug_macro   0x00000000      0x14e LidarLitePWM.cpp.o
 .debug_macro   0x00000000      0x12c LidarLitePWM.cpp.o
 .debug_macro   0x00000000       0x63 LidarLitePWM.cpp.o
 .debug_macro   0x00000000       0x78 LidarLitePWM.cpp.o
 .debug_macro   0x00000000       0x28 LidarLitePWM.cpp.o
 .debug_macro   0x00000000      0x11b LidarLitePWM.cpp.o
 .debug_macro   0x00000000       0x59 LidarLitePWM.cpp.o
 .debug_macro   0x00000000       0x4c LidarLitePWM.cpp.o
 .debug_macro   0x00000000      0x27f LidarLitePWM.cpp.o
 .debug_macro   0x00000000       0x10 LidarLitePWM.cpp.o
 .debug_macro   0x00000000      0x195 LidarLitePWM.cpp.o
 .debug_macro   0x00000000       0x8a LidarLitePWM.cpp.o
 .debug_macro   0x00000000       0x10 LidarLitePWM.cpp.o
 .debug_macro   0x00000000       0x10 LidarLitePWM.cpp.o
 .debug_macro   0x00000000      0x6cb LidarLitePWM.cpp.o
 .debug_macro   0x00000000      0x20a LidarLitePWM.cpp.o
 .debug_macro   0x00000000      0xf6f LidarLitePWM.cpp.o
 .debug_macro   0x00000000      0x2ab LidarLitePWM.cpp.o
 .debug_macro   0x00000000      0x8b5 LidarLitePWM.cpp.o
 .debug_macro   0x00000000       0x23 LidarLitePWM.cpp.o
 .debug_macro   0x00000000       0x39 LidarLitePWM.cpp.o
 .debug_macro   0x00000000       0x78 LidarLitePWM.cpp.o
 .debug_macro   0x00000000      0x14e LidarLitePWM.cpp.o
 .debug_macro   0x00000000      0x7ca LidarLitePWM.cpp.o
 .debug_macro   0x00000000       0xff LidarLitePWM.cpp.o
 .debug_macro   0x00000000      0xae7 LidarLitePWM.cpp.o
 .debug_macro   0x00000000       0x51 LidarLitePWM.cpp.o
 .debug_macro   0x00000000      0x11a LidarLitePWM.cpp.o
 .debug_macro   0x00000000       0x16 LidarLitePWM.cpp.o
 .debug_macro   0x00000000       0x1d LidarLitePWM.cpp.o
 .debug_macro   0x00000000      0x23b LidarLitePWM.cpp.o
 .debug_macro   0x00000000      0x56a LidarLitePWM.cpp.o
 .debug_macro   0x00000000       0x9c LidarLitePWM.cpp.o
 .debug_macro   0x00000000      0x2bf LidarLitePWM.cpp.o
 .debug_macro   0x00000000       0xd3 LidarLitePWM.cpp.o
 .debug_macro   0x00000000       0x16 LidarLitePWM.cpp.o
 .debug_macro   0x00000000       0x34 LidarLitePWM.cpp.o
 .debug_macro   0x00000000      0xab0 LidarLitePWM.cpp.o
 .debug_macro   0x00000000       0x17 LidarLitePWM.cpp.o
 .debug_macro   0x00000000      0x6fa LidarLitePWM.cpp.o
 .debug_macro   0x00000000       0x22 LidarLitePWM.cpp.o
 .debug_macro   0x00000000      0x596 LidarLitePWM.cpp.o
 .debug_macro   0x00000000       0x16 LidarLitePWM.cpp.o
 .debug_macro   0x00000000      0x29b LidarLitePWM.cpp.o
 .debug_macro   0x00000000       0x16 LidarLitePWM.cpp.o
 .debug_macro   0x00000000     0x15a4 LidarLitePWM.cpp.o
 .debug_macro   0x00000000       0x53 LidarLitePWM.cpp.o
 .debug_macro   0x00000000      0x347 LidarLitePWM.cpp.o
 .debug_macro   0x00000000       0x96 LidarLitePWM.cpp.o
 .debug_macro   0x00000000       0x1c LidarLitePWM.cpp.o
 .debug_macro   0x00000000       0x9a LidarLitePWM.cpp.o
 .debug_macro   0x00000000      0x1cf LidarLitePWM.cpp.o
 .debug_macro   0x00000000      0x16c LidarLitePWM.cpp.o
 .debug_macro   0x00000000      0x413 LidarLitePWM.cpp.o
 .debug_macro   0x00000000       0x5f LidarLitePWM.cpp.o
 .debug_macro   0x00000000       0x1d LidarLitePWM.cpp.o
 .debug_macro   0x00000000       0xdf LidarLitePWM.cpp.o
 .debug_macro   0x00000000       0x16 LidarLitePWM.cpp.o
 .debug_macro   0x00000000      0x13f LidarLitePWM.cpp.o
 .debug_macro   0x00000000       0x16 LidarLitePWM.cpp.o
 .debug_macro   0x00000000       0x1c LidarLitePWM.cpp.o
 .debug_macro   0x00000000      0xdb4 LidarLitePWM.cpp.o
 .debug_macro   0x00000000       0x16 LidarLitePWM.cpp.o
 .debug_macro   0x00000000      0x21b LidarLitePWM.cpp.o
 .debug_macro   0x00000000      0x2b6 LidarLitePWM.cpp.o
 .debug_macro   0x00000000       0x28 LidarLitePWM.cpp.o
 .debug_macro   0x00000000       0x12 LidarLitePWM.cpp.o
 .debug_macro   0x00000000       0x22 LidarLitePWM.cpp.o
 .debug_macro   0x00000000       0x44 LidarLitePWM.cpp.o
 .debug_macro   0x00000000      0x2a4 LidarLitePWM.cpp.o
 .debug_macro   0x00000000       0x58 LidarLitePWM.cpp.o
 .debug_macro   0x00000000       0x4c LidarLitePWM.cpp.o
 .debug_macro   0x00000000       0x49 LidarLitePWM.cpp.o
 .debug_macro   0x00000000      0x106 LidarLitePWM.cpp.o
 .debug_macro   0x00000000       0x28 LidarLitePWM.cpp.o
 .debug_macro   0x00000000       0xd1 LidarLitePWM.cpp.o
 .debug_macro   0x00000000       0x98 LidarLitePWM.cpp.o
 .debug_macro   0x00000000       0x16 LidarLitePWM.cpp.o
 .debug_macro   0x00000000       0xb4 LidarLitePWM.cpp.o
 .debug_macro   0x00000000       0x41 LidarLitePWM.cpp.o
 .debug_macro   0x00000000       0x4d LidarLitePWM.cpp.o
 .debug_macro   0x00000000       0xd6 LidarLitePWM.cpp.o
 .debug_macro   0x00000000       0x58 LidarLitePWM.cpp.o
 .debug_macro   0x00000000       0x2e LidarLitePWM.cpp.o
 .debug_macro   0x00000000       0x9c LidarLitePWM.cpp.o
 .debug_macro   0x00000000      0x281 LidarLitePWM.cpp.o
 .debug_macro   0x00000000       0x22 LidarLitePWM.cpp.o
 .debug_macro   0x00000000       0x29 LidarLitePWM.cpp.o
 .debug_macro   0x00000000       0x31 LidarLitePWM.cpp.o
 .debug_macro   0x00000000      0x167 LidarLitePWM.cpp.o
 .debug_macro   0x00000000       0x16 LidarLitePWM.cpp.o
 .debug_macro   0x00000000       0x5a LidarLitePWM.cpp.o
 .debug_macro   0x00000000      0x14d LidarLitePWM.cpp.o
 .debug_macro   0x00000000       0x59 LidarLitePWM.cpp.o
 .debug_macro   0x00000000       0x70 LidarLitePWM.cpp.o
 .debug_macro   0x00000000      0x6c1 LidarLitePWM.cpp.o
 .debug_macro   0x00000000       0x10 LidarLitePWM.cpp.o
 .debug_macro   0x00000000       0x1c LidarLitePWM.cpp.o
 .debug_macro   0x00000000       0x46 LidarLitePWM.cpp.o
 .debug_macro   0x00000000       0x22 LidarLitePWM.cpp.o
 .debug_macro   0x00000000       0xba LidarLitePWM.cpp.o
 .debug_macro   0x00000000       0x2e LidarLitePWM.cpp.o
 .debug_macro   0x00000000       0x1c LidarLitePWM.cpp.o
 .debug_macro   0x00000000       0x4d LidarLitePWM.cpp.o
 .debug_macro   0x00000000       0xc1 LidarLitePWM.cpp.o
 .debug_macro   0x00000000       0x28 LidarLitePWM.cpp.o
 .debug_macro   0x00000000       0x10 LidarLitePWM.cpp.o

Memory Configuration

Name             Origin             Length             Attributes
*default*        0x00000000         0xffffffff

Linker script and memory map

LOAD ll40ls.cpp.o
LOAD LidarLite.cpp.o
LOAD LidarLiteI2C.cpp.o
LOAD LidarLitePWM.cpp.o

.interp
 *(.interp)

.note.gnu.build-id
 *(.note.gnu.build-id)

.hash
 *(.hash)

.gnu.hash
 *(.gnu.hash)

.dynsym
 *(.dynsym)

.dynstr
 *(.dynstr)

.gnu.version
 *(.gnu.version)

.gnu.version_d
 *(.gnu.version_d)

.gnu.version_r
 *(.gnu.version_r)

.rel.init
 *(.rel.init)

.rela.init
 *(.rela.init)

.rel.text
 *(.rel.text)

.rela.text
 *(.rela.text)

.rel.fini
 *(.rel.fini)

.rela.fini
 *(.rela.fini)

.rel.rodata
 *(.rel.rodata)

.rela.rodata
 *(.rela.rodata)

.rel.data.rel.ro
 *(.rel.data.rel.ro)

.rela.data.rel.ro
 *(.rela.data.rel.ro)

.rel.data
 *(.rel.data)

.rela.data
 *(.rela.data)

.rel.tdata
 *(.rel.tdata)

.rela.tdata
 *(.rela.tdata)

.rel.tbss
 *(.rel.tbss)

.rela.tbss
 *(.rela.tbss)

.rel.ctors
 *(.rel.ctors)

.rela.ctors
 *(.rela.ctors)

.rel.dtors
 *(.rel.dtors)

.rela.dtors
 *(.rela.dtors)

.rel.got
 *(.rel.got)

.rela.got
 *(.rela.got)

.rel.bss
 *(.rel.bss)

.rela.bss
 *(.rela.bss)

.rel.iplt
 *(.rel.iplt)

.rela.iplt
 *(.rela.iplt)

.rel.plt
 *(.rel.plt)

.rela.plt
 *(.rela.plt)

.init
 *(SORT(.init))

.plt
 *(.plt)

.iplt
 *(.iplt)

.text           0x00000000        0x0
 *(.text .stub)
 .text          0x00000000        0x0 ll40ls.cpp.o
 .text          0x00000000        0x0 LidarLite.cpp.o
 .text          0x00000000        0x0 LidarLiteI2C.cpp.o
 .text          0x00000000        0x0 LidarLitePWM.cpp.o
 *(.gnu.warning)

.text._ZN6ll40ls7get_devEbi
                0x00000000       0x3c
 .text._ZN6ll40ls7get_devEbi
                0x00000000       0x3c ll40ls.cpp.o
                0x00000000                ll40ls::get_dev(bool, int)

.text._ZN6ll40ls5startEbi
                0x00000000      0x200
 .text._ZN6ll40ls5startEbi
                0x00000000      0x200 ll40ls.cpp.o
                0x00000000                ll40ls::start(bool, int)

.text._ZN6ll40ls4stopEbi
                0x00000000       0x40
 .text._ZN6ll40ls4stopEbi
                0x00000000       0x40 ll40ls.cpp.o
                0x00000000                ll40ls::stop(bool, int)

.text._ZN6ll40ls4testEbi
                0x00000000      0x12c
 .text._ZN6ll40ls4testEbi
                0x00000000      0x12c ll40ls.cpp.o
                0x00000000                ll40ls::test(bool, int)

.text._ZN6ll40ls5resetEbi
                0x00000000       0x70
 .text._ZN6ll40ls5resetEbi
                0x00000000       0x70 ll40ls.cpp.o
                0x00000000                ll40ls::reset(bool, int)

.text._ZN6ll40ls4infoEbi
                0x00000000       0x24
 .text._ZN6ll40ls4infoEbi
                0x00000000       0x24 ll40ls.cpp.o
                0x00000000                ll40ls::info(bool, int)

.text._ZN6ll40ls7regdumpEbi
                0x00000000       0x24
 .text._ZN6ll40ls7regdumpEbi
                0x00000000       0x24 ll40ls.cpp.o
                0x00000000                ll40ls::regdump(bool, int)

.text._ZN6ll40ls5usageEv
                0x00000000       0x30
 .text._ZN6ll40ls5usageEv
                0x00000000       0x30 ll40ls.cpp.o
                0x00000000                ll40ls::usage()

.text.ll40ls_main
                0x00000000      0x11c
 .text.ll40ls_main
                0x00000000      0x11c ll40ls.cpp.o
                0x00000000                ll40ls_main

.text._ZN9LidarLite5ioctlEP4fileim
                0x00000000       0xc4
 .text._ZN9LidarLite5ioctlEP4fileim
                0x00000000       0xc4 LidarLite.cpp.o
                0x00000000                LidarLite::ioctl(file*, int, unsigned long)

.text._ZN9LidarLiteC2Ev
                0x00000000       0x1c
 .text._ZN9LidarLiteC2Ev
                0x00000000       0x1c LidarLite.cpp.o
                0x00000000                LidarLite::LidarLite()
                0x00000000                LidarLite::LidarLite()

.text._ZN9LidarLiteD2Ev
                0x00000000        0x2
 .text._ZN9LidarLiteD2Ev
                0x00000000        0x2 LidarLite.cpp.o
                0x00000000                LidarLite::~LidarLite()
                0x00000000                LidarLite::~LidarLite()

.text._ZN9LidarLiteD0Ev
                0x00000000        0xc
 .text._ZN9LidarLiteD0Ev
                0x00000000        0xc LidarLite.cpp.o
                0x00000000                LidarLite::~LidarLite()

.text._ZN9LidarLite20set_minimum_distanceEf
                0x00000000        0x6
 .text._ZN9LidarLite20set_minimum_distanceEf
                0x00000000        0x6 LidarLite.cpp.o
                0x00000000                LidarLite::set_minimum_distance(float)

.text._ZN9LidarLite20set_maximum_distanceEf
                0x00000000        0x6
 .text._ZN9LidarLite20set_maximum_distanceEf
                0x00000000        0x6 LidarLite.cpp.o
                0x00000000                LidarLite::set_maximum_distance(float)

.text._ZNK9LidarLite20get_minimum_distanceEv
                0x00000000        0x6
 .text._ZNK9LidarLite20get_minimum_distanceEv
                0x00000000        0x6 LidarLite.cpp.o
                0x00000000                LidarLite::get_minimum_distance() const

.text._ZNK9LidarLite20get_maximum_distanceEv
                0x00000000        0x6
 .text._ZNK9LidarLite20get_maximum_distanceEv
                0x00000000        0x6 LidarLite.cpp.o
                0x00000000                LidarLite::get_maximum_distance() const

.text._ZNK9LidarLite15getMeasureTicksEv
                0x00000000        0x4
 .text._ZNK9LidarLite15getMeasureTicksEv
                0x00000000        0x4 LidarLite.cpp.o
                0x00000000                LidarLite::getMeasureTicks() const

.text._ZN12LidarLiteI2C5startEv
                0x00000000       0x2c
 .text._ZN12LidarLiteI2C5startEv
                0x00000000       0x2c LidarLiteI2C.cpp.o
                0x00000000                LidarLiteI2C::start()

.text._ZN12LidarLiteI2C4stopEv
                0x00000000        0xa
 .text._ZN12LidarLiteI2C4stopEv
                0x00000000        0xa LidarLiteI2C.cpp.o
                0x00000000                LidarLiteI2C::stop()

.text._ZN12LidarLiteI2CD2Ev
                0x00000000       0x70
 .text._ZN12LidarLiteI2CD2Ev
                0x00000000       0x70 LidarLiteI2C.cpp.o
                0x00000000                LidarLiteI2C::~LidarLiteI2C()
                0x00000000                LidarLiteI2C::~LidarLiteI2C()

.text._ZThn16_N12LidarLiteI2CD1Ev
                0x00000000        0x8
 .text._ZThn16_N12LidarLiteI2CD1Ev
                0x00000000        0x8 LidarLiteI2C.cpp.o
                0x00000000                non-virtual thunk to LidarLiteI2C::~LidarLiteI2C()

.text._ZN12LidarLiteI2CD0Ev
                0x00000000       0x12
 .text._ZN12LidarLiteI2CD0Ev
                0x00000000       0x12 LidarLiteI2C.cpp.o
                0x00000000                LidarLiteI2C::~LidarLiteI2C()

.text._ZThn16_N12LidarLiteI2CD0Ev
                0x00000000        0x8
 .text._ZThn16_N12LidarLiteI2CD0Ev
                0x00000000        0x8 LidarLiteI2C.cpp.o
                0x00000000                non-virtual thunk to LidarLiteI2C::~LidarLiteI2C()

.text._ZN12LidarLiteI2C10print_infoEv
                0x00000000       0x60
 .text._ZN12LidarLiteI2C10print_infoEv
                0x00000000       0x60 LidarLiteI2C.cpp.o
                0x00000000                LidarLiteI2C::print_info()

.text._ZN12LidarLiteI2C4readEP4filePcj
                0x00000000       0x82
 .text._ZN12LidarLiteI2C4readEP4filePcj
                0x00000000       0x82 LidarLiteI2C.cpp.o
                0x00000000                LidarLiteI2C::read(file*, char*, unsigned int)

.text._ZThn16_N12LidarLiteI2C4readEP4filePcj
                0x00000000        0x8
 .text._ZThn16_N12LidarLiteI2C4readEP4filePcj
                0x00000000        0x8 LidarLiteI2C.cpp.o
                0x00000000                non-virtual thunk to LidarLiteI2C::read(file*, char*, unsigned int)

.text._ZN12LidarLiteI2CC2EiPKci
                0x00000000      0x104
 .text._ZN12LidarLiteI2CC2EiPKci
                0x00000000      0x104 LidarLiteI2C.cpp.o
                0x00000000                LidarLiteI2C::LidarLiteI2C(int, char const*, int)
                0x00000000                LidarLiteI2C::LidarLiteI2C(int, char const*, int)

.text._ZN12LidarLiteI2C9write_regEhh
                0x00000000       0x1e
 .text._ZN12LidarLiteI2C9write_regEhh
                0x00000000       0x1e LidarLiteI2C.cpp.o
                0x00000000                LidarLiteI2C::write_reg(unsigned char, unsigned char)

.text._ZN12LidarLiteI2C7measureEv
                0x00000000       0x80
 .text._ZN12LidarLiteI2C7measureEv
                0x00000000       0x80 LidarLiteI2C.cpp.o
                0x00000000                LidarLiteI2C::measure()

.text._ZN12LidarLiteI2C14lidar_transferEPKhjPhj
                0x00000000       0x44
 .text._ZN12LidarLiteI2C14lidar_transferEPKhjPhj
                0x00000000       0x44 LidarLiteI2C.cpp.o
                0x00000000                LidarLiteI2C::lidar_transfer(unsigned char const*, unsigned int, unsigned char*, unsigned int)

.text._ZN12LidarLiteI2C8read_regEhRh
                0x00000000       0x18
 .text._ZN12LidarLiteI2C8read_regEhRh
                0x00000000       0x18 LidarLiteI2C.cpp.o
                0x00000000                LidarLiteI2C::read_reg(unsigned char, unsigned char&)

.text._ZN12LidarLiteI2C5probeEv
                0x00000000       0x74
 .text._ZN12LidarLiteI2C5probeEv
                0x00000000       0x74 LidarLiteI2C.cpp.o
                0x00000000                LidarLiteI2C::probe()

.text._ZThn16_N12LidarLiteI2C5probeEv
                0x00000000        0x8
 .text._ZThn16_N12LidarLiteI2C5probeEv
                0x00000000        0x8 LidarLiteI2C.cpp.o
                0x00000000                non-virtual thunk to LidarLiteI2C::probe()

.text._ZN12LidarLiteI2C12reset_sensorEv
                0x00000000       0x90
 .text._ZN12LidarLiteI2C12reset_sensorEv
                0x00000000       0x90 LidarLiteI2C.cpp.o
                0x00000000                LidarLiteI2C::reset_sensor()

.text._ZN12LidarLiteI2C15print_registersEv
                0x00000000       0x78
 .text._ZN12LidarLiteI2C15print_registersEv
                0x00000000       0x78 LidarLiteI2C.cpp.o
                0x00000000                LidarLiteI2C::print_registers()

.text._ZN12LidarLiteI2C7collectEv
                0x00000000      0x1a8
 .text._ZN12LidarLiteI2C7collectEv
                0x00000000      0x1a8 LidarLiteI2C.cpp.o
                0x00000000                LidarLiteI2C::collect()

.text._ZN12LidarLiteI2C5cycleEv
                0x00000000       0xac
 .text._ZN12LidarLiteI2C5cycleEv
                0x00000000       0xac LidarLiteI2C.cpp.o
                0x00000000                LidarLiteI2C::cycle()

.text._ZN12LidarLiteI2C16cycle_trampolineEPv
                0x00000000        0x4
 .text._ZN12LidarLiteI2C16cycle_trampolineEPv
                0x00000000        0x4 LidarLiteI2C.cpp.o
                0x00000000                LidarLiteI2C::cycle_trampoline(void*)

.text._ZN12LidarLiteI2C4initEv
                0x00000000       0x8c
 .text._ZN12LidarLiteI2C4initEv
                0x00000000       0x8c LidarLiteI2C.cpp.o
                0x00000000                LidarLiteI2C::init()

.text._ZThn16_N12LidarLiteI2C4initEv
                0x00000000        0x8
 .text._ZThn16_N12LidarLiteI2C4initEv
                0x00000000        0x8 LidarLiteI2C.cpp.o
                0x00000000                non-virtual thunk to LidarLiteI2C::init()

.text._ZN12LidarLiteI2C5ioctlEP4fileim
                0x00000000       0x80
 .text._ZN12LidarLiteI2C5ioctlEP4fileim
                0x00000000       0x80 LidarLiteI2C.cpp.o
                0x00000000                LidarLiteI2C::ioctl(file*, int, unsigned long)

.text._ZThn16_N12LidarLiteI2C5ioctlEP4fileim
                0x00000000        0x8
 .text._ZThn16_N12LidarLiteI2C5ioctlEP4fileim
                0x00000000        0x8 LidarLiteI2C.cpp.o
                0x00000000                non-virtual thunk to LidarLiteI2C::ioctl(file*, int, unsigned long)

.text._ZN12LidarLitePWM15print_registersEv
                0x00000000        0xc
 .text._ZN12LidarLitePWM15print_registersEv
                0x00000000        0xc LidarLitePWM.cpp.o
                0x00000000                LidarLitePWM::print_registers()

.text._ZN12LidarLitePWM10print_infoEv
                0x00000000       0x50
 .text._ZN12LidarLitePWM10print_infoEv
                0x00000000       0x50 LidarLitePWM.cpp.o
                0x00000000                LidarLitePWM::print_info()

.text._ZN12LidarLitePWM5startEv
                0x00000000       0x20
 .text._ZN12LidarLitePWM5startEv
                0x00000000       0x20 LidarLitePWM.cpp.o
                0x00000000                LidarLitePWM::start()

.text._ZN12LidarLitePWM4stopEv
                0x00000000        0xa
 .text._ZN12LidarLitePWM4stopEv
                0x00000000        0xa LidarLitePWM.cpp.o
                0x00000000                LidarLitePWM::stop()

.text._ZN12LidarLitePWMD2Ev
                0x00000000       0x60
 .text._ZN12LidarLitePWMD2Ev
                0x00000000       0x60 LidarLitePWM.cpp.o
                0x00000000                LidarLitePWM::~LidarLitePWM()
                0x00000000                LidarLitePWM::~LidarLitePWM()

.text._ZThn16_N12LidarLitePWMD1Ev
                0x00000000        0x8
 .text._ZThn16_N12LidarLitePWMD1Ev
                0x00000000        0x8 LidarLitePWM.cpp.o
                0x00000000                non-virtual thunk to LidarLitePWM::~LidarLitePWM()

.text._ZN12LidarLitePWMD0Ev
                0x00000000       0x12
 .text._ZN12LidarLitePWMD0Ev
                0x00000000       0x12 LidarLitePWM.cpp.o
                0x00000000                LidarLitePWM::~LidarLitePWM()

.text._ZThn16_N12LidarLitePWMD0Ev
                0x00000000        0x8
 .text._ZThn16_N12LidarLitePWMD0Ev
                0x00000000        0x8 LidarLitePWM.cpp.o
                0x00000000                non-virtual thunk to LidarLitePWM::~LidarLitePWM()

.text._ZN12LidarLitePWM7measureEv
                0x00000000       0xf0
 .text._ZN12LidarLitePWM7measureEv
                0x00000000       0xf0 LidarLitePWM.cpp.o
                0x00000000                LidarLitePWM::measure()

.text._ZN12LidarLitePWM7collectEv
                0x00000000       0x38
 .text._ZN12LidarLitePWM7collectEv
                0x00000000       0x38 LidarLitePWM.cpp.o
                0x00000000                LidarLitePWM::collect()

.text._ZN12LidarLitePWM12reset_sensorEv
                0x00000000       0x2c
 .text._ZN12LidarLitePWM12reset_sensorEv
                0x00000000       0x2c LidarLitePWM.cpp.o
                0x00000000                LidarLitePWM::reset_sensor()

.text._ZN12LidarLitePWM4readEP4filePcj
                0x00000000       0x62
 .text._ZN12LidarLitePWM4readEP4filePcj
                0x00000000       0x62 LidarLitePWM.cpp.o
                0x00000000                LidarLitePWM::read(file*, char*, unsigned int)

.text._ZThn16_N12LidarLitePWM4readEP4filePcj
                0x00000000        0x8
 .text._ZThn16_N12LidarLitePWM4readEP4filePcj
                0x00000000        0x8 LidarLitePWM.cpp.o
                0x00000000                non-virtual thunk to LidarLitePWM::read(file*, char*, unsigned int)

.text._ZN12LidarLitePWMC2EPKc
                0x00000000       0xb0
 .text._ZN12LidarLitePWMC2EPKc
                0x00000000       0xb0 LidarLitePWM.cpp.o
                0x00000000                LidarLitePWM::LidarLitePWM(char const*)
                0x00000000                LidarLitePWM::LidarLitePWM(char const*)

.text._ZN12LidarLitePWM5cycleEv
                0x00000000       0x28
 .text._ZN12LidarLitePWM5cycleEv
                0x00000000       0x28 LidarLitePWM.cpp.o
                0x00000000                LidarLitePWM::cycle()

.text._ZN12LidarLitePWM16cycle_trampolineEPv
                0x00000000        0x4
 .text._ZN12LidarLitePWM16cycle_trampolineEPv
                0x00000000        0x4 LidarLitePWM.cpp.o
                0x00000000                LidarLitePWM::cycle_trampoline(void*)

.text._ZN12LidarLitePWM4initEv
                0x00000000       0x88
 .text._ZN12LidarLitePWM4initEv
                0x00000000       0x88 LidarLitePWM.cpp.o
                0x00000000                LidarLitePWM::init()

.text._ZThn16_N12LidarLitePWM4initEv
                0x00000000        0x8
 .text._ZThn16_N12LidarLitePWM4initEv
                0x00000000        0x8 LidarLitePWM.cpp.o
                0x00000000                non-virtual thunk to LidarLitePWM::init()

.text._ZN12LidarLitePWM5ioctlEP4fileim
                0x00000000        0x4
 .text._ZN12LidarLitePWM5ioctlEP4fileim
                0x00000000        0x4 LidarLitePWM.cpp.o
                0x00000000                LidarLitePWM::ioctl(file*, int, unsigned long)

.text._ZThn16_N12LidarLitePWM5ioctlEP4fileim
                0x00000000        0x8
 .text._ZThn16_N12LidarLitePWM5ioctlEP4fileim
                0x00000000        0x8 LidarLitePWM.cpp.o
                0x00000000                non-virtual thunk to LidarLitePWM::ioctl(file*, int, unsigned long)

.fini
 *(SORT(.fini))

.rodata
 *(.rodata)

.rodata.str1.1  0x00000000      0x65b
 .rodata.str1.1
                0x00000000      0x370 ll40ls.cpp.o
 .rodata.str1.1
                0x00000370      0x1cc LidarLiteI2C.cpp.o
 .rodata.str1.1
                0x0000053c      0x11f LidarLitePWM.cpp.o

.rodata._ZTV9LidarLite
                0x00000000       0x34
 .rodata._ZTV9LidarLite
                0x00000000       0x34 LidarLite.cpp.o
                0x00000000                vtable for LidarLite

.rodata._ZTV12LidarLiteI2C
                0x00000000       0x9c
 .rodata._ZTV12LidarLiteI2C
                0x00000000       0x9c LidarLiteI2C.cpp.o
                0x00000000                vtable for LidarLiteI2C

.rodata._ZL11settings_v1
                0x00000000        0x2
 .rodata._ZL11settings_v1
                0x00000000        0x2 LidarLiteI2C.cpp.o

.rodata._ZL11settings_v2
                0x00000000        0x6
 .rodata._ZL11settings_v2
                0x00000000        0x6 LidarLiteI2C.cpp.o

.rodata._ZTV12LidarLitePWM
                0x00000000       0x94
 .rodata._ZTV12LidarLitePWM
                0x00000000       0x94 LidarLitePWM.cpp.o
                0x00000000                vtable for LidarLitePWM

.rodata1
 *(.rodata1)

.ARM.extab
 *(.ARM.extab)

.ARM.exidx
 *(.ARM.exidx)

.eh_frame_hdr
 *(.eh_frame_hdr)

.eh_frame
 *(.eh_frame)

.gcc_except_table
 *(.gcc_except_table .gcc_except_table.*)

.exception_ranges
 *(.exception_ranges .exception_ranges*)

.eh_frame
 *(.eh_frame)

.gcc_except_table
 *(.gcc_except_table .gcc_except_table.*)

.exception_ranges
 *(.exception_ranges .exception_ranges*)

.tdata
 *(.tdata)

.tbss
 *(.tbss)

.preinit_array
 *(.preinit_array)

.jcr
 *(.jcr)

.dynamic
 *(.dynamic)

.got
 *(.got.plt)
 *(.igot.plt)
 *(.got)
 *(.igot)

.data           0x00000000        0x0
 *(.data)
 .data          0x00000000        0x0 ll40ls.cpp.o
 .data          0x00000000        0x0 LidarLite.cpp.o
 .data          0x00000000        0x0 LidarLiteI2C.cpp.o
 .data          0x00000000        0x0 LidarLitePWM.cpp.o

.data1
 *(.data1)

.bss            0x00000000        0x0
 *(.dynbss)
 *(.bss)
 .bss           0x00000000        0x0 ll40ls.cpp.o
 .bss           0x00000000        0x0 LidarLite.cpp.o
 .bss           0x00000000        0x0 LidarLiteI2C.cpp.o
 .bss           0x00000000        0x0 LidarLitePWM.cpp.o
 *(COMMON)

.bss._ZN6ll40ls9g_dev_pwmE
                0x00000000        0x4
 .bss._ZN6ll40ls9g_dev_pwmE
                0x00000000        0x4 ll40ls.cpp.o
                0x00000000                ll40ls::g_dev_pwm

.bss._ZN6ll40ls9g_dev_extE
                0x00000000        0x4
 .bss._ZN6ll40ls9g_dev_extE
                0x00000000        0x4 ll40ls.cpp.o
                0x00000000                ll40ls::g_dev_ext

.bss._ZN6ll40ls9g_dev_intE
                0x00000000        0x4
 .bss._ZN6ll40ls9g_dev_intE
                0x00000000        0x4 ll40ls.cpp.o
                0x00000000                ll40ls::g_dev_int

.stab
 *(.stab)

.stabstr
 *(.stabstr)

.stab.excl
 *(.stab.excl)

.stab.exclstr
 *(.stab.exclstr)

.stab.index
 *(.stab.index)

.stab.indexstr
 *(.stab.indexstr)

.comment        0x00000000      0x1c4
 *(.comment)
 .comment       0x00000000       0x71 ll40ls.cpp.o
 .comment       0x00000071       0x71 LidarLite.cpp.o
 .comment       0x000000e2       0x71 LidarLiteI2C.cpp.o
 .comment       0x00000153       0x71 LidarLitePWM.cpp.o

.group          0x00000000        0x8
 .group         0x00000000        0x8 ll40ls.cpp.o

.group          0x00000000        0x8
 .group         0x00000000        0x8 ll40ls.cpp.o

.group          0x00000000        0x8
 .group         0x00000000        0x8 ll40ls.cpp.o

.group          0x00000000        0x8
 .group         0x00000000        0x8 ll40ls.cpp.o

.group          0x00000000        0x8
 .group         0x00000000        0x8 ll40ls.cpp.o

.group          0x00000000        0x8
 .group         0x00000000        0x8 ll40ls.cpp.o

.group          0x00000000        0x8
 .group         0x00000000        0x8 ll40ls.cpp.o

.group          0x00000000        0x8
 .group         0x00000000        0x8 ll40ls.cpp.o

.group          0x00000000        0x8
 .group         0x00000000        0x8 ll40ls.cpp.o

.group          0x00000000        0x8
 .group         0x00000000        0x8 ll40ls.cpp.o

.group          0x00000000        0x8
 .group         0x00000000        0x8 ll40ls.cpp.o

.group          0x00000000        0x8
 .group         0x00000000        0x8 ll40ls.cpp.o

.group          0x00000000        0x8
 .group         0x00000000        0x8 ll40ls.cpp.o

.group          0x00000000        0x8
 .group         0x00000000        0x8 ll40ls.cpp.o

.group          0x00000000        0x8
 .group         0x00000000        0x8 ll40ls.cpp.o

.group          0x00000000        0x8
 .group         0x00000000        0x8 ll40ls.cpp.o

.group          0x00000000        0x8
 .group         0x00000000        0x8 ll40ls.cpp.o

.group          0x00000000        0x8
 .group         0x00000000        0x8 ll40ls.cpp.o

.group          0x00000000        0x8
 .group         0x00000000        0x8 ll40ls.cpp.o

.group          0x00000000        0x8
 .group         0x00000000        0x8 ll40ls.cpp.o

.group          0x00000000        0x8
 .group         0x00000000        0x8 ll40ls.cpp.o

.group          0x00000000        0x8
 .group         0x00000000        0x8 ll40ls.cpp.o

.group          0x00000000        0x8
 .group         0x00000000        0x8 ll40ls.cpp.o

.group          0x00000000        0x8
 .group         0x00000000        0x8 ll40ls.cpp.o

.group          0x00000000        0x8
 .group         0x00000000        0x8 ll40ls.cpp.o

.group          0x00000000        0x8
 .group         0x00000000        0x8 ll40ls.cpp.o

.group          0x00000000        0x8
 .group         0x00000000        0x8 ll40ls.cpp.o

.group          0x00000000        0x8
 .group         0x00000000        0x8 ll40ls.cpp.o

.group          0x00000000        0x8
 .group         0x00000000        0x8 ll40ls.cpp.o

.group          0x00000000        0x8
 .group         0x00000000        0x8 ll40ls.cpp.o

.group          0x00000000        0x8
 .group         0x00000000        0x8 ll40ls.cpp.o

.group          0x00000000        0x8
 .group         0x00000000        0x8 ll40ls.cpp.o

.group          0x00000000        0x8
 .group         0x00000000        0x8 ll40ls.cpp.o

.group          0x00000000        0x8
 .group         0x00000000        0x8 ll40ls.cpp.o

.group          0x00000000        0x8
 .group         0x00000000        0x8 ll40ls.cpp.o

.group          0x00000000        0x8
 .group         0x00000000        0x8 ll40ls.cpp.o

.group          0x00000000        0x8
 .group         0x00000000        0x8 ll40ls.cpp.o

.group          0x00000000        0x8
 .group         0x00000000        0x8 ll40ls.cpp.o

.group          0x00000000        0x8
 .group         0x00000000        0x8 ll40ls.cpp.o

.group          0x00000000        0x8
 .group         0x00000000        0x8 ll40ls.cpp.o

.group          0x00000000        0x8
 .group         0x00000000        0x8 ll40ls.cpp.o

.group          0x00000000        0x8
 .group         0x00000000        0x8 ll40ls.cpp.o

.group          0x00000000        0x8
 .group         0x00000000        0x8 ll40ls.cpp.o

.group          0x00000000        0x8
 .group         0x00000000        0x8 ll40ls.cpp.o

.group          0x00000000        0x8
 .group         0x00000000        0x8 ll40ls.cpp.o

.group          0x00000000        0x8
 .group         0x00000000        0x8 ll40ls.cpp.o

.group          0x00000000        0x8
 .group         0x00000000        0x8 ll40ls.cpp.o

.group          0x00000000        0x8
 .group         0x00000000        0x8 ll40ls.cpp.o

.group          0x00000000        0x8
 .group         0x00000000        0x8 ll40ls.cpp.o

.group          0x00000000        0x8
 .group         0x00000000        0x8 ll40ls.cpp.o

.group          0x00000000        0x8
 .group         0x00000000        0x8 ll40ls.cpp.o

.group          0x00000000        0x8
 .group         0x00000000        0x8 ll40ls.cpp.o

.group          0x00000000        0x8
 .group         0x00000000        0x8 ll40ls.cpp.o

.group          0x00000000        0x8
 .group         0x00000000        0x8 ll40ls.cpp.o

.group          0x00000000        0x8
 .group         0x00000000        0x8 ll40ls.cpp.o

.group          0x00000000        0x8
 .group         0x00000000        0x8 ll40ls.cpp.o

.group          0x00000000        0x8
 .group         0x00000000        0x8 ll40ls.cpp.o

.group          0x00000000        0x8
 .group         0x00000000        0x8 ll40ls.cpp.o

.group          0x00000000        0x8
 .group         0x00000000        0x8 ll40ls.cpp.o

.group          0x00000000        0x8
 .group         0x00000000        0x8 ll40ls.cpp.o

.group          0x00000000        0x8
 .group         0x00000000        0x8 ll40ls.cpp.o

.group          0x00000000        0x8
 .group         0x00000000        0x8 ll40ls.cpp.o

.group          0x00000000        0x8
 .group         0x00000000        0x8 ll40ls.cpp.o

.group          0x00000000        0x8
 .group         0x00000000        0x8 ll40ls.cpp.o

.group          0x00000000        0x8
 .group         0x00000000        0x8 ll40ls.cpp.o

.group          0x00000000        0x8
 .group         0x00000000        0x8 ll40ls.cpp.o

.group          0x00000000        0x8
 .group         0x00000000        0x8 ll40ls.cpp.o

.group          0x00000000        0x8
 .group         0x00000000        0x8 ll40ls.cpp.o

.group          0x00000000        0x8
 .group         0x00000000        0x8 ll40ls.cpp.o

.group          0x00000000        0x8
 .group         0x00000000        0x8 ll40ls.cpp.o

.group          0x00000000        0x8
 .group         0x00000000        0x8 ll40ls.cpp.o

.group          0x00000000        0x8
 .group         0x00000000        0x8 ll40ls.cpp.o

.group          0x00000000        0x8
 .group         0x00000000        0x8 ll40ls.cpp.o

.group          0x00000000        0x8
 .group         0x00000000        0x8 ll40ls.cpp.o

.group          0x00000000        0x8
 .group         0x00000000        0x8 ll40ls.cpp.o

.group          0x00000000        0x8
 .group         0x00000000        0x8 ll40ls.cpp.o

.group          0x00000000        0x8
 .group         0x00000000        0x8 ll40ls.cpp.o

.group          0x00000000        0x8
 .group         0x00000000        0x8 ll40ls.cpp.o

.group          0x00000000        0x8
 .group         0x00000000        0x8 ll40ls.cpp.o

.group          0x00000000        0x8
 .group         0x00000000        0x8 ll40ls.cpp.o

.group          0x00000000        0x8
 .group         0x00000000        0x8 ll40ls.cpp.o

.group          0x00000000        0x8
 .group         0x00000000        0x8 ll40ls.cpp.o

.group          0x00000000        0x8
 .group         0x00000000        0x8 ll40ls.cpp.o

.group          0x00000000        0x8
 .group         0x00000000        0x8 ll40ls.cpp.o

.group          0x00000000        0x8
 .group         0x00000000        0x8 ll40ls.cpp.o

.group          0x00000000        0x8
 .group         0x00000000        0x8 ll40ls.cpp.o

.group          0x00000000        0x8
 .group         0x00000000        0x8 ll40ls.cpp.o

.group          0x00000000        0x8
 .group         0x00000000        0x8 ll40ls.cpp.o

.group          0x00000000        0x8
 .group         0x00000000        0x8 ll40ls.cpp.o

.group          0x00000000        0x8
 .group         0x00000000        0x8 ll40ls.cpp.o

.group          0x00000000        0x8
 .group         0x00000000        0x8 ll40ls.cpp.o

.group          0x00000000        0x8
 .group         0x00000000        0x8 ll40ls.cpp.o

.group          0x00000000        0x8
 .group         0x00000000        0x8 ll40ls.cpp.o

.group          0x00000000        0x8
 .group         0x00000000        0x8 ll40ls.cpp.o

.group          0x00000000        0x8
 .group         0x00000000        0x8 ll40ls.cpp.o

.group          0x00000000        0x8
 .group         0x00000000        0x8 ll40ls.cpp.o

.group          0x00000000        0x8
 .group         0x00000000        0x8 ll40ls.cpp.o

.group          0x00000000        0x8
 .group         0x00000000        0x8 ll40ls.cpp.o

.group          0x00000000        0x8
 .group         0x00000000        0x8 ll40ls.cpp.o

.group          0x00000000        0x8
 .group         0x00000000        0x8 ll40ls.cpp.o

.group          0x00000000        0x8
 .group         0x00000000        0x8 ll40ls.cpp.o

.group          0x00000000        0x8
 .group         0x00000000        0x8 ll40ls.cpp.o

.group          0x00000000        0x8
 .group         0x00000000        0x8 ll40ls.cpp.o

.group          0x00000000        0x8
 .group         0x00000000        0x8 ll40ls.cpp.o

.group          0x00000000        0x8
 .group         0x00000000        0x8 ll40ls.cpp.o

.group          0x00000000        0x8
 .group         0x00000000        0x8 ll40ls.cpp.o

.group          0x00000000        0x8
 .group         0x00000000        0x8 ll40ls.cpp.o

.group          0x00000000        0x8
 .group         0x00000000        0x8 ll40ls.cpp.o

.group          0x00000000        0x8
 .group         0x00000000        0x8 ll40ls.cpp.o

.group          0x00000000        0x8
 .group         0x00000000        0x8 ll40ls.cpp.o

.group          0x00000000        0x8
 .group         0x00000000        0x8 ll40ls.cpp.o

.group          0x00000000        0x8
 .group         0x00000000        0x8 ll40ls.cpp.o

.group          0x00000000        0x8
 .group         0x00000000        0x8 ll40ls.cpp.o

.group          0x00000000        0x8
 .group         0x00000000        0x8 ll40ls.cpp.o

.group          0x00000000        0x8
 .group         0x00000000        0x8 ll40ls.cpp.o

.group          0x00000000        0x8
 .group         0x00000000        0x8 ll40ls.cpp.o

.group          0x00000000        0x8
 .group         0x00000000        0x8 LidarLiteI2C.cpp.o

.group          0x00000000        0x8
 .group         0x00000000        0x8 LidarLitePWM.cpp.o

.debug
 *(.debug)

.line
 *(.line)

.debug_srcinfo
 *(.debug_srcinfo)

.debug_sfnames
 *(.debug_sfnames)

.debug_aranges  0x00000000      0x258
 *(.debug_aranges)
 .debug_aranges
                0x00000000       0x60 ll40ls.cpp.o
 .debug_aranges
                0x00000060       0x60 LidarLite.cpp.o
 .debug_aranges
                0x000000c0       0xe0 LidarLiteI2C.cpp.o
 .debug_aranges
                0x000001a0       0xb8 LidarLitePWM.cpp.o

.debug_pubnames
 *(.debug_pubnames)

.debug_info     0x00000000     0x8065
 *(.debug_info)
 .debug_info    0x00000000     0x1f2f ll40ls.cpp.o
 .debug_info    0x00001f2f     0x14c0 LidarLite.cpp.o
 .debug_info    0x000033ef     0x2b22 LidarLiteI2C.cpp.o
 .debug_info    0x00005f11     0x2154 LidarLitePWM.cpp.o

.debug_abbrev   0x00000000     0x141f
 *(.debug_abbrev)
 .debug_abbrev  0x00000000      0x40f ll40ls.cpp.o
 .debug_abbrev  0x0000040f      0x387 LidarLite.cpp.o
 .debug_abbrev  0x00000796      0x707 LidarLiteI2C.cpp.o
 .debug_abbrev  0x00000e9d      0x582 LidarLitePWM.cpp.o

.debug_line     0x00000000     0x67c5
 *(.debug_line .debug_line.* .debug_line_end)
 .debug_line    0x00000000     0x1a63 ll40ls.cpp.o
 .debug_line    0x00001a63     0x1809 LidarLite.cpp.o
 .debug_line    0x0000326c     0x1b85 LidarLiteI2C.cpp.o
 .debug_line    0x00004df1     0x19d4 LidarLitePWM.cpp.o

.debug_frame    0x00000000      0x66c
 *(.debug_frame)
 .debug_frame   0x00000000      0x108 ll40ls.cpp.o
 .debug_frame   0x00000108       0xb4 LidarLite.cpp.o
 .debug_frame   0x000001bc      0x2cc LidarLiteI2C.cpp.o
 .debug_frame   0x00000488      0x1e4 LidarLitePWM.cpp.o

.debug_str      0x00000000   0x12de30
 *(.debug_str)
 .debug_str     0x00000000    0x4b67f ll40ls.cpp.o
 .debug_str     0x0004b67f    0x4b18c LidarLite.cpp.o
 .debug_str     0x0009680b    0x4bd26 LidarLiteI2C.cpp.o
 .debug_str     0x000e2531    0x4b8ff LidarLitePWM.cpp.o

.debug_loc      0x00000000     0x1c30
 *(.debug_loc)
 .debug_loc     0x00000000      0x67b ll40ls.cpp.o
 .debug_loc     0x0000067b      0x35b LidarLite.cpp.o
 .debug_loc     0x000009d6      0xd0e LidarLiteI2C.cpp.o
 .debug_loc     0x000016e4      0x54c LidarLitePWM.cpp.o

.debug_macinfo
 *(.debug_macinfo)

.debug_weaknames
 *(.debug_weaknames)

.debug_funcnames
 *(.debug_funcnames)

.debug_typenames
 *(.debug_typenames)

.debug_varnames
 *(.debug_varnames)

.debug_pubtypes
 *(.debug_pubtypes)

.debug_ranges   0x00000000      0x3c8
 *(.debug_ranges)
 .debug_ranges  0x00000000       0x80 ll40ls.cpp.o
 .debug_ranges  0x00000080       0x80 LidarLite.cpp.o
 .debug_ranges  0x00000100      0x1c8 LidarLiteI2C.cpp.o
 .debug_ranges  0x000002c8      0x100 LidarLitePWM.cpp.o

.debug_macro    0x00000000     0x1c31
 *(.debug_macro)
 .debug_macro   0x00000000      0x752 ll40ls.cpp.o
 .debug_macro   0x00000752      0x6b2 LidarLite.cpp.o
 .debug_macro   0x00000e04      0x72f LidarLiteI2C.cpp.o
 .debug_macro   0x00001533      0x6fe LidarLitePWM.cpp.o

.stack
 *(.stack)

.ARM.attributes
                0x00000000       0x35
 *(.ARM.attributes)
 .ARM.attributes
                0x00000000       0x35 ll40ls.cpp.o
 .ARM.attributes
                0x00000035       0x35 LidarLite.cpp.o
 .ARM.attributes
                0x0000006a       0x35 LidarLiteI2C.cpp.o
 .ARM.attributes
                0x0000009f       0x35 LidarLitePWM.cpp.o
 *(.gnu.attributes)

.note.gnu.arm.ident
 *(.note.gnu.arm.ident)
OUTPUT(d:/github/compiletest/34/ardupilot/modules/PX4Firmware/Build/px4fmu-v2_APM.build/d/github/compiletest/34/ardupilot/modules/PX4Firmware/src/drivers/ll40ls/module.pre.o elf32-littlearm)

.debug_macro    0x00000000      0x95e
 .debug_macro   0x00000000      0x95e ll40ls.cpp.o

.debug_macro    0x00000000       0x22
 .debug_macro   0x00000000       0x22 ll40ls.cpp.o

.debug_macro    0x00000000      0x8b4
 .debug_macro   0x00000000      0x8b4 ll40ls.cpp.o

.debug_macro    0x00000000       0xc9
 .debug_macro   0x00000000       0xc9 ll40ls.cpp.o

.debug_macro    0x00000000       0x10
 .debug_macro   0x00000000       0x10 ll40ls.cpp.o

.debug_macro    0x00000000       0x88
 .debug_macro   0x00000000       0x88 ll40ls.cpp.o

.debug_macro    0x00000000      0x14e
 .debug_macro   0x00000000      0x14e ll40ls.cpp.o

.debug_macro    0x00000000      0x12c
 .debug_macro   0x00000000      0x12c ll40ls.cpp.o

.debug_macro    0x00000000       0x63
 .debug_macro   0x00000000       0x63 ll40ls.cpp.o

.debug_macro    0x00000000       0x78
 .debug_macro   0x00000000       0x78 ll40ls.cpp.o

.debug_macro    0x00000000       0x28
 .debug_macro   0x00000000       0x28 ll40ls.cpp.o

.debug_macro    0x00000000      0x11b
 .debug_macro   0x00000000      0x11b ll40ls.cpp.o

.debug_macro    0x00000000       0x59
 .debug_macro   0x00000000       0x59 ll40ls.cpp.o

.debug_macro    0x00000000       0x4c
 .debug_macro   0x00000000       0x4c ll40ls.cpp.o

.debug_macro    0x00000000      0x27f
 .debug_macro   0x00000000      0x27f ll40ls.cpp.o

.debug_macro    0x00000000       0x10
 .debug_macro   0x00000000       0x10 ll40ls.cpp.o

.debug_macro    0x00000000      0x195
 .debug_macro   0x00000000      0x195 ll40ls.cpp.o

.debug_macro    0x00000000       0x8a
 .debug_macro   0x00000000       0x8a ll40ls.cpp.o

.debug_macro    0x00000000       0x10
 .debug_macro   0x00000000       0x10 ll40ls.cpp.o

.debug_macro    0x00000000       0x10
 .debug_macro   0x00000000       0x10 ll40ls.cpp.o

.debug_macro    0x00000000      0x6cb
 .debug_macro   0x00000000      0x6cb ll40ls.cpp.o

.debug_macro    0x00000000      0x20a
 .debug_macro   0x00000000      0x20a ll40ls.cpp.o

.debug_macro    0x00000000      0xf6f
 .debug_macro   0x00000000      0xf6f ll40ls.cpp.o

.debug_macro    0x00000000      0x2ab
 .debug_macro   0x00000000      0x2ab ll40ls.cpp.o

.debug_macro    0x00000000      0x8b5
 .debug_macro   0x00000000      0x8b5 ll40ls.cpp.o

.debug_macro    0x00000000       0x23
 .debug_macro   0x00000000       0x23 ll40ls.cpp.o

.debug_macro    0x00000000       0x39
 .debug_macro   0x00000000       0x39 ll40ls.cpp.o

.debug_macro    0x00000000       0x78
 .debug_macro   0x00000000       0x78 ll40ls.cpp.o

.debug_macro    0x00000000      0x14e
 .debug_macro   0x00000000      0x14e ll40ls.cpp.o

.debug_macro    0x00000000      0x7ca
 .debug_macro   0x00000000      0x7ca ll40ls.cpp.o

.debug_macro    0x00000000       0xff
 .debug_macro   0x00000000       0xff ll40ls.cpp.o

.debug_macro    0x00000000      0xae7
 .debug_macro   0x00000000      0xae7 ll40ls.cpp.o

.debug_macro    0x00000000       0x51
 .debug_macro   0x00000000       0x51 ll40ls.cpp.o

.debug_macro    0x00000000      0x11a
 .debug_macro   0x00000000      0x11a ll40ls.cpp.o

.debug_macro    0x00000000       0x16
 .debug_macro   0x00000000       0x16 ll40ls.cpp.o

.debug_macro    0x00000000       0x1d
 .debug_macro   0x00000000       0x1d ll40ls.cpp.o

.debug_macro    0x00000000      0x23b
 .debug_macro   0x00000000      0x23b ll40ls.cpp.o

.debug_macro    0x00000000      0x56a
 .debug_macro   0x00000000      0x56a ll40ls.cpp.o

.debug_macro    0x00000000       0x9c
 .debug_macro   0x00000000       0x9c ll40ls.cpp.o

.debug_macro    0x00000000      0x2bf
 .debug_macro   0x00000000      0x2bf ll40ls.cpp.o

.debug_macro    0x00000000       0xd3
 .debug_macro   0x00000000       0xd3 ll40ls.cpp.o

.debug_macro    0x00000000       0x16
 .debug_macro   0x00000000       0x16 ll40ls.cpp.o

.debug_macro    0x00000000       0x34
 .debug_macro   0x00000000       0x34 ll40ls.cpp.o

.debug_macro    0x00000000      0xab0
 .debug_macro   0x00000000      0xab0 ll40ls.cpp.o

.debug_macro    0x00000000       0x17
 .debug_macro   0x00000000       0x17 ll40ls.cpp.o

.debug_macro    0x00000000      0x6fa
 .debug_macro   0x00000000      0x6fa ll40ls.cpp.o

.debug_macro    0x00000000       0x22
 .debug_macro   0x00000000       0x22 ll40ls.cpp.o

.debug_macro    0x00000000      0x596
 .debug_macro   0x00000000      0x596 ll40ls.cpp.o

.debug_macro    0x00000000       0x16
 .debug_macro   0x00000000       0x16 ll40ls.cpp.o

.debug_macro    0x00000000      0x29b
 .debug_macro   0x00000000      0x29b ll40ls.cpp.o

.debug_macro    0x00000000       0x16
 .debug_macro   0x00000000       0x16 ll40ls.cpp.o

.debug_macro    0x00000000     0x15a4
 .debug_macro   0x00000000     0x15a4 ll40ls.cpp.o

.debug_macro    0x00000000       0x53
 .debug_macro   0x00000000       0x53 ll40ls.cpp.o

.debug_macro    0x00000000      0x347
 .debug_macro   0x00000000      0x347 ll40ls.cpp.o

.debug_macro    0x00000000       0x96
 .debug_macro   0x00000000       0x96 ll40ls.cpp.o

.debug_macro    0x00000000       0x1c
 .debug_macro   0x00000000       0x1c ll40ls.cpp.o

.debug_macro    0x00000000       0x9a
 .debug_macro   0x00000000       0x9a ll40ls.cpp.o

.debug_macro    0x00000000      0x1cf
 .debug_macro   0x00000000      0x1cf ll40ls.cpp.o

.debug_macro    0x00000000      0x16c
 .debug_macro   0x00000000      0x16c ll40ls.cpp.o

.debug_macro    0x00000000      0x413
 .debug_macro   0x00000000      0x413 ll40ls.cpp.o

.debug_macro    0x00000000       0x5f
 .debug_macro   0x00000000       0x5f ll40ls.cpp.o

.debug_macro    0x00000000       0x1d
 .debug_macro   0x00000000       0x1d ll40ls.cpp.o

.debug_macro    0x00000000       0xdf
 .debug_macro   0x00000000       0xdf ll40ls.cpp.o

.debug_macro    0x00000000       0x16
 .debug_macro   0x00000000       0x16 ll40ls.cpp.o

.debug_macro    0x00000000      0x13f
 .debug_macro   0x00000000      0x13f ll40ls.cpp.o

.debug_macro    0x00000000       0x16
 .debug_macro   0x00000000       0x16 ll40ls.cpp.o

.debug_macro    0x00000000       0x1c
 .debug_macro   0x00000000       0x1c ll40ls.cpp.o

.debug_macro    0x00000000      0xdb4
 .debug_macro   0x00000000      0xdb4 ll40ls.cpp.o

.debug_macro    0x00000000       0x16
 .debug_macro   0x00000000       0x16 ll40ls.cpp.o

.debug_macro    0x00000000      0x21b
 .debug_macro   0x00000000      0x21b ll40ls.cpp.o

.debug_macro    0x00000000      0x2b6
 .debug_macro   0x00000000      0x2b6 ll40ls.cpp.o

.debug_macro    0x00000000       0x28
 .debug_macro   0x00000000       0x28 ll40ls.cpp.o

.debug_macro    0x00000000       0x12
 .debug_macro   0x00000000       0x12 ll40ls.cpp.o

.debug_macro    0x00000000       0x22
 .debug_macro   0x00000000       0x22 ll40ls.cpp.o

.debug_macro    0x00000000       0x44
 .debug_macro   0x00000000       0x44 ll40ls.cpp.o

.debug_macro    0x00000000      0x2a4
 .debug_macro   0x00000000      0x2a4 ll40ls.cpp.o

.debug_macro    0x00000000       0x58
 .debug_macro   0x00000000       0x58 ll40ls.cpp.o

.debug_macro    0x00000000       0x4c
 .debug_macro   0x00000000       0x4c ll40ls.cpp.o

.debug_macro    0x00000000       0x49
 .debug_macro   0x00000000       0x49 ll40ls.cpp.o

.debug_macro    0x00000000      0x106
 .debug_macro   0x00000000      0x106 ll40ls.cpp.o

.debug_macro    0x00000000       0x28
 .debug_macro   0x00000000       0x28 ll40ls.cpp.o

.debug_macro    0x00000000       0xd1
 .debug_macro   0x00000000       0xd1 ll40ls.cpp.o

.debug_macro    0x00000000       0x98
 .debug_macro   0x00000000       0x98 ll40ls.cpp.o

.debug_macro    0x00000000       0x16
 .debug_macro   0x00000000       0x16 ll40ls.cpp.o

.debug_macro    0x00000000       0xb4
 .debug_macro   0x00000000       0xb4 ll40ls.cpp.o

.debug_macro    0x00000000       0x41
 .debug_macro   0x00000000       0x41 ll40ls.cpp.o

.debug_macro    0x00000000       0x4d
 .debug_macro   0x00000000       0x4d ll40ls.cpp.o

.debug_macro    0x00000000       0xd6
 .debug_macro   0x00000000       0xd6 ll40ls.cpp.o

.debug_macro    0x00000000       0x58
 .debug_macro   0x00000000       0x58 ll40ls.cpp.o

.debug_macro    0x00000000       0x2e
 .debug_macro   0x00000000       0x2e ll40ls.cpp.o

.debug_macro    0x00000000       0x9c
 .debug_macro   0x00000000       0x9c ll40ls.cpp.o

.debug_macro    0x00000000      0x281
 .debug_macro   0x00000000      0x281 ll40ls.cpp.o

.debug_macro    0x00000000       0x22
 .debug_macro   0x00000000       0x22 ll40ls.cpp.o

.debug_macro    0x00000000       0x29
 .debug_macro   0x00000000       0x29 ll40ls.cpp.o

.debug_macro    0x00000000       0x31
 .debug_macro   0x00000000       0x31 ll40ls.cpp.o

.debug_macro    0x00000000      0x167
 .debug_macro   0x00000000      0x167 ll40ls.cpp.o

.debug_macro    0x00000000       0x16
 .debug_macro   0x00000000       0x16 ll40ls.cpp.o

.debug_macro    0x00000000       0x5a
 .debug_macro   0x00000000       0x5a ll40ls.cpp.o

.debug_macro    0x00000000      0x14d
 .debug_macro   0x00000000      0x14d ll40ls.cpp.o

.debug_macro    0x00000000       0x59
 .debug_macro   0x00000000       0x59 ll40ls.cpp.o

.debug_macro    0x00000000       0x70
 .debug_macro   0x00000000       0x70 ll40ls.cpp.o

.debug_macro    0x00000000      0x6c1
 .debug_macro   0x00000000      0x6c1 ll40ls.cpp.o

.debug_macro    0x00000000       0x10
 .debug_macro   0x00000000       0x10 ll40ls.cpp.o

.debug_macro    0x00000000       0x1c
 .debug_macro   0x00000000       0x1c ll40ls.cpp.o

.debug_macro    0x00000000       0x46
 .debug_macro   0x00000000       0x46 ll40ls.cpp.o

.debug_macro    0x00000000       0x22
 .debug_macro   0x00000000       0x22 ll40ls.cpp.o

.debug_macro    0x00000000       0xba
 .debug_macro   0x00000000       0xba ll40ls.cpp.o

.debug_macro    0x00000000       0x2e
 .debug_macro   0x00000000       0x2e ll40ls.cpp.o

.debug_macro    0x00000000       0x1c
 .debug_macro   0x00000000       0x1c ll40ls.cpp.o

.debug_macro    0x00000000       0x4d
 .debug_macro   0x00000000       0x4d ll40ls.cpp.o

.debug_macro    0x00000000       0xc1
 .debug_macro   0x00000000       0xc1 ll40ls.cpp.o

.debug_macro    0x00000000       0x16
 .debug_macro   0x00000000       0x16 ll40ls.cpp.o

.debug_macro    0x00000000       0x19
 .debug_macro   0x00000000       0x19 ll40ls.cpp.o

.debug_macro    0x00000000       0x52
 .debug_macro   0x00000000       0x52 ll40ls.cpp.o

.debug_macro    0x00000000       0x5e
 .debug_macro   0x00000000       0x5e ll40ls.cpp.o

.debug_macro    0x00000000       0x28
 .debug_macro   0x00000000       0x28 ll40ls.cpp.o

.debug_macro    0x00000000       0x10
 .debug_macro   0x00000000       0x10 LidarLiteI2C.cpp.o

.debug_macro    0x00000000       0x22
 .debug_macro   0x00000000       0x22 LidarLitePWM.cpp.o
