
Memory Configuration

Name             Origin             Length             Attributes
*default*        0x00000000         0xffffffff

Linker script and memory map

LOAD mpu6000.cpp.o

.interp
 *(.interp)

.note.gnu.build-id
 *(.note.gnu.build-id)

.hash
 *(.hash)

.gnu.hash
 *(.gnu.hash)

.dynsym
 *(.dynsym)

.dynstr
 *(.dynstr)

.gnu.version
 *(.gnu.version)

.gnu.version_d
 *(.gnu.version_d)

.gnu.version_r
 *(.gnu.version_r)

.rel.init
 *(.rel.init)

.rela.init
 *(.rela.init)

.rel.text
 *(.rel.text)

.rela.text
 *(.rela.text)

.rel.fini
 *(.rel.fini)

.rela.fini
 *(.rela.fini)

.rel.rodata
 *(.rel.rodata)

.rela.rodata
 *(.rela.rodata)

.rel.data.rel.ro
 *(.rel.data.rel.ro)

.rela.data.rel.ro
 *(.rela.data.rel.ro)

.rel.data
 *(.rel.data)

.rela.data
 *(.rela.data)

.rel.tdata
 *(.rel.tdata)

.rela.tdata
 *(.rela.tdata)

.rel.tbss
 *(.rel.tbss)

.rela.tbss
 *(.rela.tbss)

.rel.ctors
 *(.rel.ctors)

.rela.ctors
 *(.rela.ctors)

.rel.dtors
 *(.rel.dtors)

.rela.dtors
 *(.rela.dtors)

.rel.got
 *(.rel.got)

.rela.got
 *(.rela.got)

.rel.bss
 *(.rel.bss)

.rela.bss
 *(.rela.bss)

.rel.iplt
 *(.rel.iplt)

.rela.iplt
 *(.rela.iplt)

.rel.plt
 *(.rel.plt)

.rela.plt
 *(.rela.plt)

.init
 *(SORT(.init))

.plt
 *(.plt)

.iplt
 *(.iplt)

.text           0x00000000        0x0
 *(.text .stub)
 .text          0x00000000        0x0 mpu6000.cpp.o
 *(.gnu.warning)

.text._ZN12MPU6000_gyro4readEP4filePcj
                0x00000000       0x10
 .text._ZN12MPU6000_gyro4readEP4filePcj
                0x00000000       0x10 mpu6000.cpp.o
                0x00000000                MPU6000_gyro::read(file*, char*, unsigned int)

.text._ZN7MPU6000D2Ev
                0x00000000       0x94
 .text._ZN7MPU6000D2Ev
                0x00000000       0x94 mpu6000.cpp.o
                0x00000000                MPU6000::~MPU6000()
                0x00000000                MPU6000::~MPU6000()

.text._ZN7MPU6000D0Ev
                0x00000000       0x12
 .text._ZN7MPU6000D0Ev
                0x00000000       0x12 mpu6000.cpp.o
                0x00000000                MPU6000::~MPU6000()

.text._ZN12MPU6000_gyroD2Ev
                0x00000000       0x28
 .text._ZN12MPU6000_gyroD2Ev
                0x00000000       0x28 mpu6000.cpp.o
                0x00000000                MPU6000_gyro::~MPU6000_gyro()
                0x00000000                MPU6000_gyro::~MPU6000_gyro()

.text._ZN12MPU6000_gyroD0Ev
                0x00000000       0x12
 .text._ZN12MPU6000_gyroD0Ev
                0x00000000       0x12 mpu6000.cpp.o
                0x00000000                MPU6000_gyro::~MPU6000_gyro()

.text._ZN4math15LowPassFilter2pC2Eff
                0x00000000       0x20
 .text._ZN4math15LowPassFilter2pC2Eff
                0x00000000       0x20 mpu6000.cpp.o
                0x00000000                math::LowPassFilter2p::LowPassFilter2p(float, float)
                0x00000000                math::LowPassFilter2p::LowPassFilter2p(float, float)

.text._ZN7MPU60008read_regEjj
                0x00000000       0x3c
 .text._ZN7MPU60008read_regEjj
                0x00000000       0x3c mpu6000.cpp.o
                0x00000000                MPU6000::read_reg(unsigned int, unsigned int)

.text._ZN7MPU60005probeEv
                0x00000000       0x84
 .text._ZN7MPU60005probeEv
                0x00000000       0x84 mpu6000.cpp.o
                0x00000000                MPU6000::probe()

.text._ZN7MPU600010read_reg16Ej
                0x00000000       0x40
 .text._ZN7MPU600010read_reg16Ej
                0x00000000       0x40 mpu6000.cpp.o
                0x00000000                MPU6000::read_reg16(unsigned int)

.text._ZN7MPU60009write_regEjh
                0x00000000       0x28
 .text._ZN7MPU60009write_regEjh
                0x00000000       0x28 mpu6000.cpp.o
                0x00000000                MPU6000::write_reg(unsigned int, unsigned char)

.text._ZN7MPU600017factory_self_testEv
                0x00000000      0x4e4
 .text._ZN7MPU600017factory_self_testEv
                0x00000000      0x4e4 mpu6000.cpp.o
                0x00000000                MPU6000::factory_self_test()

.text._ZN7MPU600010modify_regEjhh
                0x00000000       0x28
 .text._ZN7MPU600010modify_regEjhh
                0x00000000       0x28 mpu6000.cpp.o
                0x00000000                MPU6000::modify_reg(unsigned int, unsigned char, unsigned char)

.text._ZN7MPU600017write_checked_regEjh
                0x00000000       0x2c
 .text._ZN7MPU600017write_checked_regEjh
                0x00000000       0x2c mpu6000.cpp.o
                0x00000000                MPU6000::write_checked_reg(unsigned int, unsigned char)

.text._ZN7MPU600016_set_sample_rateEj
                0x00000000       0x48
 .text._ZN7MPU600016_set_sample_rateEj
                0x00000000       0x48 mpu6000.cpp.o
                0x00000000                MPU6000::_set_sample_rate(unsigned int)

.text._ZN7MPU600016_set_dlpf_filterEt
                0x00000000       0x76
 .text._ZN7MPU600016_set_dlpf_filterEt
                0x00000000       0x76 mpu6000.cpp.o
                0x00000000                MPU6000::_set_dlpf_filter(unsigned short)

.text._ZN7MPU600015set_accel_rangeEj
                0x00000000       0xbc
 .text._ZN7MPU600015set_accel_rangeEj
                0x00000000       0xbc mpu6000.cpp.o
                0x00000000                MPU6000::set_accel_range(unsigned int)

.text._ZN7MPU60005resetEv
                0x00000000      0x128
 .text._ZN7MPU60005resetEv
                0x00000000      0x128 mpu6000.cpp.o
                0x00000000                MPU6000::reset()

.text._ZN7MPU60005startEv
                0x00000000       0x48
 .text._ZN7MPU60005startEv
                0x00000000       0x48 mpu6000.cpp.o
                0x00000000                MPU6000::start()

.text._ZN7MPU60004stopEv
                0x00000000        0x6
 .text._ZN7MPU60004stopEv
                0x00000000        0x6 mpu6000.cpp.o
                0x00000000                MPU6000::stop()

.text._ZN7MPU600015check_registersEv
                0x00000000       0xcc
 .text._ZN7MPU600015check_registersEv
                0x00000000       0xcc mpu6000.cpp.o
                0x00000000                MPU6000::check_registers()

.text._ZN7MPU600010print_infoEv
                0x00000000       0xc4
 .text._ZN7MPU600010print_infoEv
                0x00000000       0xc4 mpu6000.cpp.o
                0x00000000                MPU6000::print_info()

.text._ZN7MPU600015print_registersEv
                0x00000000       0x58
 .text._ZN7MPU600015print_registersEv
                0x00000000       0x58 mpu6000.cpp.o
                0x00000000                MPU6000::print_registers()

.text._ZN7MPU600010test_errorEv
                0x00000000       0x40
 .text._ZN7MPU600010test_errorEv
                0x00000000       0x40 mpu6000.cpp.o
                0x00000000                MPU6000::test_error()

.text._ZN12MPU6000_gyroC2EP7MPU6000PKc
                0x00000000       0x2c
 .text._ZN12MPU6000_gyroC2EP7MPU6000PKc
                0x00000000       0x2c mpu6000.cpp.o
                0x00000000                MPU6000_gyro::MPU6000_gyro(MPU6000*, char const*)
                0x00000000                MPU6000_gyro::MPU6000_gyro(MPU6000*, char const*)

.text._ZN7MPU6000C2EiPKcS1_9spi_dev_e8Rotationi
                0x00000000      0x250
 .text._ZN7MPU6000C2EiPKcS1_9spi_dev_e8Rotationi
                0x00000000      0x250 mpu6000.cpp.o
                0x00000000                MPU6000::MPU6000(int, char const*, char const*, spi_dev_e, Rotation, int)
                0x00000000                MPU6000::MPU6000(int, char const*, char const*, spi_dev_e, Rotation, int)

.text._ZN12MPU6000_gyro18parent_poll_notifyEv
                0x00000000        0x8
 .text._ZN12MPU6000_gyro18parent_poll_notifyEv
                0x00000000        0x8 mpu6000.cpp.o
                0x00000000                MPU6000_gyro::parent_poll_notify()

.text._ZN7MPU60007measureEv
                0x00000000      0x398
 .text._ZN7MPU60007measureEv
                0x00000000      0x398 mpu6000.cpp.o
                0x00000000                MPU6000::measure()

.text._ZN7MPU60004readEP4filePcj
                0x00000000       0x6e
 .text._ZN7MPU60004readEP4filePcj
                0x00000000       0x6e mpu6000.cpp.o
                0x00000000                MPU6000::read(file*, char*, unsigned int)

.text._ZN7MPU60009self_testEv
                0x00000000       0x2c
 .text._ZN7MPU60009self_testEv
                0x00000000       0x2c mpu6000.cpp.o
                0x00000000                MPU6000::self_test()

.text._ZN7MPU600015accel_self_testEv
                0x00000000       0xc0
 .text._ZN7MPU600015accel_self_testEv
                0x00000000       0xc0 mpu6000.cpp.o
                0x00000000                MPU6000::accel_self_test()

.text._ZN7MPU600014gyro_self_testEv
                0x00000000       0xc8
 .text._ZN7MPU600014gyro_self_testEv
                0x00000000       0xc8 mpu6000.cpp.o
                0x00000000                MPU6000::gyro_self_test()

.text._ZN7MPU60009gyro_readEP4filePcj
                0x00000000       0x6e
 .text._ZN7MPU60009gyro_readEP4filePcj
                0x00000000       0x6e mpu6000.cpp.o
                0x00000000                MPU6000::gyro_read(file*, char*, unsigned int)

.text._ZN7MPU600018measure_trampolineEPv
                0x00000000        0x4
 .text._ZN7MPU600018measure_trampolineEPv
                0x00000000        0x4 mpu6000.cpp.o
                0x00000000                MPU6000::measure_trampoline(void*)

.text._ZN7mpu60005startEb8Rotationii
                0x00000000       0xe4
 .text._ZN7mpu60005startEb8Rotationii
                0x00000000       0xe4 mpu6000.cpp.o
                0x00000000                mpu6000::start(bool, Rotation, int, int)

.text._ZN7mpu60004stopEb
                0x00000000       0x34
 .text._ZN7mpu60004stopEb
                0x00000000       0x34 mpu6000.cpp.o
                0x00000000                mpu6000::stop(bool)

.text._ZN7mpu60005resetEb
                0x00000000       0x70
 .text._ZN7mpu60005resetEb
                0x00000000       0x70 mpu6000.cpp.o
                0x00000000                mpu6000::reset(bool)

.text._ZN7mpu60004testEb
                0x00000000      0x248
 .text._ZN7mpu60004testEb
                0x00000000      0x248 mpu6000.cpp.o
                0x00000000                mpu6000::test(bool)

.text._ZN7mpu60004infoEb
                0x00000000       0x38
 .text._ZN7mpu60004infoEb
                0x00000000       0x38 mpu6000.cpp.o
                0x00000000                mpu6000::info(bool)

.text._ZN7mpu60007regdumpEb
                0x00000000       0x38
 .text._ZN7mpu60007regdumpEb
                0x00000000       0x38 mpu6000.cpp.o
                0x00000000                mpu6000::regdump(bool)

.text._ZN7mpu60009testerrorEb
                0x00000000       0x2c
 .text._ZN7mpu60009testerrorEb
                0x00000000       0x2c mpu6000.cpp.o
                0x00000000                mpu6000::testerror(bool)

.text._ZN7mpu600011factorytestEb
                0x00000000       0x2c
 .text._ZN7mpu600011factorytestEb
                0x00000000       0x2c mpu6000.cpp.o
                0x00000000                mpu6000::factorytest(bool)

.text._ZN7mpu60005usageEv
                0x00000000       0x38
 .text._ZN7mpu60005usageEv
                0x00000000       0x38 mpu6000.cpp.o
                0x00000000                mpu6000::usage()

.text.mpu6000_main
                0x00000000      0x134
 .text.mpu6000_main
                0x00000000      0x134 mpu6000.cpp.o
                0x00000000                mpu6000_main

.text._ZN7MPU60004initEv
                0x00000000      0x134
 .text._ZN7MPU60004initEv
                0x00000000      0x134 mpu6000.cpp.o
                0x00000000                MPU6000::init()

.text._ZN7MPU60005ioctlEP4fileim
                0x00000000      0x354
 .text._ZN7MPU60005ioctlEP4fileim
                0x00000000      0x354 mpu6000.cpp.o
                0x00000000                MPU6000::ioctl(file*, int, unsigned long)

.text._ZN7MPU600010gyro_ioctlEP4fileim
                0x00000000      0x1b4
 .text._ZN7MPU600010gyro_ioctlEP4fileim
                0x00000000      0x1b4 mpu6000.cpp.o
                0x00000000                MPU6000::gyro_ioctl(file*, int, unsigned long)

.text._ZN12MPU6000_gyro5ioctlEP4fileim
                0x00000000       0x1e
 .text._ZN12MPU6000_gyro5ioctlEP4fileim
                0x00000000       0x1e mpu6000.cpp.o
                0x00000000                MPU6000_gyro::ioctl(file*, int, unsigned long)

.text._ZN12MPU6000_gyro4initEv
                0x00000000       0x34
 .text._ZN12MPU6000_gyro4initEv
                0x00000000       0x34 mpu6000.cpp.o
                0x00000000                MPU6000_gyro::init()

.fini
 *(SORT(.fini))

.rodata
 *(.rodata)

.rodata._ZTV12MPU6000_gyro
                0x00000000       0x5c
 .rodata._ZTV12MPU6000_gyro
                0x00000000       0x5c mpu6000.cpp.o
                0x00000000                vtable for MPU6000_gyro

.rodata._ZTV7MPU6000
                0x00000000       0x68
 .rodata._ZTV7MPU6000
                0x00000000       0x68 mpu6000.cpp.o
                0x00000000                vtable for MPU6000

.rodata._ZN7MPU600018_checked_registersE
                0x00000000        0xa
 .rodata._ZN7MPU600018_checked_registersE
                0x00000000        0xa mpu6000.cpp.o
                0x00000000                MPU6000::_checked_registers

.rodata.str1.1  0x00000000      0x664
 .rodata.str1.1
                0x00000000      0x664 mpu6000.cpp.o

.rodata1
 *(.rodata1)

.ARM.extab
 *(.ARM.extab)

.ARM.exidx
 *(.ARM.exidx)

.eh_frame_hdr
 *(.eh_frame_hdr)

.eh_frame
 *(.eh_frame)

.gcc_except_table
 *(.gcc_except_table .gcc_except_table.*)

.exception_ranges
 *(.exception_ranges .exception_ranges*)

.eh_frame
 *(.eh_frame)

.gcc_except_table
 *(.gcc_except_table .gcc_except_table.*)

.exception_ranges
 *(.exception_ranges .exception_ranges*)

.tdata
 *(.tdata)

.tbss
 *(.tbss)

.preinit_array
 *(.preinit_array)

.jcr
 *(.jcr)

.dynamic
 *(.dynamic)

.got
 *(.got.plt)
 *(.igot.plt)
 *(.got)
 *(.igot)

.data           0x00000000        0x0
 *(.data)
 .data          0x00000000        0x0 mpu6000.cpp.o

.data1
 *(.data1)

.bss            0x00000000        0x0
 *(.dynbss)
 *(.bss)
 .bss           0x00000000        0x0 mpu6000.cpp.o
 *(COMMON)

.bss._ZN7mpu60009g_dev_intE
                0x00000000        0x4
 .bss._ZN7mpu60009g_dev_intE
                0x00000000        0x4 mpu6000.cpp.o
                0x00000000                mpu6000::g_dev_int

.bss._ZN7mpu60009g_dev_extE
                0x00000000        0x4
 .bss._ZN7mpu60009g_dev_extE
                0x00000000        0x4 mpu6000.cpp.o
                0x00000000                mpu6000::g_dev_ext

.stab
 *(.stab)

.stabstr
 *(.stabstr)

.stab.excl
 *(.stab.excl)

.stab.exclstr
 *(.stab.exclstr)

.stab.index
 *(.stab.index)

.stab.indexstr
 *(.stab.indexstr)

.comment        0x00000000       0x71
 *(.comment)
 .comment       0x00000000       0x71 mpu6000.cpp.o

.group          0x00000000        0x8
 .group         0x00000000        0x8 mpu6000.cpp.o

.group          0x00000000        0x8
 .group         0x00000000        0x8 mpu6000.cpp.o

.group          0x00000000        0x8
 .group         0x00000000        0x8 mpu6000.cpp.o

.group          0x00000000        0x8
 .group         0x00000000        0x8 mpu6000.cpp.o

.group          0x00000000        0x8
 .group         0x00000000        0x8 mpu6000.cpp.o

.group          0x00000000        0x8
 .group         0x00000000        0x8 mpu6000.cpp.o

.group          0x00000000        0x8
 .group         0x00000000        0x8 mpu6000.cpp.o

.group          0x00000000        0x8
 .group         0x00000000        0x8 mpu6000.cpp.o

.group          0x00000000        0x8
 .group         0x00000000        0x8 mpu6000.cpp.o

.group          0x00000000        0x8
 .group         0x00000000        0x8 mpu6000.cpp.o

.group          0x00000000        0x8
 .group         0x00000000        0x8 mpu6000.cpp.o

.group          0x00000000        0x8
 .group         0x00000000        0x8 mpu6000.cpp.o

.group          0x00000000        0x8
 .group         0x00000000        0x8 mpu6000.cpp.o

.group          0x00000000        0x8
 .group         0x00000000        0x8 mpu6000.cpp.o

.group          0x00000000        0x8
 .group         0x00000000        0x8 mpu6000.cpp.o

.group          0x00000000        0x8
 .group         0x00000000        0x8 mpu6000.cpp.o

.group          0x00000000        0x8
 .group         0x00000000        0x8 mpu6000.cpp.o

.group          0x00000000        0x8
 .group         0x00000000        0x8 mpu6000.cpp.o

.group          0x00000000        0x8
 .group         0x00000000        0x8 mpu6000.cpp.o

.group          0x00000000        0x8
 .group         0x00000000        0x8 mpu6000.cpp.o

.group          0x00000000        0x8
 .group         0x00000000        0x8 mpu6000.cpp.o

.group          0x00000000        0x8
 .group         0x00000000        0x8 mpu6000.cpp.o

.group          0x00000000        0x8
 .group         0x00000000        0x8 mpu6000.cpp.o

.group          0x00000000        0x8
 .group         0x00000000        0x8 mpu6000.cpp.o

.group          0x00000000        0x8
 .group         0x00000000        0x8 mpu6000.cpp.o

.group          0x00000000        0x8
 .group         0x00000000        0x8 mpu6000.cpp.o

.group          0x00000000        0x8
 .group         0x00000000        0x8 mpu6000.cpp.o

.group          0x00000000        0x8
 .group         0x00000000        0x8 mpu6000.cpp.o

.group          0x00000000        0x8
 .group         0x00000000        0x8 mpu6000.cpp.o

.group          0x00000000        0x8
 .group         0x00000000        0x8 mpu6000.cpp.o

.group          0x00000000        0x8
 .group         0x00000000        0x8 mpu6000.cpp.o

.group          0x00000000        0x8
 .group         0x00000000        0x8 mpu6000.cpp.o

.group          0x00000000        0x8
 .group         0x00000000        0x8 mpu6000.cpp.o

.group          0x00000000        0x8
 .group         0x00000000        0x8 mpu6000.cpp.o

.group          0x00000000        0x8
 .group         0x00000000        0x8 mpu6000.cpp.o

.group          0x00000000        0x8
 .group         0x00000000        0x8 mpu6000.cpp.o

.group          0x00000000        0x8
 .group         0x00000000        0x8 mpu6000.cpp.o

.group          0x00000000        0x8
 .group         0x00000000        0x8 mpu6000.cpp.o

.group          0x00000000        0x8
 .group         0x00000000        0x8 mpu6000.cpp.o

.group          0x00000000        0x8
 .group         0x00000000        0x8 mpu6000.cpp.o

.group          0x00000000        0x8
 .group         0x00000000        0x8 mpu6000.cpp.o

.group          0x00000000        0x8
 .group         0x00000000        0x8 mpu6000.cpp.o

.group          0x00000000        0x8
 .group         0x00000000        0x8 mpu6000.cpp.o

.group          0x00000000        0x8
 .group         0x00000000        0x8 mpu6000.cpp.o

.group          0x00000000        0x8
 .group         0x00000000        0x8 mpu6000.cpp.o

.group          0x00000000        0x8
 .group         0x00000000        0x8 mpu6000.cpp.o

.group          0x00000000        0x8
 .group         0x00000000        0x8 mpu6000.cpp.o

.group          0x00000000        0x8
 .group         0x00000000        0x8 mpu6000.cpp.o

.group          0x00000000        0x8
 .group         0x00000000        0x8 mpu6000.cpp.o

.group          0x00000000        0x8
 .group         0x00000000        0x8 mpu6000.cpp.o

.group          0x00000000        0x8
 .group         0x00000000        0x8 mpu6000.cpp.o

.group          0x00000000        0x8
 .group         0x00000000        0x8 mpu6000.cpp.o

.group          0x00000000        0x8
 .group         0x00000000        0x8 mpu6000.cpp.o

.group          0x00000000        0x8
 .group         0x00000000        0x8 mpu6000.cpp.o

.group          0x00000000        0x8
 .group         0x00000000        0x8 mpu6000.cpp.o

.group          0x00000000        0x8
 .group         0x00000000        0x8 mpu6000.cpp.o

.group          0x00000000        0x8
 .group         0x00000000        0x8 mpu6000.cpp.o

.group          0x00000000        0x8
 .group         0x00000000        0x8 mpu6000.cpp.o

.group          0x00000000        0x8
 .group         0x00000000        0x8 mpu6000.cpp.o

.group          0x00000000        0x8
 .group         0x00000000        0x8 mpu6000.cpp.o

.group          0x00000000        0x8
 .group         0x00000000        0x8 mpu6000.cpp.o

.group          0x00000000        0x8
 .group         0x00000000        0x8 mpu6000.cpp.o

.group          0x00000000        0x8
 .group         0x00000000        0x8 mpu6000.cpp.o

.group          0x00000000        0x8
 .group         0x00000000        0x8 mpu6000.cpp.o

.group          0x00000000        0x8
 .group         0x00000000        0x8 mpu6000.cpp.o

.group          0x00000000        0x8
 .group         0x00000000        0x8 mpu6000.cpp.o

.group          0x00000000        0x8
 .group         0x00000000        0x8 mpu6000.cpp.o

.group          0x00000000        0x8
 .group         0x00000000        0x8 mpu6000.cpp.o

.group          0x00000000        0x8
 .group         0x00000000        0x8 mpu6000.cpp.o

.group          0x00000000        0x8
 .group         0x00000000        0x8 mpu6000.cpp.o

.group          0x00000000        0x8
 .group         0x00000000        0x8 mpu6000.cpp.o

.group          0x00000000        0x8
 .group         0x00000000        0x8 mpu6000.cpp.o

.group          0x00000000        0x8
 .group         0x00000000        0x8 mpu6000.cpp.o

.group          0x00000000        0x8
 .group         0x00000000        0x8 mpu6000.cpp.o

.group          0x00000000        0x8
 .group         0x00000000        0x8 mpu6000.cpp.o

.group          0x00000000        0x8
 .group         0x00000000        0x8 mpu6000.cpp.o

.group          0x00000000        0x8
 .group         0x00000000        0x8 mpu6000.cpp.o

.group          0x00000000        0x8
 .group         0x00000000        0x8 mpu6000.cpp.o

.group          0x00000000        0x8
 .group         0x00000000        0x8 mpu6000.cpp.o

.group          0x00000000        0x8
 .group         0x00000000        0x8 mpu6000.cpp.o

.group          0x00000000        0x8
 .group         0x00000000        0x8 mpu6000.cpp.o

.group          0x00000000        0x8
 .group         0x00000000        0x8 mpu6000.cpp.o

.group          0x00000000        0x8
 .group         0x00000000        0x8 mpu6000.cpp.o

.group          0x00000000        0x8
 .group         0x00000000        0x8 mpu6000.cpp.o

.group          0x00000000        0x8
 .group         0x00000000        0x8 mpu6000.cpp.o

.group          0x00000000        0x8
 .group         0x00000000        0x8 mpu6000.cpp.o

.group          0x00000000        0x8
 .group         0x00000000        0x8 mpu6000.cpp.o

.group          0x00000000        0x8
 .group         0x00000000        0x8 mpu6000.cpp.o

.group          0x00000000        0x8
 .group         0x00000000        0x8 mpu6000.cpp.o

.group          0x00000000        0x8
 .group         0x00000000        0x8 mpu6000.cpp.o

.group          0x00000000        0x8
 .group         0x00000000        0x8 mpu6000.cpp.o

.group          0x00000000        0x8
 .group         0x00000000        0x8 mpu6000.cpp.o

.group          0x00000000        0x8
 .group         0x00000000        0x8 mpu6000.cpp.o

.group          0x00000000        0x8
 .group         0x00000000        0x8 mpu6000.cpp.o

.group          0x00000000        0x8
 .group         0x00000000        0x8 mpu6000.cpp.o

.group          0x00000000        0x8
 .group         0x00000000        0x8 mpu6000.cpp.o

.group          0x00000000        0x8
 .group         0x00000000        0x8 mpu6000.cpp.o

.group          0x00000000        0x8
 .group         0x00000000        0x8 mpu6000.cpp.o

.group          0x00000000        0x8
 .group         0x00000000        0x8 mpu6000.cpp.o

.group          0x00000000        0x8
 .group         0x00000000        0x8 mpu6000.cpp.o

.group          0x00000000        0x8
 .group         0x00000000        0x8 mpu6000.cpp.o

.group          0x00000000        0x8
 .group         0x00000000        0x8 mpu6000.cpp.o

.group          0x00000000        0x8
 .group         0x00000000        0x8 mpu6000.cpp.o

.group          0x00000000        0x8
 .group         0x00000000        0x8 mpu6000.cpp.o

.group          0x00000000        0x8
 .group         0x00000000        0x8 mpu6000.cpp.o

.group          0x00000000        0x8
 .group         0x00000000        0x8 mpu6000.cpp.o

.group          0x00000000        0x8
 .group         0x00000000        0x8 mpu6000.cpp.o

.group          0x00000000        0x8
 .group         0x00000000        0x8 mpu6000.cpp.o

.group          0x00000000        0x8
 .group         0x00000000        0x8 mpu6000.cpp.o

.group          0x00000000        0x8
 .group         0x00000000        0x8 mpu6000.cpp.o

.group          0x00000000        0x8
 .group         0x00000000        0x8 mpu6000.cpp.o

.group          0x00000000        0x8
 .group         0x00000000        0x8 mpu6000.cpp.o

.group          0x00000000        0x8
 .group         0x00000000        0x8 mpu6000.cpp.o

.group          0x00000000        0x8
 .group         0x00000000        0x8 mpu6000.cpp.o

.group          0x00000000        0x8
 .group         0x00000000        0x8 mpu6000.cpp.o

.group          0x00000000        0x8
 .group         0x00000000        0x8 mpu6000.cpp.o

.group          0x00000000        0x8
 .group         0x00000000        0x8 mpu6000.cpp.o

.group          0x00000000        0x8
 .group         0x00000000        0x8 mpu6000.cpp.o

.group          0x00000000        0x8
 .group         0x00000000        0x8 mpu6000.cpp.o

.debug
 *(.debug)

.line
 *(.line)

.debug_srcinfo
 *(.debug_srcinfo)

.debug_sfnames
 *(.debug_sfnames)

.debug_aranges  0x00000000      0x198
 *(.debug_aranges)
 .debug_aranges
                0x00000000      0x198 mpu6000.cpp.o

.debug_pubnames
 *(.debug_pubnames)

.debug_info     0x00000000     0x64e8
 *(.debug_info)
 .debug_info    0x00000000     0x64e8 mpu6000.cpp.o

.debug_abbrev   0x00000000      0x8ea
 *(.debug_abbrev)
 .debug_abbrev  0x00000000      0x8ea mpu6000.cpp.o

.debug_line     0x00000000     0x25ea
 *(.debug_line .debug_line.* .debug_line_end)
 .debug_line    0x00000000     0x25ea mpu6000.cpp.o

.debug_frame    0x00000000      0x6ac
 *(.debug_frame)
 .debug_frame   0x00000000      0x6ac mpu6000.cpp.o

.debug_str      0x00000000    0x4dc9f
 *(.debug_str)
 .debug_str     0x00000000    0x4dc9f mpu6000.cpp.o

.debug_loc      0x00000000     0x26be
 *(.debug_loc)
 .debug_loc     0x00000000     0x26be mpu6000.cpp.o

.debug_macinfo
 *(.debug_macinfo)

.debug_weaknames
 *(.debug_weaknames)

.debug_funcnames
 *(.debug_funcnames)

.debug_typenames
 *(.debug_typenames)

.debug_varnames
 *(.debug_varnames)

.debug_pubtypes
 *(.debug_pubtypes)

.debug_ranges   0x00000000      0x3f0
 *(.debug_ranges)
 .debug_ranges  0x00000000      0x3f0 mpu6000.cpp.o

.debug_macro    0x00000000      0xa41
 *(.debug_macro)
 .debug_macro   0x00000000      0xa41 mpu6000.cpp.o

.stack
 *(.stack)

.ARM.attributes
                0x00000000       0x35
 *(.ARM.attributes)
 .ARM.attributes
                0x00000000       0x35 mpu6000.cpp.o
 *(.gnu.attributes)

.note.gnu.arm.ident
 *(.note.gnu.arm.ident)
OUTPUT(d:/github/compiletest/34/ardupilot/modules/PX4Firmware/Build/px4fmu-v2_APM.build/d/github/compiletest/34/ardupilot/modules/PX4Firmware/src/drivers/mpu6000/module.pre.o elf32-littlearm)

.debug_macro    0x00000000      0x95e
 .debug_macro   0x00000000      0x95e mpu6000.cpp.o

.debug_macro    0x00000000       0x22
 .debug_macro   0x00000000       0x22 mpu6000.cpp.o

.debug_macro    0x00000000      0x8b4
 .debug_macro   0x00000000      0x8b4 mpu6000.cpp.o

.debug_macro    0x00000000       0xc9
 .debug_macro   0x00000000       0xc9 mpu6000.cpp.o

.debug_macro    0x00000000       0x10
 .debug_macro   0x00000000       0x10 mpu6000.cpp.o

.debug_macro    0x00000000       0x88
 .debug_macro   0x00000000       0x88 mpu6000.cpp.o

.debug_macro    0x00000000      0x14e
 .debug_macro   0x00000000      0x14e mpu6000.cpp.o

.debug_macro    0x00000000      0x12c
 .debug_macro   0x00000000      0x12c mpu6000.cpp.o

.debug_macro    0x00000000       0x63
 .debug_macro   0x00000000       0x63 mpu6000.cpp.o

.debug_macro    0x00000000       0x78
 .debug_macro   0x00000000       0x78 mpu6000.cpp.o

.debug_macro    0x00000000       0x28
 .debug_macro   0x00000000       0x28 mpu6000.cpp.o

.debug_macro    0x00000000      0x11b
 .debug_macro   0x00000000      0x11b mpu6000.cpp.o

.debug_macro    0x00000000       0x59
 .debug_macro   0x00000000       0x59 mpu6000.cpp.o

.debug_macro    0x00000000       0x4c
 .debug_macro   0x00000000       0x4c mpu6000.cpp.o

.debug_macro    0x00000000      0x27f
 .debug_macro   0x00000000      0x27f mpu6000.cpp.o

.debug_macro    0x00000000       0x10
 .debug_macro   0x00000000       0x10 mpu6000.cpp.o

.debug_macro    0x00000000      0x195
 .debug_macro   0x00000000      0x195 mpu6000.cpp.o

.debug_macro    0x00000000       0x8a
 .debug_macro   0x00000000       0x8a mpu6000.cpp.o

.debug_macro    0x00000000       0x10
 .debug_macro   0x00000000       0x10 mpu6000.cpp.o

.debug_macro    0x00000000       0x10
 .debug_macro   0x00000000       0x10 mpu6000.cpp.o

.debug_macro    0x00000000      0x6cb
 .debug_macro   0x00000000      0x6cb mpu6000.cpp.o

.debug_macro    0x00000000      0x20a
 .debug_macro   0x00000000      0x20a mpu6000.cpp.o

.debug_macro    0x00000000      0xf6f
 .debug_macro   0x00000000      0xf6f mpu6000.cpp.o

.debug_macro    0x00000000      0x2ab
 .debug_macro   0x00000000      0x2ab mpu6000.cpp.o

.debug_macro    0x00000000      0x8b5
 .debug_macro   0x00000000      0x8b5 mpu6000.cpp.o

.debug_macro    0x00000000       0x23
 .debug_macro   0x00000000       0x23 mpu6000.cpp.o

.debug_macro    0x00000000       0x39
 .debug_macro   0x00000000       0x39 mpu6000.cpp.o

.debug_macro    0x00000000       0x78
 .debug_macro   0x00000000       0x78 mpu6000.cpp.o

.debug_macro    0x00000000      0x14e
 .debug_macro   0x00000000      0x14e mpu6000.cpp.o

.debug_macro    0x00000000      0x7ca
 .debug_macro   0x00000000      0x7ca mpu6000.cpp.o

.debug_macro    0x00000000       0xff
 .debug_macro   0x00000000       0xff mpu6000.cpp.o

.debug_macro    0x00000000      0xae7
 .debug_macro   0x00000000      0xae7 mpu6000.cpp.o

.debug_macro    0x00000000       0x51
 .debug_macro   0x00000000       0x51 mpu6000.cpp.o

.debug_macro    0x00000000      0x11a
 .debug_macro   0x00000000      0x11a mpu6000.cpp.o

.debug_macro    0x00000000       0x16
 .debug_macro   0x00000000       0x16 mpu6000.cpp.o

.debug_macro    0x00000000       0x1d
 .debug_macro   0x00000000       0x1d mpu6000.cpp.o

.debug_macro    0x00000000      0x23b
 .debug_macro   0x00000000      0x23b mpu6000.cpp.o

.debug_macro    0x00000000      0x56a
 .debug_macro   0x00000000      0x56a mpu6000.cpp.o

.debug_macro    0x00000000       0x9c
 .debug_macro   0x00000000       0x9c mpu6000.cpp.o

.debug_macro    0x00000000      0x2bf
 .debug_macro   0x00000000      0x2bf mpu6000.cpp.o

.debug_macro    0x00000000       0xd3
 .debug_macro   0x00000000       0xd3 mpu6000.cpp.o

.debug_macro    0x00000000       0x16
 .debug_macro   0x00000000       0x16 mpu6000.cpp.o

.debug_macro    0x00000000       0x34
 .debug_macro   0x00000000       0x34 mpu6000.cpp.o

.debug_macro    0x00000000      0xab0
 .debug_macro   0x00000000      0xab0 mpu6000.cpp.o

.debug_macro    0x00000000       0x17
 .debug_macro   0x00000000       0x17 mpu6000.cpp.o

.debug_macro    0x00000000      0x6fa
 .debug_macro   0x00000000      0x6fa mpu6000.cpp.o

.debug_macro    0x00000000       0x22
 .debug_macro   0x00000000       0x22 mpu6000.cpp.o

.debug_macro    0x00000000      0x596
 .debug_macro   0x00000000      0x596 mpu6000.cpp.o

.debug_macro    0x00000000       0x16
 .debug_macro   0x00000000       0x16 mpu6000.cpp.o

.debug_macro    0x00000000      0x29b
 .debug_macro   0x00000000      0x29b mpu6000.cpp.o

.debug_macro    0x00000000       0x16
 .debug_macro   0x00000000       0x16 mpu6000.cpp.o

.debug_macro    0x00000000     0x15a4
 .debug_macro   0x00000000     0x15a4 mpu6000.cpp.o

.debug_macro    0x00000000       0x53
 .debug_macro   0x00000000       0x53 mpu6000.cpp.o

.debug_macro    0x00000000      0x347
 .debug_macro   0x00000000      0x347 mpu6000.cpp.o

.debug_macro    0x00000000       0x96
 .debug_macro   0x00000000       0x96 mpu6000.cpp.o

.debug_macro    0x00000000       0x1c
 .debug_macro   0x00000000       0x1c mpu6000.cpp.o

.debug_macro    0x00000000       0x9a
 .debug_macro   0x00000000       0x9a mpu6000.cpp.o

.debug_macro    0x00000000      0x1cf
 .debug_macro   0x00000000      0x1cf mpu6000.cpp.o

.debug_macro    0x00000000      0x16c
 .debug_macro   0x00000000      0x16c mpu6000.cpp.o

.debug_macro    0x00000000      0x413
 .debug_macro   0x00000000      0x413 mpu6000.cpp.o

.debug_macro    0x00000000       0x5f
 .debug_macro   0x00000000       0x5f mpu6000.cpp.o

.debug_macro    0x00000000       0x1d
 .debug_macro   0x00000000       0x1d mpu6000.cpp.o

.debug_macro    0x00000000       0xdf
 .debug_macro   0x00000000       0xdf mpu6000.cpp.o

.debug_macro    0x00000000       0x16
 .debug_macro   0x00000000       0x16 mpu6000.cpp.o

.debug_macro    0x00000000      0x13f
 .debug_macro   0x00000000      0x13f mpu6000.cpp.o

.debug_macro    0x00000000       0x16
 .debug_macro   0x00000000       0x16 mpu6000.cpp.o

.debug_macro    0x00000000       0x1c
 .debug_macro   0x00000000       0x1c mpu6000.cpp.o

.debug_macro    0x00000000      0xdb4
 .debug_macro   0x00000000      0xdb4 mpu6000.cpp.o

.debug_macro    0x00000000       0x16
 .debug_macro   0x00000000       0x16 mpu6000.cpp.o

.debug_macro    0x00000000      0x21b
 .debug_macro   0x00000000      0x21b mpu6000.cpp.o

.debug_macro    0x00000000      0x2b6
 .debug_macro   0x00000000      0x2b6 mpu6000.cpp.o

.debug_macro    0x00000000       0x5e
 .debug_macro   0x00000000       0x5e mpu6000.cpp.o

.debug_macro    0x00000000       0x28
 .debug_macro   0x00000000       0x28 mpu6000.cpp.o

.debug_macro    0x00000000      0x14d
 .debug_macro   0x00000000      0x14d mpu6000.cpp.o

.debug_macro    0x00000000       0x59
 .debug_macro   0x00000000       0x59 mpu6000.cpp.o

.debug_macro    0x00000000      0x6c1
 .debug_macro   0x00000000      0x6c1 mpu6000.cpp.o

.debug_macro    0x00000000       0x58
 .debug_macro   0x00000000       0x58 mpu6000.cpp.o

.debug_macro    0x00000000       0x4c
 .debug_macro   0x00000000       0x4c mpu6000.cpp.o

.debug_macro    0x00000000       0x49
 .debug_macro   0x00000000       0x49 mpu6000.cpp.o

.debug_macro    0x00000000      0x106
 .debug_macro   0x00000000      0x106 mpu6000.cpp.o

.debug_macro    0x00000000       0x28
 .debug_macro   0x00000000       0x28 mpu6000.cpp.o

.debug_macro    0x00000000       0xd1
 .debug_macro   0x00000000       0xd1 mpu6000.cpp.o

.debug_macro    0x00000000       0x98
 .debug_macro   0x00000000       0x98 mpu6000.cpp.o

.debug_macro    0x00000000       0x16
 .debug_macro   0x00000000       0x16 mpu6000.cpp.o

.debug_macro    0x00000000       0xb4
 .debug_macro   0x00000000       0xb4 mpu6000.cpp.o

.debug_macro    0x00000000       0x41
 .debug_macro   0x00000000       0x41 mpu6000.cpp.o

.debug_macro    0x00000000       0x4d
 .debug_macro   0x00000000       0x4d mpu6000.cpp.o

.debug_macro    0x00000000       0x58
 .debug_macro   0x00000000       0x58 mpu6000.cpp.o

.debug_macro    0x00000000       0x22
 .debug_macro   0x00000000       0x22 mpu6000.cpp.o

.debug_macro    0x00000000       0x2e
 .debug_macro   0x00000000       0x2e mpu6000.cpp.o

.debug_macro    0x00000000       0x9c
 .debug_macro   0x00000000       0x9c mpu6000.cpp.o

.debug_macro    0x00000000      0x281
 .debug_macro   0x00000000      0x281 mpu6000.cpp.o

.debug_macro    0x00000000       0x1c
 .debug_macro   0x00000000       0x1c mpu6000.cpp.o

.debug_macro    0x00000000       0x28
 .debug_macro   0x00000000       0x28 mpu6000.cpp.o

.debug_macro    0x00000000       0x18
 .debug_macro   0x00000000       0x18 mpu6000.cpp.o

.debug_macro    0x00000000       0x4a
 .debug_macro   0x00000000       0x4a mpu6000.cpp.o

.debug_macro    0x00000000      0x2a4
 .debug_macro   0x00000000      0x2a4 mpu6000.cpp.o

.debug_macro    0x00000000       0xd6
 .debug_macro   0x00000000       0xd6 mpu6000.cpp.o

.debug_macro    0x00000000       0x22
 .debug_macro   0x00000000       0x22 mpu6000.cpp.o

.debug_macro    0x00000000       0x29
 .debug_macro   0x00000000       0x29 mpu6000.cpp.o

.debug_macro    0x00000000       0x31
 .debug_macro   0x00000000       0x31 mpu6000.cpp.o

.debug_macro    0x00000000      0x167
 .debug_macro   0x00000000      0x167 mpu6000.cpp.o

.debug_macro    0x00000000       0x16
 .debug_macro   0x00000000       0x16 mpu6000.cpp.o

.debug_macro    0x00000000       0x5a
 .debug_macro   0x00000000       0x5a mpu6000.cpp.o

.debug_macro    0x00000000       0x16
 .debug_macro   0x00000000       0x16 mpu6000.cpp.o

.debug_macro    0x00000000       0x19
 .debug_macro   0x00000000       0x19 mpu6000.cpp.o

.debug_macro    0x00000000       0xc1
 .debug_macro   0x00000000       0xc1 mpu6000.cpp.o

.debug_macro    0x00000000       0x10
 .debug_macro   0x00000000       0x10 mpu6000.cpp.o

.debug_macro    0x00000000       0x70
 .debug_macro   0x00000000       0x70 mpu6000.cpp.o

.debug_macro    0x00000000       0x10
 .debug_macro   0x00000000       0x10 mpu6000.cpp.o

.debug_macro    0x00000000       0x1c
 .debug_macro   0x00000000       0x1c mpu6000.cpp.o

.debug_macro    0x00000000       0x46
 .debug_macro   0x00000000       0x46 mpu6000.cpp.o

.debug_macro    0x00000000       0x22
 .debug_macro   0x00000000       0x22 mpu6000.cpp.o

.debug_macro    0x00000000       0xba
 .debug_macro   0x00000000       0xba mpu6000.cpp.o

.debug_macro    0x00000000       0x1c
 .debug_macro   0x00000000       0x1c mpu6000.cpp.o

.debug_macro    0x00000000       0x5e
 .debug_macro   0x00000000       0x5e mpu6000.cpp.o

.debug_macro    0x00000000       0x22
 .debug_macro   0x00000000       0x22 mpu6000.cpp.o

.debug_macro    0x00000000       0x5e
 .debug_macro   0x00000000       0x5e mpu6000.cpp.o
