
Discarded input sections

 .group         0x00000000        0x8 px4io_timer_config.c.o
 .group         0x00000000        0x8 px4io_timer_config.c.o
 .group         0x00000000        0x8 px4io_timer_config.c.o
 .group         0x00000000        0x8 px4io_timer_config.c.o
 .group         0x00000000        0x8 px4io_timer_config.c.o
 .group         0x00000000        0x8 px4io_timer_config.c.o
 .group         0x00000000        0x8 px4io_timer_config.c.o
 .group         0x00000000        0x8 px4io_timer_config.c.o
 .group         0x00000000        0x8 px4io_timer_config.c.o
 .group         0x00000000        0x8 px4io_timer_config.c.o
 .group         0x00000000        0x8 px4io_timer_config.c.o
 .group         0x00000000        0x8 px4io_timer_config.c.o
 .group         0x00000000        0x8 px4io_timer_config.c.o
 .group         0x00000000        0x8 px4io_timer_config.c.o
 .group         0x00000000        0x8 px4io_timer_config.c.o
 .group         0x00000000        0x8 px4io_timer_config.c.o
 .group         0x00000000        0x8 px4io_timer_config.c.o
 .group         0x00000000        0x8 px4io_timer_config.c.o
 .group         0x00000000        0x8 px4io_timer_config.c.o
 .group         0x00000000        0x8 px4io_timer_config.c.o
 .group         0x00000000        0x8 px4io_timer_config.c.o
 .group         0x00000000        0x8 px4io_timer_config.c.o
 .group         0x00000000        0x8 px4io_timer_config.c.o
 .group         0x00000000        0x8 px4io_timer_config.c.o
 .group         0x00000000        0x8 px4io_timer_config.c.o
 .group         0x00000000        0x8 px4io_timer_config.c.o
 .group         0x00000000        0x8 px4io_timer_config.c.o
 .group         0x00000000        0x8 px4io_timer_config.c.o
 .group         0x00000000        0x8 px4io_timer_config.c.o
 .group         0x00000000        0x8 px4io_timer_config.c.o
 .group         0x00000000        0x8 px4io_timer_config.c.o
 .group         0x00000000        0x8 px4io_timer_config.c.o
 .group         0x00000000        0x8 px4io_timer_config.c.o
 .group         0x00000000        0x8 px4io_timer_config.c.o
 .group         0x00000000        0x8 px4io_timer_config.c.o
 .group         0x00000000        0x8 px4io_timer_config.c.o
 .group         0x00000000        0x8 px4io_timer_config.c.o
 .group         0x00000000        0x8 px4io_timer_config.c.o
 .group         0x00000000        0x8 px4io_timer_config.c.o
 .group         0x00000000        0x8 px4io_timer_config.c.o
 .group         0x00000000        0x8 px4io_timer_config.c.o
 .group         0x00000000        0x8 px4io_timer_config.c.o
 .group         0x00000000        0x8 px4io_timer_config.c.o
 .group         0x00000000        0x8 px4io_timer_config.c.o
 .group         0x00000000        0x8 px4io_timer_config.c.o
 .group         0x00000000        0x8 px4io_timer_config.c.o
 .group         0x00000000        0x8 px4io_timer_config.c.o
 .group         0x00000000        0x8 px4io_timer_config.c.o
 .group         0x00000000        0x8 px4io_timer_config.c.o
 .group         0x00000000        0x8 px4io_timer_config.c.o
 .group         0x00000000        0x8 px4io_timer_config.c.o
 .group         0x00000000        0x8 px4io_timer_config.c.o
 .group         0x00000000        0x8 px4io_timer_config.c.o
 .group         0x00000000        0x8 px4io_timer_config.c.o
 .group         0x00000000        0x8 px4io_timer_config.c.o
 .group         0x00000000        0x8 px4io_timer_config.c.o
 .group         0x00000000        0x8 px4io_timer_config.c.o
 .group         0x00000000        0x8 px4io_timer_config.c.o
 .group         0x00000000        0x8 px4io_timer_config.c.o
 .group         0x00000000        0x8 px4io_timer_config.c.o
 .group         0x00000000        0x8 px4io_timer_config.c.o
 .group         0x00000000        0x8 px4io_timer_config.c.o
 .group         0x00000000        0x8 px4io_timer_config.c.o
 .group         0x00000000        0x8 px4io_timer_config.c.o
 .group         0x00000000        0x8 px4io_timer_config.c.o
 .group         0x00000000        0x8 px4io_timer_config.c.o
 .group         0x00000000        0x8 px4io_timer_config.c.o
 .group         0x00000000        0x8 px4io_timer_config.c.o
 .group         0x00000000        0x8 px4io_timer_config.c.o
 .group         0x00000000        0x8 px4io_timer_config.c.o
 .group         0x00000000        0x8 px4io_timer_config.c.o
 .group         0x00000000        0x8 px4io_timer_config.c.o
 .group         0x00000000        0x8 px4io_timer_config.c.o
 .group         0x00000000        0x8 px4io_timer_config.c.o
 .group         0x00000000        0x8 px4io_timer_config.c.o
 .group         0x00000000        0x8 px4io_timer_config.c.o
 .group         0x00000000        0x8 px4io_timer_config.c.o
 .group         0x00000000        0x8 px4io_timer_config.c.o
 .group         0x00000000        0x8 px4io_timer_config.c.o
 .group         0x00000000        0x8 px4io_timer_config.c.o
 .group         0x00000000        0x8 px4io_timer_config.c.o
 .group         0x00000000        0x8 px4io_timer_config.c.o
 .group         0x00000000        0x8 px4io_timer_config.c.o
 .group         0x00000000        0x8 px4io_timer_config.c.o
 .debug_macro   0x00000000      0x880 px4io_timer_config.c.o
 .debug_macro   0x00000000       0x22 px4io_timer_config.c.o
 .debug_macro   0x00000000      0x55e px4io_timer_config.c.o
 .debug_macro   0x00000000       0xc9 px4io_timer_config.c.o
 .debug_macro   0x00000000       0x10 px4io_timer_config.c.o
 .debug_macro   0x00000000       0x88 px4io_timer_config.c.o
 .debug_macro   0x00000000      0x14e px4io_timer_config.c.o
 .debug_macro   0x00000000      0x12c px4io_timer_config.c.o
 .debug_macro   0x00000000       0x6f px4io_timer_config.c.o
 .debug_macro   0x00000000       0x58 px4io_timer_config.c.o
 .debug_macro   0x00000000       0x4c px4io_timer_config.c.o
 .debug_macro   0x00000000       0x49 px4io_timer_config.c.o
 .debug_macro   0x00000000       0xfa px4io_timer_config.c.o
 .debug_macro   0x00000000       0x1d px4io_timer_config.c.o
 .debug_macro   0x00000000       0x28 px4io_timer_config.c.o
 .debug_macro   0x00000000       0x22 px4io_timer_config.c.o
 .debug_macro   0x00000000       0xd1 px4io_timer_config.c.o
 .debug_macro   0x00000000       0x98 px4io_timer_config.c.o
 .debug_macro   0x00000000       0x16 px4io_timer_config.c.o
 .debug_macro   0x00000000       0x59 px4io_timer_config.c.o
 .debug_macro   0x00000000      0x114 px4io_timer_config.c.o
 .debug_macro   0x00000000      0x1a2 px4io_timer_config.c.o
 .debug_macro   0x00000000       0x10 px4io_timer_config.c.o
 .debug_macro   0x00000000       0xbd px4io_timer_config.c.o
 .debug_macro   0x00000000       0x8a px4io_timer_config.c.o
 .debug_macro   0x00000000       0x10 px4io_timer_config.c.o
 .debug_macro   0x00000000       0x10 px4io_timer_config.c.o
 .debug_macro   0x00000000       0x39 px4io_timer_config.c.o
 .debug_macro   0x00000000       0xba px4io_timer_config.c.o
 .debug_macro   0x00000000       0x56 px4io_timer_config.c.o
 .debug_macro   0x00000000       0x4d px4io_timer_config.c.o
 .debug_macro   0x00000000       0x9a px4io_timer_config.c.o
 .debug_macro   0x00000000      0x1cf px4io_timer_config.c.o
 .debug_macro   0x00000000      0x16c px4io_timer_config.c.o
 .debug_macro   0x00000000       0xa1 px4io_timer_config.c.o
 .debug_macro   0x00000000       0x28 px4io_timer_config.c.o
 .debug_macro   0x00000000      0x339 px4io_timer_config.c.o
 .debug_macro   0x00000000      0x1d0 px4io_timer_config.c.o
 .debug_macro   0x00000000      0x57d px4io_timer_config.c.o
 .debug_macro   0x00000000       0x71 px4io_timer_config.c.o
 .debug_macro   0x00000000      0x1a4 px4io_timer_config.c.o
 .debug_macro   0x00000000      0x570 px4io_timer_config.c.o
 .debug_macro   0x00000000       0x10 px4io_timer_config.c.o
 .debug_macro   0x00000000       0xbe px4io_timer_config.c.o
 .debug_macro   0x00000000      0x6f0 px4io_timer_config.c.o
 .debug_macro   0x00000000       0x58 px4io_timer_config.c.o
 .debug_macro   0x00000000       0xf4 px4io_timer_config.c.o
 .debug_macro   0x00000000       0x16 px4io_timer_config.c.o
 .debug_macro   0x00000000       0x1d px4io_timer_config.c.o
 .debug_macro   0x00000000      0x156 px4io_timer_config.c.o
 .debug_macro   0x00000000      0x563 px4io_timer_config.c.o
 .debug_macro   0x00000000      0x675 px4io_timer_config.c.o
 .debug_macro   0x00000000      0x172 px4io_timer_config.c.o
 .debug_macro   0x00000000       0x9c px4io_timer_config.c.o
 .debug_macro   0x00000000      0x25c px4io_timer_config.c.o
 .debug_macro   0x00000000       0x9b px4io_timer_config.c.o
 .debug_macro   0x00000000       0x16 px4io_timer_config.c.o
 .debug_macro   0x00000000       0x34 px4io_timer_config.c.o
 .debug_macro   0x00000000      0x669 px4io_timer_config.c.o
 .debug_macro   0x00000000       0x17 px4io_timer_config.c.o
 .debug_macro   0x00000000       0xd0 px4io_timer_config.c.o
 .debug_macro   0x00000000      0x120 px4io_timer_config.c.o
 .debug_macro   0x00000000       0x22 px4io_timer_config.c.o
 .debug_macro   0x00000000      0x596 px4io_timer_config.c.o
 .debug_macro   0x00000000       0x16 px4io_timer_config.c.o
 .debug_macro   0x00000000      0x17b px4io_timer_config.c.o
 .debug_macro   0x00000000       0x16 px4io_timer_config.c.o
 .debug_macro   0x00000000     0x1278 px4io_timer_config.c.o
 .debug_macro   0x00000000       0x53 px4io_timer_config.c.o
 .debug_macro   0x00000000      0x26d px4io_timer_config.c.o
 .debug_macro   0x00000000       0xc7 px4io_timer_config.c.o
 .debug_macro   0x00000000       0x1c px4io_timer_config.c.o
 .debug_macro   0x00000000      0x413 px4io_timer_config.c.o
 .debug_macro   0x00000000       0xe7 px4io_timer_config.c.o
 .debug_macro   0x00000000       0x1d px4io_timer_config.c.o
 .debug_macro   0x00000000       0xdf px4io_timer_config.c.o
 .debug_macro   0x00000000      0x336 px4io_timer_config.c.o
 .debug_macro   0x00000000       0x16 px4io_timer_config.c.o
 .debug_macro   0x00000000      0x13f px4io_timer_config.c.o
 .debug_macro   0x00000000       0x1c px4io_timer_config.c.o
 .debug_macro   0x00000000       0xca px4io_timer_config.c.o
 .debug_macro   0x00000000      0x12a px4io_timer_config.c.o
 .debug_macro   0x00000000       0x16 px4io_timer_config.c.o
 .debug_macro   0x00000000       0x19 px4io_timer_config.c.o

Memory Configuration

Name             Origin             Length             Attributes
*default*        0x00000000         0xffffffff

Linker script and memory map

LOAD px4io_init.c.o
LOAD px4io_timer_config.c.o

.interp
 *(.interp)

.note.gnu.build-id
 *(.note.gnu.build-id)

.hash
 *(.hash)

.gnu.hash
 *(.gnu.hash)

.dynsym
 *(.dynsym)

.dynstr
 *(.dynstr)

.gnu.version
 *(.gnu.version)

.gnu.version_d
 *(.gnu.version_d)

.gnu.version_r
 *(.gnu.version_r)

.rel.init
 *(.rel.init)

.rela.init
 *(.rela.init)

.rel.text
 *(.rel.text)

.rela.text
 *(.rela.text)

.rel.fini
 *(.rel.fini)

.rela.fini
 *(.rela.fini)

.rel.rodata
 *(.rel.rodata)

.rela.rodata
 *(.rela.rodata)

.rel.data.rel.ro
 *(.rel.data.rel.ro)

.rela.data.rel.ro
 *(.rela.data.rel.ro)

.rel.data
 *(.rel.data)

.rela.data
 *(.rela.data)

.rel.tdata
 *(.rel.tdata)

.rela.tdata
 *(.rela.tdata)

.rel.tbss
 *(.rel.tbss)

.rela.tbss
 *(.rela.tbss)

.rel.ctors
 *(.rel.ctors)

.rela.ctors
 *(.rela.ctors)

.rel.dtors
 *(.rel.dtors)

.rela.dtors
 *(.rela.dtors)

.rel.got
 *(.rel.got)

.rela.got
 *(.rela.got)

.rel.bss
 *(.rel.bss)

.rela.bss
 *(.rela.bss)

.rel.iplt
 *(.rel.iplt)

.rela.iplt
 *(.rela.iplt)

.rel.plt
 *(.rel.plt)

.rela.plt
 *(.rela.plt)

.init
 *(SORT(.init))

.plt
 *(.plt)

.iplt
 *(.iplt)

.text           0x00000000        0x0
 *(.text .stub)
 .text          0x00000000        0x0 px4io_init.c.o
 .text          0x00000000        0x0 px4io_timer_config.c.o
 *(.gnu.warning)

.text.stm32_boardinitialize
                0x00000000      0x110
 .text.stm32_boardinitialize
                0x00000000      0x110 px4io_init.c.o
                0x00000000                stm32_boardinitialize

.fini
 *(SORT(.fini))

.rodata
 *(.rodata)

.rodata.io_timers
                0x00000000       0x80
 .rodata.io_timers
                0x00000000       0x80 px4io_timer_config.c.o
                0x00000000                io_timers

.rodata.timer_io_channels
                0x00000000       0x80
 .rodata.timer_io_channels
                0x00000000       0x80 px4io_timer_config.c.o
                0x00000000                timer_io_channels

.rodata1
 *(.rodata1)

.ARM.extab
 *(.ARM.extab)

.ARM.exidx
 *(.ARM.exidx)

.eh_frame_hdr
 *(.eh_frame_hdr)

.eh_frame
 *(.eh_frame)

.gcc_except_table
 *(.gcc_except_table .gcc_except_table.*)

.exception_ranges
 *(.exception_ranges .exception_ranges*)

.eh_frame
 *(.eh_frame)

.gcc_except_table
 *(.gcc_except_table .gcc_except_table.*)

.exception_ranges
 *(.exception_ranges .exception_ranges*)

.tdata
 *(.tdata)

.tbss
 *(.tbss)

.preinit_array
 *(.preinit_array)

.jcr
 *(.jcr)

.dynamic
 *(.dynamic)

.got
 *(.got.plt)
 *(.igot.plt)
 *(.got)
 *(.igot)

.data           0x00000000        0x0
 *(.data)
 .data          0x00000000        0x0 px4io_init.c.o
 .data          0x00000000        0x0 px4io_timer_config.c.o

.data1
 *(.data1)

.bss            0x00000000        0x0
 *(.dynbss)
 *(.bss)
 .bss           0x00000000        0x0 px4io_init.c.o
 .bss           0x00000000        0x0 px4io_timer_config.c.o
 *(COMMON)

.stab
 *(.stab)

.stabstr
 *(.stabstr)

.stab.excl
 *(.stab.excl)

.stab.exclstr
 *(.stab.exclstr)

.stab.index
 *(.stab.index)

.stab.indexstr
 *(.stab.indexstr)

.comment        0x00000000       0xe2
 *(.comment)
 .comment       0x00000000       0x71 px4io_init.c.o
 .comment       0x00000071       0x71 px4io_timer_config.c.o

.group          0x00000000        0x8
 .group         0x00000000        0x8 px4io_init.c.o

.group          0x00000000        0x8
 .group         0x00000000        0x8 px4io_init.c.o

.group          0x00000000        0x8
 .group         0x00000000        0x8 px4io_init.c.o

.group          0x00000000        0x8
 .group         0x00000000        0x8 px4io_init.c.o

.group          0x00000000        0x8
 .group         0x00000000        0x8 px4io_init.c.o

.group          0x00000000        0x8
 .group         0x00000000        0x8 px4io_init.c.o

.group          0x00000000        0x8
 .group         0x00000000        0x8 px4io_init.c.o

.group          0x00000000        0x8
 .group         0x00000000        0x8 px4io_init.c.o

.group          0x00000000        0x8
 .group         0x00000000        0x8 px4io_init.c.o

.group          0x00000000        0x8
 .group         0x00000000        0x8 px4io_init.c.o

.group          0x00000000        0x8
 .group         0x00000000        0x8 px4io_init.c.o

.group          0x00000000        0x8
 .group         0x00000000        0x8 px4io_init.c.o

.group          0x00000000        0x8
 .group         0x00000000        0x8 px4io_init.c.o

.group          0x00000000        0x8
 .group         0x00000000        0x8 px4io_init.c.o

.group          0x00000000        0x8
 .group         0x00000000        0x8 px4io_init.c.o

.group          0x00000000        0x8
 .group         0x00000000        0x8 px4io_init.c.o

.group          0x00000000        0x8
 .group         0x00000000        0x8 px4io_init.c.o

.group          0x00000000        0x8
 .group         0x00000000        0x8 px4io_init.c.o

.group          0x00000000        0x8
 .group         0x00000000        0x8 px4io_init.c.o

.group          0x00000000        0x8
 .group         0x00000000        0x8 px4io_init.c.o

.group          0x00000000        0x8
 .group         0x00000000        0x8 px4io_init.c.o

.group          0x00000000        0x8
 .group         0x00000000        0x8 px4io_init.c.o

.group          0x00000000        0x8
 .group         0x00000000        0x8 px4io_init.c.o

.group          0x00000000        0x8
 .group         0x00000000        0x8 px4io_init.c.o

.group          0x00000000        0x8
 .group         0x00000000        0x8 px4io_init.c.o

.group          0x00000000        0x8
 .group         0x00000000        0x8 px4io_init.c.o

.group          0x00000000        0x8
 .group         0x00000000        0x8 px4io_init.c.o

.group          0x00000000        0x8
 .group         0x00000000        0x8 px4io_init.c.o

.group          0x00000000        0x8
 .group         0x00000000        0x8 px4io_init.c.o

.group          0x00000000        0x8
 .group         0x00000000        0x8 px4io_init.c.o

.group          0x00000000        0x8
 .group         0x00000000        0x8 px4io_init.c.o

.group          0x00000000        0x8
 .group         0x00000000        0x8 px4io_init.c.o

.group          0x00000000        0x8
 .group         0x00000000        0x8 px4io_init.c.o

.group          0x00000000        0x8
 .group         0x00000000        0x8 px4io_init.c.o

.group          0x00000000        0x8
 .group         0x00000000        0x8 px4io_init.c.o

.group          0x00000000        0x8
 .group         0x00000000        0x8 px4io_init.c.o

.group          0x00000000        0x8
 .group         0x00000000        0x8 px4io_init.c.o

.group          0x00000000        0x8
 .group         0x00000000        0x8 px4io_init.c.o

.group          0x00000000        0x8
 .group         0x00000000        0x8 px4io_init.c.o

.group          0x00000000        0x8
 .group         0x00000000        0x8 px4io_init.c.o

.group          0x00000000        0x8
 .group         0x00000000        0x8 px4io_init.c.o

.group          0x00000000        0x8
 .group         0x00000000        0x8 px4io_init.c.o

.group          0x00000000        0x8
 .group         0x00000000        0x8 px4io_init.c.o

.group          0x00000000        0x8
 .group         0x00000000        0x8 px4io_init.c.o

.group          0x00000000        0x8
 .group         0x00000000        0x8 px4io_init.c.o

.group          0x00000000        0x8
 .group         0x00000000        0x8 px4io_init.c.o

.group          0x00000000        0x8
 .group         0x00000000        0x8 px4io_init.c.o

.group          0x00000000        0x8
 .group         0x00000000        0x8 px4io_init.c.o

.group          0x00000000        0x8
 .group         0x00000000        0x8 px4io_init.c.o

.group          0x00000000        0x8
 .group         0x00000000        0x8 px4io_init.c.o

.group          0x00000000        0x8
 .group         0x00000000        0x8 px4io_init.c.o

.group          0x00000000        0x8
 .group         0x00000000        0x8 px4io_init.c.o

.group          0x00000000        0x8
 .group         0x00000000        0x8 px4io_init.c.o

.group          0x00000000        0x8
 .group         0x00000000        0x8 px4io_init.c.o

.group          0x00000000        0x8
 .group         0x00000000        0x8 px4io_init.c.o

.group          0x00000000        0x8
 .group         0x00000000        0x8 px4io_init.c.o

.group          0x00000000        0x8
 .group         0x00000000        0x8 px4io_init.c.o

.group          0x00000000        0x8
 .group         0x00000000        0x8 px4io_init.c.o

.group          0x00000000        0x8
 .group         0x00000000        0x8 px4io_init.c.o

.group          0x00000000        0x8
 .group         0x00000000        0x8 px4io_init.c.o

.group          0x00000000        0x8
 .group         0x00000000        0x8 px4io_init.c.o

.group          0x00000000        0x8
 .group         0x00000000        0x8 px4io_init.c.o

.group          0x00000000        0x8
 .group         0x00000000        0x8 px4io_init.c.o

.group          0x00000000        0x8
 .group         0x00000000        0x8 px4io_init.c.o

.group          0x00000000        0x8
 .group         0x00000000        0x8 px4io_init.c.o

.group          0x00000000        0x8
 .group         0x00000000        0x8 px4io_init.c.o

.group          0x00000000        0x8
 .group         0x00000000        0x8 px4io_init.c.o

.group          0x00000000        0x8
 .group         0x00000000        0x8 px4io_init.c.o

.group          0x00000000        0x8
 .group         0x00000000        0x8 px4io_init.c.o

.group          0x00000000        0x8
 .group         0x00000000        0x8 px4io_init.c.o

.group          0x00000000        0x8
 .group         0x00000000        0x8 px4io_init.c.o

.group          0x00000000        0x8
 .group         0x00000000        0x8 px4io_init.c.o

.group          0x00000000        0x8
 .group         0x00000000        0x8 px4io_init.c.o

.group          0x00000000        0x8
 .group         0x00000000        0x8 px4io_init.c.o

.group          0x00000000        0x8
 .group         0x00000000        0x8 px4io_init.c.o

.group          0x00000000        0x8
 .group         0x00000000        0x8 px4io_init.c.o

.group          0x00000000        0x8
 .group         0x00000000        0x8 px4io_init.c.o

.group          0x00000000        0x8
 .group         0x00000000        0x8 px4io_init.c.o

.group          0x00000000        0x8
 .group         0x00000000        0x8 px4io_init.c.o

.group          0x00000000        0x8
 .group         0x00000000        0x8 px4io_init.c.o

.group          0x00000000        0x8
 .group         0x00000000        0x8 px4io_init.c.o

.group          0x00000000        0x8
 .group         0x00000000        0x8 px4io_init.c.o

.group          0x00000000        0x8
 .group         0x00000000        0x8 px4io_init.c.o

.group          0x00000000        0x8
 .group         0x00000000        0x8 px4io_init.c.o

.group          0x00000000        0x8
 .group         0x00000000        0x8 px4io_init.c.o

.group          0x00000000        0x8
 .group         0x00000000        0x8 px4io_init.c.o

.group          0x00000000        0x8
 .group         0x00000000        0x8 px4io_init.c.o

.group          0x00000000        0x8
 .group         0x00000000        0x8 px4io_timer_config.c.o

.group          0x00000000        0x8
 .group         0x00000000        0x8 px4io_timer_config.c.o

.group          0x00000000        0x8
 .group         0x00000000        0x8 px4io_timer_config.c.o

.group          0x00000000        0x8
 .group         0x00000000        0x8 px4io_timer_config.c.o

.group          0x00000000        0x8
 .group         0x00000000        0x8 px4io_timer_config.c.o

.group          0x00000000        0x8
 .group         0x00000000        0x8 px4io_timer_config.c.o

.group          0x00000000        0x8
 .group         0x00000000        0x8 px4io_timer_config.c.o

.group          0x00000000        0x8
 .group         0x00000000        0x8 px4io_timer_config.c.o

.group          0x00000000        0x8
 .group         0x00000000        0x8 px4io_timer_config.c.o

.group          0x00000000        0x8
 .group         0x00000000        0x8 px4io_timer_config.c.o

.group          0x00000000        0x8
 .group         0x00000000        0x8 px4io_timer_config.c.o

.group          0x00000000        0x8
 .group         0x00000000        0x8 px4io_timer_config.c.o

.group          0x00000000        0x8
 .group         0x00000000        0x8 px4io_timer_config.c.o

.group          0x00000000        0x8
 .group         0x00000000        0x8 px4io_timer_config.c.o

.group          0x00000000        0x8
 .group         0x00000000        0x8 px4io_timer_config.c.o

.group          0x00000000        0x8
 .group         0x00000000        0x8 px4io_timer_config.c.o

.group          0x00000000        0x8
 .group         0x00000000        0x8 px4io_timer_config.c.o

.group          0x00000000        0x8
 .group         0x00000000        0x8 px4io_timer_config.c.o

.group          0x00000000        0x8
 .group         0x00000000        0x8 px4io_timer_config.c.o

.group          0x00000000        0x8
 .group         0x00000000        0x8 px4io_timer_config.c.o

.group          0x00000000        0x8
 .group         0x00000000        0x8 px4io_timer_config.c.o

.group          0x00000000        0x8
 .group         0x00000000        0x8 px4io_timer_config.c.o

.group          0x00000000        0x8
 .group         0x00000000        0x8 px4io_timer_config.c.o

.debug
 *(.debug)

.line
 *(.line)

.debug_srcinfo
 *(.debug_srcinfo)

.debug_sfnames
 *(.debug_sfnames)

.debug_aranges  0x00000000       0x38
 *(.debug_aranges)
 .debug_aranges
                0x00000000       0x20 px4io_init.c.o
 .debug_aranges
                0x00000020       0x18 px4io_timer_config.c.o

.debug_pubnames
 *(.debug_pubnames)

.debug_info     0x00000000      0x617
 *(.debug_info)
 .debug_info    0x00000000      0x3b6 px4io_init.c.o
 .debug_info    0x000003b6      0x261 px4io_timer_config.c.o

.debug_abbrev   0x00000000      0x160
 *(.debug_abbrev)
 .debug_abbrev  0x00000000       0xa8 px4io_init.c.o
 .debug_abbrev  0x000000a8       0xb8 px4io_timer_config.c.o

.debug_line     0x00000000     0x20c0
 *(.debug_line .debug_line.* .debug_line_end)
 .debug_line    0x00000000      0xe75 px4io_init.c.o
 .debug_line    0x00000e75     0x124b px4io_timer_config.c.o

.debug_frame    0x00000000       0x30
 *(.debug_frame)
 .debug_frame   0x00000000       0x30 px4io_init.c.o

.debug_str      0x00000000    0x5abc1
 *(.debug_str)
 .debug_str     0x00000000    0x2c099 px4io_init.c.o
 .debug_str     0x0002c099    0x2eb28 px4io_timer_config.c.o

.debug_loc
 *(.debug_loc)

.debug_macinfo
 *(.debug_macinfo)

.debug_weaknames
 *(.debug_weaknames)

.debug_funcnames
 *(.debug_funcnames)

.debug_typenames
 *(.debug_typenames)

.debug_varnames
 *(.debug_varnames)

.debug_pubtypes
 *(.debug_pubtypes)

.debug_ranges   0x00000000       0x10
 *(.debug_ranges)
 .debug_ranges  0x00000000       0x10 px4io_init.c.o

.debug_macro    0x00000000      0x9f0
 *(.debug_macro)
 .debug_macro   0x00000000      0x463 px4io_init.c.o
 .debug_macro   0x00000463      0x58d px4io_timer_config.c.o

.stack
 *(.stack)

.ARM.attributes
                0x00000000       0x2f
 *(.ARM.attributes)
 .ARM.attributes
                0x00000000       0x2f px4io_init.c.o
 .ARM.attributes
                0x0000002f       0x2f px4io_timer_config.c.o
 *(.gnu.attributes)

.note.gnu.arm.ident
 *(.note.gnu.arm.ident)
OUTPUT(d:/github/compiletest/34/ardupilot_rm_git/modules/PX4Firmware/Build/px4io-v2_default.build/d/github/compiletest/34/ardupilot_rm_git/modules/PX4Firmware/src/drivers/boards/px4io-v2/module.pre.o elf32-littlearm)

.debug_macro    0x00000000      0x880
 .debug_macro   0x00000000      0x880 px4io_init.c.o

.debug_macro    0x00000000       0x22
 .debug_macro   0x00000000       0x22 px4io_init.c.o

.debug_macro    0x00000000      0x55e
 .debug_macro   0x00000000      0x55e px4io_init.c.o

.debug_macro    0x00000000       0xc9
 .debug_macro   0x00000000       0xc9 px4io_init.c.o

.debug_macro    0x00000000       0x10
 .debug_macro   0x00000000       0x10 px4io_init.c.o

.debug_macro    0x00000000       0x88
 .debug_macro   0x00000000       0x88 px4io_init.c.o

.debug_macro    0x00000000      0x14e
 .debug_macro   0x00000000      0x14e px4io_init.c.o

.debug_macro    0x00000000      0x12c
 .debug_macro   0x00000000      0x12c px4io_init.c.o

.debug_macro    0x00000000       0x6f
 .debug_macro   0x00000000       0x6f px4io_init.c.o

.debug_macro    0x00000000       0x22
 .debug_macro   0x00000000       0x22 px4io_init.c.o

.debug_macro    0x00000000       0xa1
 .debug_macro   0x00000000       0xa1 px4io_init.c.o

.debug_macro    0x00000000       0x28
 .debug_macro   0x00000000       0x28 px4io_init.c.o

.debug_macro    0x00000000      0x114
 .debug_macro   0x00000000      0x114 px4io_init.c.o

.debug_macro    0x00000000      0x339
 .debug_macro   0x00000000      0x339 px4io_init.c.o

.debug_macro    0x00000000      0x1d0
 .debug_macro   0x00000000      0x1d0 px4io_init.c.o

.debug_macro    0x00000000      0x57d
 .debug_macro   0x00000000      0x57d px4io_init.c.o

.debug_macro    0x00000000       0x1d
 .debug_macro   0x00000000       0x1d px4io_init.c.o

.debug_macro    0x00000000       0x39
 .debug_macro   0x00000000       0x39 px4io_init.c.o

.debug_macro    0x00000000       0x71
 .debug_macro   0x00000000       0x71 px4io_init.c.o

.debug_macro    0x00000000      0x1a4
 .debug_macro   0x00000000      0x1a4 px4io_init.c.o

.debug_macro    0x00000000      0x570
 .debug_macro   0x00000000      0x570 px4io_init.c.o

.debug_macro    0x00000000       0x10
 .debug_macro   0x00000000       0x10 px4io_init.c.o

.debug_macro    0x00000000       0xbe
 .debug_macro   0x00000000       0xbe px4io_init.c.o

.debug_macro    0x00000000      0x6f0
 .debug_macro   0x00000000      0x6f0 px4io_init.c.o

.debug_macro    0x00000000       0x58
 .debug_macro   0x00000000       0x58 px4io_init.c.o

.debug_macro    0x00000000       0x59
 .debug_macro   0x00000000       0x59 px4io_init.c.o

.debug_macro    0x00000000       0x4c
 .debug_macro   0x00000000       0x4c px4io_init.c.o

.debug_macro    0x00000000      0x1a2
 .debug_macro   0x00000000      0x1a2 px4io_init.c.o

.debug_macro    0x00000000       0x10
 .debug_macro   0x00000000       0x10 px4io_init.c.o

.debug_macro    0x00000000       0xbd
 .debug_macro   0x00000000       0xbd px4io_init.c.o

.debug_macro    0x00000000       0x8a
 .debug_macro   0x00000000       0x8a px4io_init.c.o

.debug_macro    0x00000000       0x10
 .debug_macro   0x00000000       0x10 px4io_init.c.o

.debug_macro    0x00000000       0x10
 .debug_macro   0x00000000       0x10 px4io_init.c.o

.debug_macro    0x00000000       0xf4
 .debug_macro   0x00000000       0xf4 px4io_init.c.o

.debug_macro    0x00000000       0x16
 .debug_macro   0x00000000       0x16 px4io_init.c.o

.debug_macro    0x00000000       0x1d
 .debug_macro   0x00000000       0x1d px4io_init.c.o

.debug_macro    0x00000000      0x156
 .debug_macro   0x00000000      0x156 px4io_init.c.o

.debug_macro    0x00000000      0x563
 .debug_macro   0x00000000      0x563 px4io_init.c.o

.debug_macro    0x00000000      0x675
 .debug_macro   0x00000000      0x675 px4io_init.c.o

.debug_macro    0x00000000      0x172
 .debug_macro   0x00000000      0x172 px4io_init.c.o

.debug_macro    0x00000000       0x9c
 .debug_macro   0x00000000       0x9c px4io_init.c.o

.debug_macro    0x00000000      0x25c
 .debug_macro   0x00000000      0x25c px4io_init.c.o

.debug_macro    0x00000000       0x9b
 .debug_macro   0x00000000       0x9b px4io_init.c.o

.debug_macro    0x00000000       0x16
 .debug_macro   0x00000000       0x16 px4io_init.c.o

.debug_macro    0x00000000       0x34
 .debug_macro   0x00000000       0x34 px4io_init.c.o

.debug_macro    0x00000000      0x669
 .debug_macro   0x00000000      0x669 px4io_init.c.o

.debug_macro    0x00000000       0x17
 .debug_macro   0x00000000       0x17 px4io_init.c.o

.debug_macro    0x00000000       0xd0
 .debug_macro   0x00000000       0xd0 px4io_init.c.o

.debug_macro    0x00000000      0x120
 .debug_macro   0x00000000      0x120 px4io_init.c.o

.debug_macro    0x00000000       0x22
 .debug_macro   0x00000000       0x22 px4io_init.c.o

.debug_macro    0x00000000      0x596
 .debug_macro   0x00000000      0x596 px4io_init.c.o

.debug_macro    0x00000000       0x16
 .debug_macro   0x00000000       0x16 px4io_init.c.o

.debug_macro    0x00000000      0x17b
 .debug_macro   0x00000000      0x17b px4io_init.c.o

.debug_macro    0x00000000       0x16
 .debug_macro   0x00000000       0x16 px4io_init.c.o

.debug_macro    0x00000000     0x1278
 .debug_macro   0x00000000     0x1278 px4io_init.c.o

.debug_macro    0x00000000       0x53
 .debug_macro   0x00000000       0x53 px4io_init.c.o

.debug_macro    0x00000000      0x26d
 .debug_macro   0x00000000      0x26d px4io_init.c.o

.debug_macro    0x00000000       0xc7
 .debug_macro   0x00000000       0xc7 px4io_init.c.o

.debug_macro    0x00000000       0x1c
 .debug_macro   0x00000000       0x1c px4io_init.c.o

.debug_macro    0x00000000       0x9a
 .debug_macro   0x00000000       0x9a px4io_init.c.o

.debug_macro    0x00000000      0x1cf
 .debug_macro   0x00000000      0x1cf px4io_init.c.o

.debug_macro    0x00000000      0x16c
 .debug_macro   0x00000000      0x16c px4io_init.c.o

.debug_macro    0x00000000      0x413
 .debug_macro   0x00000000      0x413 px4io_init.c.o

.debug_macro    0x00000000       0xe7
 .debug_macro   0x00000000       0xe7 px4io_init.c.o

.debug_macro    0x00000000       0x1d
 .debug_macro   0x00000000       0x1d px4io_init.c.o

.debug_macro    0x00000000       0xdf
 .debug_macro   0x00000000       0xdf px4io_init.c.o

.debug_macro    0x00000000      0x336
 .debug_macro   0x00000000      0x336 px4io_init.c.o

.debug_macro    0x00000000       0x16
 .debug_macro   0x00000000       0x16 px4io_init.c.o

.debug_macro    0x00000000      0x13f
 .debug_macro   0x00000000      0x13f px4io_init.c.o

.debug_macro    0x00000000       0x1c
 .debug_macro   0x00000000       0x1c px4io_init.c.o

.debug_macro    0x00000000       0xca
 .debug_macro   0x00000000       0xca px4io_init.c.o

.debug_macro    0x00000000      0x12a
 .debug_macro   0x00000000      0x12a px4io_init.c.o

.debug_macro    0x00000000       0x58
 .debug_macro   0x00000000       0x58 px4io_init.c.o

.debug_macro    0x00000000       0x4c
 .debug_macro   0x00000000       0x4c px4io_init.c.o

.debug_macro    0x00000000       0x49
 .debug_macro   0x00000000       0x49 px4io_init.c.o

.debug_macro    0x00000000       0xfa
 .debug_macro   0x00000000       0xfa px4io_init.c.o

.debug_macro    0x00000000       0x28
 .debug_macro   0x00000000       0x28 px4io_init.c.o

.debug_macro    0x00000000       0xd1
 .debug_macro   0x00000000       0xd1 px4io_init.c.o

.debug_macro    0x00000000       0x98
 .debug_macro   0x00000000       0x98 px4io_init.c.o

.debug_macro    0x00000000       0x16
 .debug_macro   0x00000000       0x16 px4io_init.c.o

.debug_macro    0x00000000       0xba
 .debug_macro   0x00000000       0xba px4io_init.c.o

.debug_macro    0x00000000       0x56
 .debug_macro   0x00000000       0x56 px4io_init.c.o

.debug_macro    0x00000000       0x4d
 .debug_macro   0x00000000       0x4d px4io_init.c.o

.debug_macro    0x00000000      0x24e
 .debug_macro   0x00000000      0x24e px4io_init.c.o

.debug_macro    0x00000000      0x6c1
 .debug_macro   0x00000000      0x6c1 px4io_init.c.o

.debug_macro    0x00000000       0x16
 .debug_macro   0x00000000       0x16 px4io_init.c.o

.debug_macro    0x00000000       0x19
 .debug_macro   0x00000000       0x19 px4io_init.c.o

.debug_macro    0x00000000       0x28
 .debug_macro   0x00000000       0x28 px4io_timer_config.c.o

.debug_macro    0x00000000       0x12
 .debug_macro   0x00000000       0x12 px4io_timer_config.c.o

.debug_macro    0x00000000       0x22
 .debug_macro   0x00000000       0x22 px4io_timer_config.c.o

.debug_macro    0x00000000       0x44
 .debug_macro   0x00000000       0x44 px4io_timer_config.c.o

.debug_macro    0x00000000      0x29d
 .debug_macro   0x00000000      0x29d px4io_timer_config.c.o

.debug_macro    0x00000000       0x46
 .debug_macro   0x00000000       0x46 px4io_timer_config.c.o

.debug_macro    0x00000000       0xd6
 .debug_macro   0x00000000       0xd6 px4io_timer_config.c.o

.debug_macro    0x00000000       0x58
 .debug_macro   0x00000000       0x58 px4io_timer_config.c.o

.debug_macro    0x00000000       0x2e
 .debug_macro   0x00000000       0x2e px4io_timer_config.c.o

.debug_macro    0x00000000       0x9c
 .debug_macro   0x00000000       0x9c px4io_timer_config.c.o

.debug_macro    0x00000000      0x28f
 .debug_macro   0x00000000      0x28f px4io_timer_config.c.o

.debug_macro    0x00000000       0x22
 .debug_macro   0x00000000       0x22 px4io_timer_config.c.o

.debug_macro    0x00000000       0x29
 .debug_macro   0x00000000       0x29 px4io_timer_config.c.o

.debug_macro    0x00000000       0x31
 .debug_macro   0x00000000       0x31 px4io_timer_config.c.o

.debug_macro    0x00000000      0x183
 .debug_macro   0x00000000      0x183 px4io_timer_config.c.o

.debug_macro    0x00000000       0x16
 .debug_macro   0x00000000       0x16 px4io_timer_config.c.o

.debug_macro    0x00000000       0x5a
 .debug_macro   0x00000000       0x5a px4io_timer_config.c.o

.debug_macro    0x00000000       0x16
 .debug_macro   0x00000000       0x16 px4io_timer_config.c.o

.debug_macro    0x00000000       0x46
 .debug_macro   0x00000000       0x46 px4io_timer_config.c.o

.debug_macro    0x00000000       0x10
 .debug_macro   0x00000000       0x10 px4io_timer_config.c.o

.debug_macro    0x00000000      0x1c2
 .debug_macro   0x00000000      0x1c2 px4io_timer_config.c.o

.debug_macro    0x00000000       0x10
 .debug_macro   0x00000000       0x10 px4io_timer_config.c.o

.debug_macro    0x00000000       0x16
 .debug_macro   0x00000000       0x16 px4io_timer_config.c.o
