
Memory Configuration

Name             Origin             Length             Attributes
*default*        0x00000000         0xffffffff

Linker script and memory map

LOAD oreoled.cpp.o

.interp
 *(.interp)

.note.gnu.build-id
 *(.note.gnu.build-id)

.hash
 *(.hash)

.gnu.hash
 *(.gnu.hash)

.dynsym
 *(.dynsym)

.dynstr
 *(.dynstr)

.gnu.version
 *(.gnu.version)

.gnu.version_d
 *(.gnu.version_d)

.gnu.version_r
 *(.gnu.version_r)

.rel.init
 *(.rel.init)

.rela.init
 *(.rela.init)

.rel.text
 *(.rel.text)

.rela.text
 *(.rela.text)

.rel.fini
 *(.rel.fini)

.rela.fini
 *(.rela.fini)

.rel.rodata
 *(.rel.rodata)

.rela.rodata
 *(.rela.rodata)

.rel.data.rel.ro
 *(.rel.data.rel.ro)

.rela.data.rel.ro
 *(.rela.data.rel.ro)

.rel.data
 *(.rel.data)

.rela.data
 *(.rela.data)

.rel.tdata
 *(.rel.tdata)

.rela.tdata
 *(.rela.tdata)

.rel.tbss
 *(.rel.tbss)

.rela.tbss
 *(.rela.tbss)

.rel.ctors
 *(.rel.ctors)

.rela.ctors
 *(.rela.ctors)

.rel.dtors
 *(.rel.dtors)

.rela.dtors
 *(.rela.dtors)

.rel.got
 *(.rel.got)

.rela.got
 *(.rela.got)

.rel.bss
 *(.rel.bss)

.rela.bss
 *(.rela.bss)

.rel.iplt
 *(.rel.iplt)

.rela.iplt
 *(.rela.iplt)

.rel.plt
 *(.rel.plt)

.rela.plt
 *(.rela.plt)

.init
 *(SORT(.init))

.plt
 *(.plt)

.iplt
 *(.iplt)

.text           0x00000000        0x0
 *(.text .stub)
 .text          0x00000000        0x0 oreoled.cpp.o
 *(.gnu.warning)

.text._ZN7OREOLED5probeEv
                0x00000000        0x8
 .text._ZN7OREOLED5probeEv
                0x00000000        0x8 oreoled.cpp.o
                0x00000000                OREOLED::probe()

.text._ZN7OREOLED4infoEv
                0x00000000       0x58
 .text._ZN7OREOLED4infoEv
                0x00000000       0x58 oreoled.cpp.o
                0x00000000                OREOLED::info()

.text._ZN7OREOLEDC2Eiibb
                0x00000000       0xe4
 .text._ZN7OREOLEDC2Eiibb
                0x00000000       0xe4 oreoled.cpp.o
                0x00000000                OREOLED::OREOLED(int, int, bool, bool)
                0x00000000                OREOLED::OREOLED(int, int, bool, bool)

.text._ZN7OREOLED5startEv
                0x00000000       0x20
 .text._ZN7OREOLED5startEv
                0x00000000       0x20 oreoled.cpp.o
                0x00000000                OREOLED::start()

.text._ZN7OREOLED4stopEv
                0x00000000        0xa
 .text._ZN7OREOLED4stopEv
                0x00000000        0xa oreoled.cpp.o
                0x00000000                OREOLED::stop()

.text._ZN7OREOLEDD2Ev
                0x00000000       0x50
 .text._ZN7OREOLEDD2Ev
                0x00000000       0x50 oreoled.cpp.o
                0x00000000                OREOLED::~OREOLED()
                0x00000000                OREOLED::~OREOLED()

.text._ZN7OREOLEDD0Ev
                0x00000000       0x12
 .text._ZN7OREOLEDD0Ev
                0x00000000       0x12 oreoled.cpp.o
                0x00000000                OREOLED::~OREOLED()

.text._ZN7OREOLED20bootloader_app_resetEi
                0x00000000       0xdc
 .text._ZN7OREOLED20bootloader_app_resetEi
                0x00000000       0xdc oreoled.cpp.o
                0x00000000                OREOLED::bootloader_app_reset(int)

.text._ZN7OREOLED19bootloader_app_pingEi
                0x00000000       0x96
 .text._ZN7OREOLED19bootloader_app_pingEi
                0x00000000       0x96 oreoled.cpp.o
                0x00000000                OREOLED::bootloader_app_ping(int)

.text._ZN7OREOLED25bootloader_inapp_checksumEi
                0x00000000      0x134
 .text._ZN7OREOLED25bootloader_inapp_checksumEi
                0x00000000      0x134 oreoled.cpp.o
                0x00000000                OREOLED::bootloader_inapp_checksum(int)

.text._ZN7OREOLED15bootloader_pingEi
                0x00000000      0x104
 .text._ZN7OREOLED15bootloader_pingEi
                0x00000000      0x104 oreoled.cpp.o
                0x00000000                OREOLED::bootloader_ping(int)

.text._ZN7OREOLED18bootloader_versionEi
                0x00000000       0xf8
 .text._ZN7OREOLED18bootloader_versionEi
                0x00000000       0xf8 oreoled.cpp.o
                0x00000000                OREOLED::bootloader_version(int)

.text._ZN7OREOLED22bootloader_app_versionEi
                0x00000000      0x130
 .text._ZN7OREOLED22bootloader_app_versionEi
                0x00000000      0x130 oreoled.cpp.o
                0x00000000                OREOLED::bootloader_app_version(int)

.text._ZN7OREOLED23bootloader_app_checksumEi
                0x00000000      0x130
 .text._ZN7OREOLED23bootloader_app_checksumEi
                0x00000000      0x130 oreoled.cpp.o
                0x00000000                OREOLED::bootloader_app_checksum(int)

.text._ZN7OREOLED21bootloader_set_colourEihh
                0x00000000      0x110
 .text._ZN7OREOLED21bootloader_set_colourEihh
                0x00000000      0x110 oreoled.cpp.o
                0x00000000                OREOLED::bootloader_set_colour(int, unsigned char, unsigned char)

.text._ZN7OREOLED15bootloader_bootEi
                0x00000000      0x130
 .text._ZN7OREOLED15bootloader_bootEi
                0x00000000      0x130 oreoled.cpp.o
                0x00000000                OREOLED::bootloader_boot(int)

.text._ZN7OREOLED22bootloader_fw_checksumEv
                0x00000000       0xbc
 .text._ZN7OREOLED22bootloader_fw_checksumEv
                0x00000000       0xbc oreoled.cpp.o
                0x00000000                OREOLED::bootloader_fw_checksum()

.text._ZN7OREOLED16bootloader_flashEi
                0x00000000      0x414
 .text._ZN7OREOLED16bootloader_flashEi
                0x00000000      0x414 oreoled.cpp.o
                0x00000000                OREOLED::bootloader_flash(int)

.text._ZN7OREOLED25bootloader_coerce_healthyEv
                0x00000000       0x3a
 .text._ZN7OREOLED25bootloader_coerce_healthyEv
                0x00000000       0x3a oreoled.cpp.o
                0x00000000                OREOLED::bootloader_coerce_healthy()

.text._ZN7OREOLED17send_general_callEv
                0x00000000       0x3a
 .text._ZN7OREOLED17send_general_callEv
                0x00000000       0x3a oreoled.cpp.o
                0x00000000                OREOLED::send_general_call()

.text._ZN7OREOLED5cycleEv
                0x00000000      0x39c
 .text._ZN7OREOLED5cycleEv
                0x00000000      0x39c oreoled.cpp.o
                0x00000000                OREOLED::cycle()

.text._ZN7OREOLED16cycle_trampolineEPv
                0x00000000       0x10
 .text._ZN7OREOLED16cycle_trampolineEPv
                0x00000000       0x10 oreoled.cpp.o
                0x00000000                OREOLED::cycle_trampoline(void*)

.text._ZN7OREOLED8send_cmdE13oreoled_cmd_t
                0x00000000       0x46
 .text._ZN7OREOLED8send_cmdE13oreoled_cmd_t
                0x00000000       0x46 oreoled.cpp.o
                0x00000000                OREOLED::send_cmd(oreoled_cmd_t)

.text._ZN7OREOLED8is_readyEv
                0x00000000        0x6
 .text._ZN7OREOLED8is_readyEv
                0x00000000        0x6 oreoled.cpp.o
                0x00000000                OREOLED::is_ready()

.text._Z13oreoled_usagev
                0x00000000       0x3c
 .text._Z13oreoled_usagev
                0x00000000       0x3c oreoled.cpp.o
                0x00000000                oreoled_usage()

.text.oreoled_main
                0x00000000      0x724
 .text.oreoled_main
                0x00000000      0x724 oreoled.cpp.o
                0x00000000                oreoled_main

.text._ZN7OREOLED4initEv
                0x00000000       0x2a
 .text._ZN7OREOLED4initEv
                0x00000000       0x2a oreoled.cpp.o
                0x00000000                OREOLED::init()

.text._ZN7OREOLED5ioctlEP4fileim
                0x00000000      0x2d0
 .text._ZN7OREOLED5ioctlEP4fileim
                0x00000000      0x2d0 oreoled.cpp.o
                0x00000000                OREOLED::ioctl(file*, int, unsigned long)

.fini
 *(SORT(.fini))

.rodata         0x00000000        0xe
 *(.rodata)
 .rodata        0x00000000        0xe oreoled.cpp.o

.rodata._ZTV7OREOLED
                0x00000000       0x64
 .rodata._ZTV7OREOLED
                0x00000000       0x64 oreoled.cpp.o
                0x00000000                vtable for OREOLED

.rodata.str1.1  0x00000000      0xea7
 .rodata.str1.1
                0x00000000      0xea7 oreoled.cpp.o

.rodata1
 *(.rodata1)

.ARM.extab
 *(.ARM.extab)

.ARM.exidx
 *(.ARM.exidx)

.eh_frame_hdr
 *(.eh_frame_hdr)

.eh_frame
 *(.eh_frame)

.gcc_except_table
 *(.gcc_except_table .gcc_except_table.*)

.exception_ranges
 *(.exception_ranges .exception_ranges*)

.eh_frame
 *(.eh_frame)

.gcc_except_table
 *(.gcc_except_table .gcc_except_table.*)

.exception_ranges
 *(.exception_ranges .exception_ranges*)

.tdata
 *(.tdata)

.tbss
 *(.tbss)

.preinit_array
 *(.preinit_array)

.jcr
 *(.jcr)

.dynamic
 *(.dynamic)

.got
 *(.got.plt)
 *(.igot.plt)
 *(.got)
 *(.igot)

.data           0x00000000        0x0
 *(.data)
 .data          0x00000000        0x0 oreoled.cpp.o

.data1
 *(.data1)

.bss            0x00000000        0x0
 *(.dynbss)
 *(.bss)
 .bss           0x00000000        0x0 oreoled.cpp.o
 *(COMMON)

.bss._ZN12_GLOBAL__N_19g_oreoledE
                0x00000000        0x4
 .bss._ZN12_GLOBAL__N_19g_oreoledE
                0x00000000        0x4 oreoled.cpp.o

.stab
 *(.stab)

.stabstr
 *(.stabstr)

.stab.excl
 *(.stab.excl)

.stab.exclstr
 *(.stab.exclstr)

.stab.index
 *(.stab.index)

.stab.indexstr
 *(.stab.indexstr)

.comment        0x00000000       0x71
 *(.comment)
 .comment       0x00000000       0x71 oreoled.cpp.o

.group          0x00000000        0x8
 .group         0x00000000        0x8 oreoled.cpp.o

.group          0x00000000        0x8
 .group         0x00000000        0x8 oreoled.cpp.o

.group          0x00000000        0x8
 .group         0x00000000        0x8 oreoled.cpp.o

.group          0x00000000        0x8
 .group         0x00000000        0x8 oreoled.cpp.o

.group          0x00000000        0x8
 .group         0x00000000        0x8 oreoled.cpp.o

.group          0x00000000        0x8
 .group         0x00000000        0x8 oreoled.cpp.o

.group          0x00000000        0x8
 .group         0x00000000        0x8 oreoled.cpp.o

.group          0x00000000        0x8
 .group         0x00000000        0x8 oreoled.cpp.o

.group          0x00000000        0x8
 .group         0x00000000        0x8 oreoled.cpp.o

.group          0x00000000        0x8
 .group         0x00000000        0x8 oreoled.cpp.o

.group          0x00000000        0x8
 .group         0x00000000        0x8 oreoled.cpp.o

.group          0x00000000        0x8
 .group         0x00000000        0x8 oreoled.cpp.o

.group          0x00000000        0x8
 .group         0x00000000        0x8 oreoled.cpp.o

.group          0x00000000        0x8
 .group         0x00000000        0x8 oreoled.cpp.o

.group          0x00000000        0x8
 .group         0x00000000        0x8 oreoled.cpp.o

.group          0x00000000        0x8
 .group         0x00000000        0x8 oreoled.cpp.o

.group          0x00000000        0x8
 .group         0x00000000        0x8 oreoled.cpp.o

.group          0x00000000        0x8
 .group         0x00000000        0x8 oreoled.cpp.o

.group          0x00000000        0x8
 .group         0x00000000        0x8 oreoled.cpp.o

.group          0x00000000        0x8
 .group         0x00000000        0x8 oreoled.cpp.o

.group          0x00000000        0x8
 .group         0x00000000        0x8 oreoled.cpp.o

.group          0x00000000        0x8
 .group         0x00000000        0x8 oreoled.cpp.o

.group          0x00000000        0x8
 .group         0x00000000        0x8 oreoled.cpp.o

.group          0x00000000        0x8
 .group         0x00000000        0x8 oreoled.cpp.o

.group          0x00000000        0x8
 .group         0x00000000        0x8 oreoled.cpp.o

.group          0x00000000        0x8
 .group         0x00000000        0x8 oreoled.cpp.o

.group          0x00000000        0x8
 .group         0x00000000        0x8 oreoled.cpp.o

.group          0x00000000        0x8
 .group         0x00000000        0x8 oreoled.cpp.o

.group          0x00000000        0x8
 .group         0x00000000        0x8 oreoled.cpp.o

.group          0x00000000        0x8
 .group         0x00000000        0x8 oreoled.cpp.o

.group          0x00000000        0x8
 .group         0x00000000        0x8 oreoled.cpp.o

.group          0x00000000        0x8
 .group         0x00000000        0x8 oreoled.cpp.o

.group          0x00000000        0x8
 .group         0x00000000        0x8 oreoled.cpp.o

.group          0x00000000        0x8
 .group         0x00000000        0x8 oreoled.cpp.o

.group          0x00000000        0x8
 .group         0x00000000        0x8 oreoled.cpp.o

.group          0x00000000        0x8
 .group         0x00000000        0x8 oreoled.cpp.o

.group          0x00000000        0x8
 .group         0x00000000        0x8 oreoled.cpp.o

.group          0x00000000        0x8
 .group         0x00000000        0x8 oreoled.cpp.o

.group          0x00000000        0x8
 .group         0x00000000        0x8 oreoled.cpp.o

.group          0x00000000        0x8
 .group         0x00000000        0x8 oreoled.cpp.o

.group          0x00000000        0x8
 .group         0x00000000        0x8 oreoled.cpp.o

.group          0x00000000        0x8
 .group         0x00000000        0x8 oreoled.cpp.o

.group          0x00000000        0x8
 .group         0x00000000        0x8 oreoled.cpp.o

.group          0x00000000        0x8
 .group         0x00000000        0x8 oreoled.cpp.o

.group          0x00000000        0x8
 .group         0x00000000        0x8 oreoled.cpp.o

.group          0x00000000        0x8
 .group         0x00000000        0x8 oreoled.cpp.o

.group          0x00000000        0x8
 .group         0x00000000        0x8 oreoled.cpp.o

.group          0x00000000        0x8
 .group         0x00000000        0x8 oreoled.cpp.o

.group          0x00000000        0x8
 .group         0x00000000        0x8 oreoled.cpp.o

.group          0x00000000        0x8
 .group         0x00000000        0x8 oreoled.cpp.o

.group          0x00000000        0x8
 .group         0x00000000        0x8 oreoled.cpp.o

.group          0x00000000        0x8
 .group         0x00000000        0x8 oreoled.cpp.o

.group          0x00000000        0x8
 .group         0x00000000        0x8 oreoled.cpp.o

.group          0x00000000        0x8
 .group         0x00000000        0x8 oreoled.cpp.o

.group          0x00000000        0x8
 .group         0x00000000        0x8 oreoled.cpp.o

.group          0x00000000        0x8
 .group         0x00000000        0x8 oreoled.cpp.o

.group          0x00000000        0x8
 .group         0x00000000        0x8 oreoled.cpp.o

.group          0x00000000        0x8
 .group         0x00000000        0x8 oreoled.cpp.o

.group          0x00000000        0x8
 .group         0x00000000        0x8 oreoled.cpp.o

.group          0x00000000        0x8
 .group         0x00000000        0x8 oreoled.cpp.o

.group          0x00000000        0x8
 .group         0x00000000        0x8 oreoled.cpp.o

.group          0x00000000        0x8
 .group         0x00000000        0x8 oreoled.cpp.o

.group          0x00000000        0x8
 .group         0x00000000        0x8 oreoled.cpp.o

.group          0x00000000        0x8
 .group         0x00000000        0x8 oreoled.cpp.o

.group          0x00000000        0x8
 .group         0x00000000        0x8 oreoled.cpp.o

.group          0x00000000        0x8
 .group         0x00000000        0x8 oreoled.cpp.o

.group          0x00000000        0x8
 .group         0x00000000        0x8 oreoled.cpp.o

.group          0x00000000        0x8
 .group         0x00000000        0x8 oreoled.cpp.o

.group          0x00000000        0x8
 .group         0x00000000        0x8 oreoled.cpp.o

.group          0x00000000        0x8
 .group         0x00000000        0x8 oreoled.cpp.o

.group          0x00000000        0x8
 .group         0x00000000        0x8 oreoled.cpp.o

.group          0x00000000        0x8
 .group         0x00000000        0x8 oreoled.cpp.o

.group          0x00000000        0x8
 .group         0x00000000        0x8 oreoled.cpp.o

.group          0x00000000        0x8
 .group         0x00000000        0x8 oreoled.cpp.o

.group          0x00000000        0x8
 .group         0x00000000        0x8 oreoled.cpp.o

.group          0x00000000        0x8
 .group         0x00000000        0x8 oreoled.cpp.o

.group          0x00000000        0x8
 .group         0x00000000        0x8 oreoled.cpp.o

.group          0x00000000        0x8
 .group         0x00000000        0x8 oreoled.cpp.o

.group          0x00000000        0x8
 .group         0x00000000        0x8 oreoled.cpp.o

.group          0x00000000        0x8
 .group         0x00000000        0x8 oreoled.cpp.o

.group          0x00000000        0x8
 .group         0x00000000        0x8 oreoled.cpp.o

.group          0x00000000        0x8
 .group         0x00000000        0x8 oreoled.cpp.o

.group          0x00000000        0x8
 .group         0x00000000        0x8 oreoled.cpp.o

.group          0x00000000        0x8
 .group         0x00000000        0x8 oreoled.cpp.o

.group          0x00000000        0x8
 .group         0x00000000        0x8 oreoled.cpp.o

.group          0x00000000        0x8
 .group         0x00000000        0x8 oreoled.cpp.o

.group          0x00000000        0x8
 .group         0x00000000        0x8 oreoled.cpp.o

.group          0x00000000        0x8
 .group         0x00000000        0x8 oreoled.cpp.o

.group          0x00000000        0x8
 .group         0x00000000        0x8 oreoled.cpp.o

.group          0x00000000        0x8
 .group         0x00000000        0x8 oreoled.cpp.o

.group          0x00000000        0x8
 .group         0x00000000        0x8 oreoled.cpp.o

.group          0x00000000        0x8
 .group         0x00000000        0x8 oreoled.cpp.o

.group          0x00000000        0x8
 .group         0x00000000        0x8 oreoled.cpp.o

.group          0x00000000        0x8
 .group         0x00000000        0x8 oreoled.cpp.o

.group          0x00000000        0x8
 .group         0x00000000        0x8 oreoled.cpp.o

.group          0x00000000        0x8
 .group         0x00000000        0x8 oreoled.cpp.o

.group          0x00000000        0x8
 .group         0x00000000        0x8 oreoled.cpp.o

.group          0x00000000        0x8
 .group         0x00000000        0x8 oreoled.cpp.o

.group          0x00000000        0x8
 .group         0x00000000        0x8 oreoled.cpp.o

.group          0x00000000        0x8
 .group         0x00000000        0x8 oreoled.cpp.o

.group          0x00000000        0x8
 .group         0x00000000        0x8 oreoled.cpp.o

.group          0x00000000        0x8
 .group         0x00000000        0x8 oreoled.cpp.o

.group          0x00000000        0x8
 .group         0x00000000        0x8 oreoled.cpp.o

.group          0x00000000        0x8
 .group         0x00000000        0x8 oreoled.cpp.o

.group          0x00000000        0x8
 .group         0x00000000        0x8 oreoled.cpp.o

.group          0x00000000        0x8
 .group         0x00000000        0x8 oreoled.cpp.o

.group          0x00000000        0x8
 .group         0x00000000        0x8 oreoled.cpp.o

.group          0x00000000        0x8
 .group         0x00000000        0x8 oreoled.cpp.o

.group          0x00000000        0x8
 .group         0x00000000        0x8 oreoled.cpp.o

.group          0x00000000        0x8
 .group         0x00000000        0x8 oreoled.cpp.o

.group          0x00000000        0x8
 .group         0x00000000        0x8 oreoled.cpp.o

.group          0x00000000        0x8
 .group         0x00000000        0x8 oreoled.cpp.o

.group          0x00000000        0x8
 .group         0x00000000        0x8 oreoled.cpp.o

.group          0x00000000        0x8
 .group         0x00000000        0x8 oreoled.cpp.o

.debug
 *(.debug)

.line
 *(.line)

.debug_srcinfo
 *(.debug_srcinfo)

.debug_sfnames
 *(.debug_sfnames)

.debug_aranges  0x00000000       0xf8
 *(.debug_aranges)
 .debug_aranges
                0x00000000       0xf8 oreoled.cpp.o

.debug_pubnames
 *(.debug_pubnames)

.debug_info     0x00000000     0x4ca0
 *(.debug_info)
 .debug_info    0x00000000     0x4ca0 oreoled.cpp.o

.debug_abbrev   0x00000000      0x647
 *(.debug_abbrev)
 .debug_abbrev  0x00000000      0x647 oreoled.cpp.o

.debug_line     0x00000000     0x219d
 *(.debug_line .debug_line.* .debug_line_end)
 .debug_line    0x00000000     0x219d oreoled.cpp.o

.debug_frame    0x00000000      0x374
 *(.debug_frame)
 .debug_frame   0x00000000      0x374 oreoled.cpp.o

.debug_str      0x00000000    0x4c389
 *(.debug_str)
 .debug_str     0x00000000    0x4c389 oreoled.cpp.o

.debug_loc      0x00000000     0x2568
 *(.debug_loc)
 .debug_loc     0x00000000     0x2568 oreoled.cpp.o

.debug_macinfo
 *(.debug_macinfo)

.debug_weaknames
 *(.debug_weaknames)

.debug_funcnames
 *(.debug_funcnames)

.debug_typenames
 *(.debug_typenames)

.debug_varnames
 *(.debug_varnames)

.debug_pubtypes
 *(.debug_pubtypes)

.debug_ranges   0x00000000      0x3c8
 *(.debug_ranges)
 .debug_ranges  0x00000000      0x3c8 oreoled.cpp.o

.debug_macro    0x00000000      0x72a
 *(.debug_macro)
 .debug_macro   0x00000000      0x72a oreoled.cpp.o

.stack
 *(.stack)

.ARM.attributes
                0x00000000       0x35
 *(.ARM.attributes)
 .ARM.attributes
                0x00000000       0x35 oreoled.cpp.o
 *(.gnu.attributes)

.note.gnu.arm.ident
 *(.note.gnu.arm.ident)
OUTPUT(d:/github/compiletest/34/ardupilot_rm_git/modules/PX4Firmware/Build/px4fmu-v2_APM.build/d/github/compiletest/34/ardupilot_rm_git/modules/PX4Firmware/src/drivers/oreoled/module.pre.o elf32-littlearm)

.debug_macro    0x00000000      0x95e
 .debug_macro   0x00000000      0x95e oreoled.cpp.o

.debug_macro    0x00000000       0x22
 .debug_macro   0x00000000       0x22 oreoled.cpp.o

.debug_macro    0x00000000      0x8b4
 .debug_macro   0x00000000      0x8b4 oreoled.cpp.o

.debug_macro    0x00000000       0xc9
 .debug_macro   0x00000000       0xc9 oreoled.cpp.o

.debug_macro    0x00000000       0x10
 .debug_macro   0x00000000       0x10 oreoled.cpp.o

.debug_macro    0x00000000       0x88
 .debug_macro   0x00000000       0x88 oreoled.cpp.o

.debug_macro    0x00000000      0x14e
 .debug_macro   0x00000000      0x14e oreoled.cpp.o

.debug_macro    0x00000000      0x12c
 .debug_macro   0x00000000      0x12c oreoled.cpp.o

.debug_macro    0x00000000       0x63
 .debug_macro   0x00000000       0x63 oreoled.cpp.o

.debug_macro    0x00000000       0x78
 .debug_macro   0x00000000       0x78 oreoled.cpp.o

.debug_macro    0x00000000       0x28
 .debug_macro   0x00000000       0x28 oreoled.cpp.o

.debug_macro    0x00000000      0x11b
 .debug_macro   0x00000000      0x11b oreoled.cpp.o

.debug_macro    0x00000000       0x59
 .debug_macro   0x00000000       0x59 oreoled.cpp.o

.debug_macro    0x00000000       0x4c
 .debug_macro   0x00000000       0x4c oreoled.cpp.o

.debug_macro    0x00000000      0x27f
 .debug_macro   0x00000000      0x27f oreoled.cpp.o

.debug_macro    0x00000000       0x10
 .debug_macro   0x00000000       0x10 oreoled.cpp.o

.debug_macro    0x00000000      0x195
 .debug_macro   0x00000000      0x195 oreoled.cpp.o

.debug_macro    0x00000000       0x8a
 .debug_macro   0x00000000       0x8a oreoled.cpp.o

.debug_macro    0x00000000       0x10
 .debug_macro   0x00000000       0x10 oreoled.cpp.o

.debug_macro    0x00000000       0x10
 .debug_macro   0x00000000       0x10 oreoled.cpp.o

.debug_macro    0x00000000      0x6cb
 .debug_macro   0x00000000      0x6cb oreoled.cpp.o

.debug_macro    0x00000000      0x20a
 .debug_macro   0x00000000      0x20a oreoled.cpp.o

.debug_macro    0x00000000      0xf6f
 .debug_macro   0x00000000      0xf6f oreoled.cpp.o

.debug_macro    0x00000000      0x2ab
 .debug_macro   0x00000000      0x2ab oreoled.cpp.o

.debug_macro    0x00000000      0x8b5
 .debug_macro   0x00000000      0x8b5 oreoled.cpp.o

.debug_macro    0x00000000       0x23
 .debug_macro   0x00000000       0x23 oreoled.cpp.o

.debug_macro    0x00000000       0x39
 .debug_macro   0x00000000       0x39 oreoled.cpp.o

.debug_macro    0x00000000       0x78
 .debug_macro   0x00000000       0x78 oreoled.cpp.o

.debug_macro    0x00000000      0x14e
 .debug_macro   0x00000000      0x14e oreoled.cpp.o

.debug_macro    0x00000000      0x7ca
 .debug_macro   0x00000000      0x7ca oreoled.cpp.o

.debug_macro    0x00000000       0xff
 .debug_macro   0x00000000       0xff oreoled.cpp.o

.debug_macro    0x00000000      0xae7
 .debug_macro   0x00000000      0xae7 oreoled.cpp.o

.debug_macro    0x00000000       0x51
 .debug_macro   0x00000000       0x51 oreoled.cpp.o

.debug_macro    0x00000000      0x11a
 .debug_macro   0x00000000      0x11a oreoled.cpp.o

.debug_macro    0x00000000       0x16
 .debug_macro   0x00000000       0x16 oreoled.cpp.o

.debug_macro    0x00000000       0x1d
 .debug_macro   0x00000000       0x1d oreoled.cpp.o

.debug_macro    0x00000000      0x23b
 .debug_macro   0x00000000      0x23b oreoled.cpp.o

.debug_macro    0x00000000      0x56a
 .debug_macro   0x00000000      0x56a oreoled.cpp.o

.debug_macro    0x00000000       0x9c
 .debug_macro   0x00000000       0x9c oreoled.cpp.o

.debug_macro    0x00000000      0x2bf
 .debug_macro   0x00000000      0x2bf oreoled.cpp.o

.debug_macro    0x00000000       0xd3
 .debug_macro   0x00000000       0xd3 oreoled.cpp.o

.debug_macro    0x00000000       0x16
 .debug_macro   0x00000000       0x16 oreoled.cpp.o

.debug_macro    0x00000000       0x34
 .debug_macro   0x00000000       0x34 oreoled.cpp.o

.debug_macro    0x00000000      0xab0
 .debug_macro   0x00000000      0xab0 oreoled.cpp.o

.debug_macro    0x00000000       0x17
 .debug_macro   0x00000000       0x17 oreoled.cpp.o

.debug_macro    0x00000000      0x6fa
 .debug_macro   0x00000000      0x6fa oreoled.cpp.o

.debug_macro    0x00000000       0x22
 .debug_macro   0x00000000       0x22 oreoled.cpp.o

.debug_macro    0x00000000      0x596
 .debug_macro   0x00000000      0x596 oreoled.cpp.o

.debug_macro    0x00000000       0x16
 .debug_macro   0x00000000       0x16 oreoled.cpp.o

.debug_macro    0x00000000      0x29b
 .debug_macro   0x00000000      0x29b oreoled.cpp.o

.debug_macro    0x00000000       0x16
 .debug_macro   0x00000000       0x16 oreoled.cpp.o

.debug_macro    0x00000000     0x15a4
 .debug_macro   0x00000000     0x15a4 oreoled.cpp.o

.debug_macro    0x00000000       0x53
 .debug_macro   0x00000000       0x53 oreoled.cpp.o

.debug_macro    0x00000000      0x347
 .debug_macro   0x00000000      0x347 oreoled.cpp.o

.debug_macro    0x00000000       0x96
 .debug_macro   0x00000000       0x96 oreoled.cpp.o

.debug_macro    0x00000000       0x1c
 .debug_macro   0x00000000       0x1c oreoled.cpp.o

.debug_macro    0x00000000       0x9a
 .debug_macro   0x00000000       0x9a oreoled.cpp.o

.debug_macro    0x00000000      0x1cf
 .debug_macro   0x00000000      0x1cf oreoled.cpp.o

.debug_macro    0x00000000      0x16c
 .debug_macro   0x00000000      0x16c oreoled.cpp.o

.debug_macro    0x00000000      0x413
 .debug_macro   0x00000000      0x413 oreoled.cpp.o

.debug_macro    0x00000000       0x5f
 .debug_macro   0x00000000       0x5f oreoled.cpp.o

.debug_macro    0x00000000       0x1d
 .debug_macro   0x00000000       0x1d oreoled.cpp.o

.debug_macro    0x00000000       0xdf
 .debug_macro   0x00000000       0xdf oreoled.cpp.o

.debug_macro    0x00000000       0x16
 .debug_macro   0x00000000       0x16 oreoled.cpp.o

.debug_macro    0x00000000      0x13f
 .debug_macro   0x00000000      0x13f oreoled.cpp.o

.debug_macro    0x00000000       0x16
 .debug_macro   0x00000000       0x16 oreoled.cpp.o

.debug_macro    0x00000000       0x1c
 .debug_macro   0x00000000       0x1c oreoled.cpp.o

.debug_macro    0x00000000      0xdb4
 .debug_macro   0x00000000      0xdb4 oreoled.cpp.o

.debug_macro    0x00000000       0x16
 .debug_macro   0x00000000       0x16 oreoled.cpp.o

.debug_macro    0x00000000      0x21b
 .debug_macro   0x00000000      0x21b oreoled.cpp.o

.debug_macro    0x00000000      0x2b6
 .debug_macro   0x00000000      0x2b6 oreoled.cpp.o

.debug_macro    0x00000000       0x28
 .debug_macro   0x00000000       0x28 oreoled.cpp.o

.debug_macro    0x00000000       0x12
 .debug_macro   0x00000000       0x12 oreoled.cpp.o

.debug_macro    0x00000000       0x22
 .debug_macro   0x00000000       0x22 oreoled.cpp.o

.debug_macro    0x00000000       0x44
 .debug_macro   0x00000000       0x44 oreoled.cpp.o

.debug_macro    0x00000000      0x2a4
 .debug_macro   0x00000000      0x2a4 oreoled.cpp.o

.debug_macro    0x00000000       0x58
 .debug_macro   0x00000000       0x58 oreoled.cpp.o

.debug_macro    0x00000000       0x4c
 .debug_macro   0x00000000       0x4c oreoled.cpp.o

.debug_macro    0x00000000       0x49
 .debug_macro   0x00000000       0x49 oreoled.cpp.o

.debug_macro    0x00000000      0x106
 .debug_macro   0x00000000      0x106 oreoled.cpp.o

.debug_macro    0x00000000       0x28
 .debug_macro   0x00000000       0x28 oreoled.cpp.o

.debug_macro    0x00000000       0xd1
 .debug_macro   0x00000000       0xd1 oreoled.cpp.o

.debug_macro    0x00000000       0x98
 .debug_macro   0x00000000       0x98 oreoled.cpp.o

.debug_macro    0x00000000       0x16
 .debug_macro   0x00000000       0x16 oreoled.cpp.o

.debug_macro    0x00000000       0xb4
 .debug_macro   0x00000000       0xb4 oreoled.cpp.o

.debug_macro    0x00000000       0x41
 .debug_macro   0x00000000       0x41 oreoled.cpp.o

.debug_macro    0x00000000       0x4d
 .debug_macro   0x00000000       0x4d oreoled.cpp.o

.debug_macro    0x00000000       0xd6
 .debug_macro   0x00000000       0xd6 oreoled.cpp.o

.debug_macro    0x00000000       0x58
 .debug_macro   0x00000000       0x58 oreoled.cpp.o

.debug_macro    0x00000000       0x2e
 .debug_macro   0x00000000       0x2e oreoled.cpp.o

.debug_macro    0x00000000       0x9c
 .debug_macro   0x00000000       0x9c oreoled.cpp.o

.debug_macro    0x00000000      0x281
 .debug_macro   0x00000000      0x281 oreoled.cpp.o

.debug_macro    0x00000000       0x22
 .debug_macro   0x00000000       0x22 oreoled.cpp.o

.debug_macro    0x00000000       0x29
 .debug_macro   0x00000000       0x29 oreoled.cpp.o

.debug_macro    0x00000000       0x31
 .debug_macro   0x00000000       0x31 oreoled.cpp.o

.debug_macro    0x00000000      0x167
 .debug_macro   0x00000000      0x167 oreoled.cpp.o

.debug_macro    0x00000000       0x16
 .debug_macro   0x00000000       0x16 oreoled.cpp.o

.debug_macro    0x00000000       0x5a
 .debug_macro   0x00000000       0x5a oreoled.cpp.o

.debug_macro    0x00000000      0x14d
 .debug_macro   0x00000000      0x14d oreoled.cpp.o

.debug_macro    0x00000000       0x59
 .debug_macro   0x00000000       0x59 oreoled.cpp.o

.debug_macro    0x00000000       0x70
 .debug_macro   0x00000000       0x70 oreoled.cpp.o

.debug_macro    0x00000000      0x6c1
 .debug_macro   0x00000000      0x6c1 oreoled.cpp.o

.debug_macro    0x00000000       0x10
 .debug_macro   0x00000000       0x10 oreoled.cpp.o

.debug_macro    0x00000000       0x1c
 .debug_macro   0x00000000       0x1c oreoled.cpp.o

.debug_macro    0x00000000       0x16
 .debug_macro   0x00000000       0x16 oreoled.cpp.o

.debug_macro    0x00000000       0x19
 .debug_macro   0x00000000       0x19 oreoled.cpp.o

.debug_macro    0x00000000       0x4d
 .debug_macro   0x00000000       0x4d oreoled.cpp.o

.debug_macro    0x00000000       0xc1
 .debug_macro   0x00000000       0xc1 oreoled.cpp.o

.debug_macro    0x00000000       0x10
 .debug_macro   0x00000000       0x10 oreoled.cpp.o

.debug_macro    0x00000000       0x28
 .debug_macro   0x00000000       0x28 oreoled.cpp.o

.debug_macro    0x00000000       0x5e
 .debug_macro   0x00000000       0x5e oreoled.cpp.o

.debug_macro    0x00000000       0xa4
 .debug_macro   0x00000000       0xa4 oreoled.cpp.o

.debug_macro    0x00000000       0xd1
 .debug_macro   0x00000000       0xd1 oreoled.cpp.o

.debug_macro    0x00000000       0xfb
 .debug_macro   0x00000000       0xfb oreoled.cpp.o
