
Discarded input sections

 .group         0x00000000        0x8 ms5611_spi.cpp.o
 .group         0x00000000        0x8 ms5611_spi.cpp.o
 .group         0x00000000        0x8 ms5611_spi.cpp.o
 .group         0x00000000        0x8 ms5611_spi.cpp.o
 .group         0x00000000        0x8 ms5611_spi.cpp.o
 .group         0x00000000        0x8 ms5611_spi.cpp.o
 .group         0x00000000        0x8 ms5611_spi.cpp.o
 .group         0x00000000        0x8 ms5611_spi.cpp.o
 .group         0x00000000        0x8 ms5611_spi.cpp.o
 .group         0x00000000        0x8 ms5611_spi.cpp.o
 .group         0x00000000        0x8 ms5611_spi.cpp.o
 .group         0x00000000        0x8 ms5611_spi.cpp.o
 .group         0x00000000        0x8 ms5611_spi.cpp.o
 .group         0x00000000        0x8 ms5611_spi.cpp.o
 .group         0x00000000        0x8 ms5611_spi.cpp.o
 .group         0x00000000        0x8 ms5611_spi.cpp.o
 .group         0x00000000        0x8 ms5611_spi.cpp.o
 .group         0x00000000        0x8 ms5611_spi.cpp.o
 .group         0x00000000        0x8 ms5611_spi.cpp.o
 .group         0x00000000        0x8 ms5611_spi.cpp.o
 .group         0x00000000        0x8 ms5611_spi.cpp.o
 .group         0x00000000        0x8 ms5611_spi.cpp.o
 .group         0x00000000        0x8 ms5611_spi.cpp.o
 .group         0x00000000        0x8 ms5611_spi.cpp.o
 .group         0x00000000        0x8 ms5611_spi.cpp.o
 .group         0x00000000        0x8 ms5611_spi.cpp.o
 .group         0x00000000        0x8 ms5611_spi.cpp.o
 .group         0x00000000        0x8 ms5611_spi.cpp.o
 .group         0x00000000        0x8 ms5611_spi.cpp.o
 .group         0x00000000        0x8 ms5611_spi.cpp.o
 .group         0x00000000        0x8 ms5611_spi.cpp.o
 .group         0x00000000        0x8 ms5611_spi.cpp.o
 .group         0x00000000        0x8 ms5611_spi.cpp.o
 .group         0x00000000        0x8 ms5611_spi.cpp.o
 .group         0x00000000        0x8 ms5611_spi.cpp.o
 .group         0x00000000        0x8 ms5611_spi.cpp.o
 .group         0x00000000        0x8 ms5611_spi.cpp.o
 .group         0x00000000        0x8 ms5611_spi.cpp.o
 .group         0x00000000        0x8 ms5611_spi.cpp.o
 .group         0x00000000        0x8 ms5611_spi.cpp.o
 .group         0x00000000        0x8 ms5611_spi.cpp.o
 .group         0x00000000        0x8 ms5611_spi.cpp.o
 .group         0x00000000        0x8 ms5611_spi.cpp.o
 .group         0x00000000        0x8 ms5611_spi.cpp.o
 .group         0x00000000        0x8 ms5611_spi.cpp.o
 .group         0x00000000        0x8 ms5611_spi.cpp.o
 .group         0x00000000        0x8 ms5611_spi.cpp.o
 .group         0x00000000        0x8 ms5611_spi.cpp.o
 .group         0x00000000        0x8 ms5611_spi.cpp.o
 .group         0x00000000        0x8 ms5611_spi.cpp.o
 .group         0x00000000        0x8 ms5611_spi.cpp.o
 .group         0x00000000        0x8 ms5611_spi.cpp.o
 .group         0x00000000        0x8 ms5611_spi.cpp.o
 .group         0x00000000        0x8 ms5611_spi.cpp.o
 .group         0x00000000        0x8 ms5611_spi.cpp.o
 .group         0x00000000        0x8 ms5611_spi.cpp.o
 .group         0x00000000        0x8 ms5611_spi.cpp.o
 .group         0x00000000        0x8 ms5611_spi.cpp.o
 .group         0x00000000        0x8 ms5611_spi.cpp.o
 .group         0x00000000        0x8 ms5611_spi.cpp.o
 .group         0x00000000        0x8 ms5611_spi.cpp.o
 .group         0x00000000        0x8 ms5611_spi.cpp.o
 .group         0x00000000        0x8 ms5611_spi.cpp.o
 .group         0x00000000        0x8 ms5611_spi.cpp.o
 .group         0x00000000        0x8 ms5611_spi.cpp.o
 .group         0x00000000        0x8 ms5611_spi.cpp.o
 .group         0x00000000        0x8 ms5611_spi.cpp.o
 .group         0x00000000        0x8 ms5611_spi.cpp.o
 .group         0x00000000        0x8 ms5611_spi.cpp.o
 .group         0x00000000        0x8 ms5611_spi.cpp.o
 .group         0x00000000        0x8 ms5611_spi.cpp.o
 .group         0x00000000        0x8 ms5611_spi.cpp.o
 .group         0x00000000        0x8 ms5611_spi.cpp.o
 .group         0x00000000        0x8 ms5611_spi.cpp.o
 .group         0x00000000        0x8 ms5611_spi.cpp.o
 .group         0x00000000        0x8 ms5611_spi.cpp.o
 .group         0x00000000        0x8 ms5611_spi.cpp.o
 .group         0x00000000        0x8 ms5611_spi.cpp.o
 .group         0x00000000        0x8 ms5611_spi.cpp.o
 .group         0x00000000        0x8 ms5611_spi.cpp.o
 .group         0x00000000        0x8 ms5611_spi.cpp.o
 .group         0x00000000        0x8 ms5611_spi.cpp.o
 .group         0x00000000        0x8 ms5611_spi.cpp.o
 .group         0x00000000        0x8 ms5611_spi.cpp.o
 .group         0x00000000        0x8 ms5611_spi.cpp.o
 .group         0x00000000        0x8 ms5611_spi.cpp.o
 .group         0x00000000        0x8 ms5611_spi.cpp.o
 .group         0x00000000        0x8 ms5611_spi.cpp.o
 .group         0x00000000        0x8 ms5611_spi.cpp.o
 .group         0x00000000        0x8 ms5611_spi.cpp.o
 .group         0x00000000        0x8 ms5611_spi.cpp.o
 .group         0x00000000        0x8 ms5611_spi.cpp.o
 .group         0x00000000        0x8 ms5611_spi.cpp.o
 .group         0x00000000        0x8 ms5611_spi.cpp.o
 .group         0x00000000        0x8 ms5611_spi.cpp.o
 .group         0x00000000        0x8 ms5611_spi.cpp.o
 .group         0x00000000        0x8 ms5611_spi.cpp.o
 .group         0x00000000        0x8 ms5611_spi.cpp.o
 .group         0x00000000        0x8 ms5611_spi.cpp.o
 .group         0x00000000        0x8 ms5611_spi.cpp.o
 .group         0x00000000        0x8 ms5611_spi.cpp.o
 .group         0x00000000        0x8 ms5611_spi.cpp.o
 .debug_macro   0x00000000      0x95e ms5611_spi.cpp.o
 .debug_macro   0x00000000       0x22 ms5611_spi.cpp.o
 .debug_macro   0x00000000      0x8b4 ms5611_spi.cpp.o
 .debug_macro   0x00000000       0xc9 ms5611_spi.cpp.o
 .debug_macro   0x00000000       0x10 ms5611_spi.cpp.o
 .debug_macro   0x00000000       0x88 ms5611_spi.cpp.o
 .debug_macro   0x00000000      0x14e ms5611_spi.cpp.o
 .debug_macro   0x00000000      0x12c ms5611_spi.cpp.o
 .debug_macro   0x00000000       0x63 ms5611_spi.cpp.o
 .debug_macro   0x00000000       0x78 ms5611_spi.cpp.o
 .debug_macro   0x00000000       0x28 ms5611_spi.cpp.o
 .debug_macro   0x00000000      0x11b ms5611_spi.cpp.o
 .debug_macro   0x00000000       0x59 ms5611_spi.cpp.o
 .debug_macro   0x00000000       0x4c ms5611_spi.cpp.o
 .debug_macro   0x00000000      0x27f ms5611_spi.cpp.o
 .debug_macro   0x00000000       0x10 ms5611_spi.cpp.o
 .debug_macro   0x00000000      0x195 ms5611_spi.cpp.o
 .debug_macro   0x00000000       0x8a ms5611_spi.cpp.o
 .debug_macro   0x00000000       0x10 ms5611_spi.cpp.o
 .debug_macro   0x00000000       0x10 ms5611_spi.cpp.o
 .debug_macro   0x00000000      0x6cb ms5611_spi.cpp.o
 .debug_macro   0x00000000      0x20a ms5611_spi.cpp.o
 .debug_macro   0x00000000      0xf6f ms5611_spi.cpp.o
 .debug_macro   0x00000000      0x2ab ms5611_spi.cpp.o
 .debug_macro   0x00000000      0x8b5 ms5611_spi.cpp.o
 .debug_macro   0x00000000       0x23 ms5611_spi.cpp.o
 .debug_macro   0x00000000       0x39 ms5611_spi.cpp.o
 .debug_macro   0x00000000       0x78 ms5611_spi.cpp.o
 .debug_macro   0x00000000      0x14e ms5611_spi.cpp.o
 .debug_macro   0x00000000      0x7ca ms5611_spi.cpp.o
 .debug_macro   0x00000000       0xff ms5611_spi.cpp.o
 .debug_macro   0x00000000      0xae7 ms5611_spi.cpp.o
 .debug_macro   0x00000000       0x51 ms5611_spi.cpp.o
 .debug_macro   0x00000000      0x11a ms5611_spi.cpp.o
 .debug_macro   0x00000000       0x16 ms5611_spi.cpp.o
 .debug_macro   0x00000000       0x1d ms5611_spi.cpp.o
 .debug_macro   0x00000000      0x23b ms5611_spi.cpp.o
 .debug_macro   0x00000000      0x56a ms5611_spi.cpp.o
 .debug_macro   0x00000000       0x9c ms5611_spi.cpp.o
 .debug_macro   0x00000000      0x2bf ms5611_spi.cpp.o
 .debug_macro   0x00000000       0xd3 ms5611_spi.cpp.o
 .debug_macro   0x00000000       0x16 ms5611_spi.cpp.o
 .debug_macro   0x00000000       0x34 ms5611_spi.cpp.o
 .debug_macro   0x00000000      0xab0 ms5611_spi.cpp.o
 .debug_macro   0x00000000       0x17 ms5611_spi.cpp.o
 .debug_macro   0x00000000      0x6fa ms5611_spi.cpp.o
 .debug_macro   0x00000000       0x22 ms5611_spi.cpp.o
 .debug_macro   0x00000000      0x596 ms5611_spi.cpp.o
 .debug_macro   0x00000000       0x16 ms5611_spi.cpp.o
 .debug_macro   0x00000000      0x29b ms5611_spi.cpp.o
 .debug_macro   0x00000000       0x16 ms5611_spi.cpp.o
 .debug_macro   0x00000000     0x15a4 ms5611_spi.cpp.o
 .debug_macro   0x00000000       0x53 ms5611_spi.cpp.o
 .debug_macro   0x00000000      0x347 ms5611_spi.cpp.o
 .debug_macro   0x00000000       0x96 ms5611_spi.cpp.o
 .debug_macro   0x00000000       0x1c ms5611_spi.cpp.o
 .debug_macro   0x00000000       0x9a ms5611_spi.cpp.o
 .debug_macro   0x00000000      0x1cf ms5611_spi.cpp.o
 .debug_macro   0x00000000      0x16c ms5611_spi.cpp.o
 .debug_macro   0x00000000      0x413 ms5611_spi.cpp.o
 .debug_macro   0x00000000       0x5f ms5611_spi.cpp.o
 .debug_macro   0x00000000       0x1d ms5611_spi.cpp.o
 .debug_macro   0x00000000       0xdf ms5611_spi.cpp.o
 .debug_macro   0x00000000       0x16 ms5611_spi.cpp.o
 .debug_macro   0x00000000      0x13f ms5611_spi.cpp.o
 .debug_macro   0x00000000       0x16 ms5611_spi.cpp.o
 .debug_macro   0x00000000       0x1c ms5611_spi.cpp.o
 .debug_macro   0x00000000      0xdb4 ms5611_spi.cpp.o
 .debug_macro   0x00000000       0x16 ms5611_spi.cpp.o
 .debug_macro   0x00000000      0x21b ms5611_spi.cpp.o
 .debug_macro   0x00000000      0x2b6 ms5611_spi.cpp.o
 .debug_macro   0x00000000      0x6c1 ms5611_spi.cpp.o
 .debug_macro   0x00000000       0xd1 ms5611_spi.cpp.o
 .debug_macro   0x00000000       0x28 ms5611_spi.cpp.o
 .debug_macro   0x00000000       0x22 ms5611_spi.cpp.o
 .debug_macro   0x00000000      0x2a4 ms5611_spi.cpp.o
 .debug_macro   0x00000000       0x58 ms5611_spi.cpp.o
 .debug_macro   0x00000000       0x4c ms5611_spi.cpp.o
 .debug_macro   0x00000000       0x49 ms5611_spi.cpp.o
 .debug_macro   0x00000000      0x106 ms5611_spi.cpp.o
 .debug_macro   0x00000000       0x28 ms5611_spi.cpp.o
 .debug_macro   0x00000000       0x98 ms5611_spi.cpp.o
 .debug_macro   0x00000000       0x16 ms5611_spi.cpp.o
 .debug_macro   0x00000000       0xb4 ms5611_spi.cpp.o
 .debug_macro   0x00000000       0x41 ms5611_spi.cpp.o
 .debug_macro   0x00000000       0x4d ms5611_spi.cpp.o
 .debug_macro   0x00000000       0xd6 ms5611_spi.cpp.o
 .debug_macro   0x00000000       0x58 ms5611_spi.cpp.o
 .debug_macro   0x00000000       0x2e ms5611_spi.cpp.o
 .debug_macro   0x00000000       0x9c ms5611_spi.cpp.o
 .debug_macro   0x00000000      0x281 ms5611_spi.cpp.o
 .debug_macro   0x00000000       0x22 ms5611_spi.cpp.o
 .debug_macro   0x00000000       0x29 ms5611_spi.cpp.o
 .debug_macro   0x00000000       0x31 ms5611_spi.cpp.o
 .debug_macro   0x00000000      0x167 ms5611_spi.cpp.o
 .debug_macro   0x00000000       0x16 ms5611_spi.cpp.o
 .debug_macro   0x00000000       0x5a ms5611_spi.cpp.o
 .debug_macro   0x00000000      0x14d ms5611_spi.cpp.o
 .debug_macro   0x00000000       0x59 ms5611_spi.cpp.o
 .debug_macro   0x00000000       0x70 ms5611_spi.cpp.o
 .debug_macro   0x00000000       0x10 ms5611_spi.cpp.o
 .debug_macro   0x00000000       0x70 ms5611_spi.cpp.o
 .group         0x00000000        0x8 ms5611_i2c.cpp.o
 .group         0x00000000        0x8 ms5611_i2c.cpp.o
 .group         0x00000000        0x8 ms5611_i2c.cpp.o
 .group         0x00000000        0x8 ms5611_i2c.cpp.o
 .group         0x00000000        0x8 ms5611_i2c.cpp.o
 .group         0x00000000        0x8 ms5611_i2c.cpp.o
 .group         0x00000000        0x8 ms5611_i2c.cpp.o
 .group         0x00000000        0x8 ms5611_i2c.cpp.o
 .group         0x00000000        0x8 ms5611_i2c.cpp.o
 .group         0x00000000        0x8 ms5611_i2c.cpp.o
 .group         0x00000000        0x8 ms5611_i2c.cpp.o
 .group         0x00000000        0x8 ms5611_i2c.cpp.o
 .group         0x00000000        0x8 ms5611_i2c.cpp.o
 .group         0x00000000        0x8 ms5611_i2c.cpp.o
 .group         0x00000000        0x8 ms5611_i2c.cpp.o
 .group         0x00000000        0x8 ms5611_i2c.cpp.o
 .group         0x00000000        0x8 ms5611_i2c.cpp.o
 .group         0x00000000        0x8 ms5611_i2c.cpp.o
 .group         0x00000000        0x8 ms5611_i2c.cpp.o
 .group         0x00000000        0x8 ms5611_i2c.cpp.o
 .group         0x00000000        0x8 ms5611_i2c.cpp.o
 .group         0x00000000        0x8 ms5611_i2c.cpp.o
 .group         0x00000000        0x8 ms5611_i2c.cpp.o
 .group         0x00000000        0x8 ms5611_i2c.cpp.o
 .group         0x00000000        0x8 ms5611_i2c.cpp.o
 .group         0x00000000        0x8 ms5611_i2c.cpp.o
 .group         0x00000000        0x8 ms5611_i2c.cpp.o
 .group         0x00000000        0x8 ms5611_i2c.cpp.o
 .group         0x00000000        0x8 ms5611_i2c.cpp.o
 .group         0x00000000        0x8 ms5611_i2c.cpp.o
 .group         0x00000000        0x8 ms5611_i2c.cpp.o
 .group         0x00000000        0x8 ms5611_i2c.cpp.o
 .group         0x00000000        0x8 ms5611_i2c.cpp.o
 .group         0x00000000        0x8 ms5611_i2c.cpp.o
 .group         0x00000000        0x8 ms5611_i2c.cpp.o
 .group         0x00000000        0x8 ms5611_i2c.cpp.o
 .group         0x00000000        0x8 ms5611_i2c.cpp.o
 .group         0x00000000        0x8 ms5611_i2c.cpp.o
 .group         0x00000000        0x8 ms5611_i2c.cpp.o
 .group         0x00000000        0x8 ms5611_i2c.cpp.o
 .group         0x00000000        0x8 ms5611_i2c.cpp.o
 .group         0x00000000        0x8 ms5611_i2c.cpp.o
 .group         0x00000000        0x8 ms5611_i2c.cpp.o
 .group         0x00000000        0x8 ms5611_i2c.cpp.o
 .group         0x00000000        0x8 ms5611_i2c.cpp.o
 .group         0x00000000        0x8 ms5611_i2c.cpp.o
 .group         0x00000000        0x8 ms5611_i2c.cpp.o
 .group         0x00000000        0x8 ms5611_i2c.cpp.o
 .group         0x00000000        0x8 ms5611_i2c.cpp.o
 .group         0x00000000        0x8 ms5611_i2c.cpp.o
 .group         0x00000000        0x8 ms5611_i2c.cpp.o
 .group         0x00000000        0x8 ms5611_i2c.cpp.o
 .group         0x00000000        0x8 ms5611_i2c.cpp.o
 .group         0x00000000        0x8 ms5611_i2c.cpp.o
 .group         0x00000000        0x8 ms5611_i2c.cpp.o
 .group         0x00000000        0x8 ms5611_i2c.cpp.o
 .group         0x00000000        0x8 ms5611_i2c.cpp.o
 .group         0x00000000        0x8 ms5611_i2c.cpp.o
 .group         0x00000000        0x8 ms5611_i2c.cpp.o
 .group         0x00000000        0x8 ms5611_i2c.cpp.o
 .group         0x00000000        0x8 ms5611_i2c.cpp.o
 .group         0x00000000        0x8 ms5611_i2c.cpp.o
 .group         0x00000000        0x8 ms5611_i2c.cpp.o
 .group         0x00000000        0x8 ms5611_i2c.cpp.o
 .group         0x00000000        0x8 ms5611_i2c.cpp.o
 .group         0x00000000        0x8 ms5611_i2c.cpp.o
 .group         0x00000000        0x8 ms5611_i2c.cpp.o
 .group         0x00000000        0x8 ms5611_i2c.cpp.o
 .group         0x00000000        0x8 ms5611_i2c.cpp.o
 .group         0x00000000        0x8 ms5611_i2c.cpp.o
 .group         0x00000000        0x8 ms5611_i2c.cpp.o
 .group         0x00000000        0x8 ms5611_i2c.cpp.o
 .group         0x00000000        0x8 ms5611_i2c.cpp.o
 .group         0x00000000        0x8 ms5611_i2c.cpp.o
 .group         0x00000000        0x8 ms5611_i2c.cpp.o
 .group         0x00000000        0x8 ms5611_i2c.cpp.o
 .group         0x00000000        0x8 ms5611_i2c.cpp.o
 .group         0x00000000        0x8 ms5611_i2c.cpp.o
 .group         0x00000000        0x8 ms5611_i2c.cpp.o
 .group         0x00000000        0x8 ms5611_i2c.cpp.o
 .group         0x00000000        0x8 ms5611_i2c.cpp.o
 .group         0x00000000        0x8 ms5611_i2c.cpp.o
 .group         0x00000000        0x8 ms5611_i2c.cpp.o
 .group         0x00000000        0x8 ms5611_i2c.cpp.o
 .group         0x00000000        0x8 ms5611_i2c.cpp.o
 .group         0x00000000        0x8 ms5611_i2c.cpp.o
 .group         0x00000000        0x8 ms5611_i2c.cpp.o
 .group         0x00000000        0x8 ms5611_i2c.cpp.o
 .group         0x00000000        0x8 ms5611_i2c.cpp.o
 .group         0x00000000        0x8 ms5611_i2c.cpp.o
 .group         0x00000000        0x8 ms5611_i2c.cpp.o
 .group         0x00000000        0x8 ms5611_i2c.cpp.o
 .group         0x00000000        0x8 ms5611_i2c.cpp.o
 .group         0x00000000        0x8 ms5611_i2c.cpp.o
 .group         0x00000000        0x8 ms5611_i2c.cpp.o
 .group         0x00000000        0x8 ms5611_i2c.cpp.o
 .group         0x00000000        0x8 ms5611_i2c.cpp.o
 .group         0x00000000        0x8 ms5611_i2c.cpp.o
 .group         0x00000000        0x8 ms5611_i2c.cpp.o
 .group         0x00000000        0x8 ms5611_i2c.cpp.o
 .group         0x00000000        0x8 ms5611_i2c.cpp.o
 .group         0x00000000        0x8 ms5611_i2c.cpp.o
 .group         0x00000000        0x8 ms5611_i2c.cpp.o
 .group         0x00000000        0x8 ms5611_i2c.cpp.o
 .group         0x00000000        0x8 ms5611_i2c.cpp.o
 .group         0x00000000        0x8 ms5611_i2c.cpp.o
 .group         0x00000000        0x8 ms5611_i2c.cpp.o
 .group         0x00000000        0x8 ms5611_i2c.cpp.o
 .group         0x00000000        0x8 ms5611_i2c.cpp.o
 .debug_macro   0x00000000      0x95e ms5611_i2c.cpp.o
 .debug_macro   0x00000000       0x22 ms5611_i2c.cpp.o
 .debug_macro   0x00000000      0x8b4 ms5611_i2c.cpp.o
 .debug_macro   0x00000000       0xc9 ms5611_i2c.cpp.o
 .debug_macro   0x00000000       0x10 ms5611_i2c.cpp.o
 .debug_macro   0x00000000       0x88 ms5611_i2c.cpp.o
 .debug_macro   0x00000000      0x14e ms5611_i2c.cpp.o
 .debug_macro   0x00000000      0x12c ms5611_i2c.cpp.o
 .debug_macro   0x00000000       0x63 ms5611_i2c.cpp.o
 .debug_macro   0x00000000       0x78 ms5611_i2c.cpp.o
 .debug_macro   0x00000000       0x28 ms5611_i2c.cpp.o
 .debug_macro   0x00000000      0x11b ms5611_i2c.cpp.o
 .debug_macro   0x00000000       0x59 ms5611_i2c.cpp.o
 .debug_macro   0x00000000       0x4c ms5611_i2c.cpp.o
 .debug_macro   0x00000000      0x27f ms5611_i2c.cpp.o
 .debug_macro   0x00000000       0x10 ms5611_i2c.cpp.o
 .debug_macro   0x00000000      0x195 ms5611_i2c.cpp.o
 .debug_macro   0x00000000       0x8a ms5611_i2c.cpp.o
 .debug_macro   0x00000000       0x10 ms5611_i2c.cpp.o
 .debug_macro   0x00000000       0x10 ms5611_i2c.cpp.o
 .debug_macro   0x00000000      0x6cb ms5611_i2c.cpp.o
 .debug_macro   0x00000000      0x20a ms5611_i2c.cpp.o
 .debug_macro   0x00000000      0xf6f ms5611_i2c.cpp.o
 .debug_macro   0x00000000      0x2ab ms5611_i2c.cpp.o
 .debug_macro   0x00000000      0x8b5 ms5611_i2c.cpp.o
 .debug_macro   0x00000000       0x23 ms5611_i2c.cpp.o
 .debug_macro   0x00000000       0x39 ms5611_i2c.cpp.o
 .debug_macro   0x00000000       0x78 ms5611_i2c.cpp.o
 .debug_macro   0x00000000      0x14e ms5611_i2c.cpp.o
 .debug_macro   0x00000000      0x7ca ms5611_i2c.cpp.o
 .debug_macro   0x00000000       0xff ms5611_i2c.cpp.o
 .debug_macro   0x00000000      0xae7 ms5611_i2c.cpp.o
 .debug_macro   0x00000000       0x51 ms5611_i2c.cpp.o
 .debug_macro   0x00000000      0x11a ms5611_i2c.cpp.o
 .debug_macro   0x00000000       0x16 ms5611_i2c.cpp.o
 .debug_macro   0x00000000       0x1d ms5611_i2c.cpp.o
 .debug_macro   0x00000000      0x23b ms5611_i2c.cpp.o
 .debug_macro   0x00000000      0x56a ms5611_i2c.cpp.o
 .debug_macro   0x00000000       0x9c ms5611_i2c.cpp.o
 .debug_macro   0x00000000      0x2bf ms5611_i2c.cpp.o
 .debug_macro   0x00000000       0xd3 ms5611_i2c.cpp.o
 .debug_macro   0x00000000       0x16 ms5611_i2c.cpp.o
 .debug_macro   0x00000000       0x34 ms5611_i2c.cpp.o
 .debug_macro   0x00000000      0xab0 ms5611_i2c.cpp.o
 .debug_macro   0x00000000       0x17 ms5611_i2c.cpp.o
 .debug_macro   0x00000000      0x6fa ms5611_i2c.cpp.o
 .debug_macro   0x00000000       0x22 ms5611_i2c.cpp.o
 .debug_macro   0x00000000      0x596 ms5611_i2c.cpp.o
 .debug_macro   0x00000000       0x16 ms5611_i2c.cpp.o
 .debug_macro   0x00000000      0x29b ms5611_i2c.cpp.o
 .debug_macro   0x00000000       0x16 ms5611_i2c.cpp.o
 .debug_macro   0x00000000     0x15a4 ms5611_i2c.cpp.o
 .debug_macro   0x00000000       0x53 ms5611_i2c.cpp.o
 .debug_macro   0x00000000      0x347 ms5611_i2c.cpp.o
 .debug_macro   0x00000000       0x96 ms5611_i2c.cpp.o
 .debug_macro   0x00000000       0x1c ms5611_i2c.cpp.o
 .debug_macro   0x00000000       0x9a ms5611_i2c.cpp.o
 .debug_macro   0x00000000      0x1cf ms5611_i2c.cpp.o
 .debug_macro   0x00000000      0x16c ms5611_i2c.cpp.o
 .debug_macro   0x00000000      0x413 ms5611_i2c.cpp.o
 .debug_macro   0x00000000       0x5f ms5611_i2c.cpp.o
 .debug_macro   0x00000000       0x1d ms5611_i2c.cpp.o
 .debug_macro   0x00000000       0xdf ms5611_i2c.cpp.o
 .debug_macro   0x00000000       0x16 ms5611_i2c.cpp.o
 .debug_macro   0x00000000      0x13f ms5611_i2c.cpp.o
 .debug_macro   0x00000000       0x16 ms5611_i2c.cpp.o
 .debug_macro   0x00000000       0x1c ms5611_i2c.cpp.o
 .debug_macro   0x00000000      0xdb4 ms5611_i2c.cpp.o
 .debug_macro   0x00000000       0x16 ms5611_i2c.cpp.o
 .debug_macro   0x00000000      0x21b ms5611_i2c.cpp.o
 .debug_macro   0x00000000      0x2b6 ms5611_i2c.cpp.o
 .debug_macro   0x00000000       0x28 ms5611_i2c.cpp.o
 .debug_macro   0x00000000       0x12 ms5611_i2c.cpp.o
 .debug_macro   0x00000000       0x22 ms5611_i2c.cpp.o
 .debug_macro   0x00000000       0x44 ms5611_i2c.cpp.o
 .debug_macro   0x00000000      0x2a4 ms5611_i2c.cpp.o
 .debug_macro   0x00000000       0x58 ms5611_i2c.cpp.o
 .debug_macro   0x00000000       0x4c ms5611_i2c.cpp.o
 .debug_macro   0x00000000       0x49 ms5611_i2c.cpp.o
 .debug_macro   0x00000000      0x106 ms5611_i2c.cpp.o
 .debug_macro   0x00000000       0x28 ms5611_i2c.cpp.o
 .debug_macro   0x00000000       0xd1 ms5611_i2c.cpp.o
 .debug_macro   0x00000000       0x98 ms5611_i2c.cpp.o
 .debug_macro   0x00000000       0x16 ms5611_i2c.cpp.o
 .debug_macro   0x00000000       0xb4 ms5611_i2c.cpp.o
 .debug_macro   0x00000000       0x41 ms5611_i2c.cpp.o
 .debug_macro   0x00000000       0x4d ms5611_i2c.cpp.o
 .debug_macro   0x00000000       0xd6 ms5611_i2c.cpp.o
 .debug_macro   0x00000000       0x58 ms5611_i2c.cpp.o
 .debug_macro   0x00000000       0x2e ms5611_i2c.cpp.o
 .debug_macro   0x00000000       0x9c ms5611_i2c.cpp.o
 .debug_macro   0x00000000      0x281 ms5611_i2c.cpp.o
 .debug_macro   0x00000000       0x22 ms5611_i2c.cpp.o
 .debug_macro   0x00000000       0x29 ms5611_i2c.cpp.o
 .debug_macro   0x00000000       0x31 ms5611_i2c.cpp.o
 .debug_macro   0x00000000      0x167 ms5611_i2c.cpp.o
 .debug_macro   0x00000000       0x16 ms5611_i2c.cpp.o
 .debug_macro   0x00000000       0x5a ms5611_i2c.cpp.o
 .debug_macro   0x00000000      0x6c1 ms5611_i2c.cpp.o
 .debug_macro   0x00000000      0x14d ms5611_i2c.cpp.o
 .debug_macro   0x00000000       0x59 ms5611_i2c.cpp.o
 .debug_macro   0x00000000       0x70 ms5611_i2c.cpp.o
 .debug_macro   0x00000000       0x10 ms5611_i2c.cpp.o
 .debug_macro   0x00000000       0x1c ms5611_i2c.cpp.o
 .debug_macro   0x00000000       0x16 ms5611_i2c.cpp.o
 .debug_macro   0x00000000       0x19 ms5611_i2c.cpp.o
 .debug_macro   0x00000000       0x4d ms5611_i2c.cpp.o
 .debug_macro   0x00000000       0xc1 ms5611_i2c.cpp.o
 .debug_macro   0x00000000       0x70 ms5611_i2c.cpp.o

Memory Configuration

Name             Origin             Length             Attributes
*default*        0x00000000         0xffffffff

Linker script and memory map

LOAD ms5611_nuttx.cpp.o
LOAD ms5611_spi.cpp.o
LOAD ms5611_i2c.cpp.o

.interp
 *(.interp)

.note.gnu.build-id
 *(.note.gnu.build-id)

.hash
 *(.hash)

.gnu.hash
 *(.gnu.hash)

.dynsym
 *(.dynsym)

.dynstr
 *(.dynstr)

.gnu.version
 *(.gnu.version)

.gnu.version_d
 *(.gnu.version_d)

.gnu.version_r
 *(.gnu.version_r)

.rel.init
 *(.rel.init)

.rela.init
 *(.rela.init)

.rel.text
 *(.rel.text)

.rela.text
 *(.rela.text)

.rel.fini
 *(.rel.fini)

.rela.fini
 *(.rela.fini)

.rel.rodata
 *(.rel.rodata)

.rela.rodata
 *(.rela.rodata)

.rel.data.rel.ro
 *(.rel.data.rel.ro)

.rela.data.rel.ro
 *(.rela.data.rel.ro)

.rel.data
 *(.rel.data)

.rela.data
 *(.rela.data)

.rel.tdata
 *(.rel.tdata)

.rela.tdata
 *(.rela.tdata)

.rel.tbss
 *(.rel.tbss)

.rela.tbss
 *(.rela.tbss)

.rel.ctors
 *(.rel.ctors)

.rela.ctors
 *(.rela.ctors)

.rel.dtors
 *(.rel.dtors)

.rela.dtors
 *(.rela.dtors)

.rel.got
 *(.rel.got)

.rela.got
 *(.rela.got)

.rel.bss
 *(.rel.bss)

.rela.bss
 *(.rela.bss)

.rel.iplt
 *(.rel.iplt)

.rela.iplt
 *(.rela.iplt)

.rel.plt
 *(.rel.plt)

.rela.plt
 *(.rela.plt)

.init
 *(SORT(.init))

.plt
 *(.plt)

.iplt
 *(.iplt)

.text           0x00000000        0x0
 *(.text .stub)
 .text          0x00000000        0x0 ms5611_nuttx.cpp.o
 .text          0x00000000        0x0 ms5611_spi.cpp.o
 .text          0x00000000        0x0 ms5611_i2c.cpp.o
 *(.gnu.warning)

.text._ZN6MS56117measureEv
                0x00000000       0x42
 .text._ZN6MS56117measureEv
                0x00000000       0x42 ms5611_nuttx.cpp.o
                0x00000000                MS5611::measure()

.text._ZN6MS56117collectEv
                0x00000000      0x29c
 .text._ZN6MS56117collectEv
                0x00000000      0x29c ms5611_nuttx.cpp.o
                0x00000000                MS5611::collect()

.text._ZN6MS56114readEP4filePcj
                0x00000000       0xa6
 .text._ZN6MS56114readEP4filePcj
                0x00000000       0xa6 ms5611_nuttx.cpp.o
                0x00000000                MS5611::read(file*, char*, unsigned int)

.text._ZN6MS5611C2EPN6device6DeviceERN6ms56116prom_uEPKc
                0x00000000       0xc8
 .text._ZN6MS5611C2EPN6device6DeviceERN6ms56116prom_uEPKc
                0x00000000       0xc8 ms5611_nuttx.cpp.o
                0x00000000                MS5611::MS5611(device::Device*, ms5611::prom_u&, char const*)
                0x00000000                MS5611::MS5611(device::Device*, ms5611::prom_u&, char const*)

.text._ZN6MS561111start_cycleEj
                0x00000000       0x30
 .text._ZN6MS561111start_cycleEj
                0x00000000       0x30 ms5611_nuttx.cpp.o
                0x00000000                MS5611::start_cycle(unsigned int)

.text._ZN6MS561110stop_cycleEv
                0x00000000        0xa
 .text._ZN6MS561110stop_cycleEv
                0x00000000        0xa ms5611_nuttx.cpp.o
                0x00000000                MS5611::stop_cycle()

.text._ZN6MS5611D2Ev
                0x00000000       0x60
 .text._ZN6MS5611D2Ev
                0x00000000       0x60 ms5611_nuttx.cpp.o
                0x00000000                MS5611::~MS5611()
                0x00000000                MS5611::~MS5611()

.text._ZN6MS5611D0Ev
                0x00000000       0x12
 .text._ZN6MS5611D0Ev
                0x00000000       0x12 ms5611_nuttx.cpp.o
                0x00000000                MS5611::~MS5611()

.text._ZN6MS56115cycleEv
                0x00000000       0x78
 .text._ZN6MS56115cycleEv
                0x00000000       0x78 ms5611_nuttx.cpp.o
                0x00000000                MS5611::cycle()

.text._ZN6MS561116cycle_trampolineEPv
                0x00000000        0x4
 .text._ZN6MS561116cycle_trampolineEPv
                0x00000000        0x4 ms5611_nuttx.cpp.o
                0x00000000                MS5611::cycle_trampoline(void*)

.text._ZN6MS561110print_infoEv
                0x00000000      0x12c
 .text._ZN6MS561110print_infoEv
                0x00000000      0x12c ms5611_nuttx.cpp.o
                0x00000000                MS5611::print_info()

.text._ZN6ms56114crc4EPt
                0x00000000       0x5c
 .text._ZN6ms56114crc4EPt
                0x00000000       0x5c ms5611_nuttx.cpp.o
                0x00000000                ms5611::crc4(unsigned short*)

.text._ZN6ms56119start_busERNS_17ms5611_bus_optionE
                0x00000000       0xb0
 .text._ZN6ms56119start_busERNS_17ms5611_bus_optionE
                0x00000000       0xb0 ms5611_nuttx.cpp.o
                0x00000000                ms5611::start_bus(ms5611::ms5611_bus_option&)

.text._ZN6ms56115startE10MS5611_BUS
                0x00000000       0x44
 .text._ZN6ms56115startE10MS5611_BUS
                0x00000000       0x44 ms5611_nuttx.cpp.o
                0x00000000                ms5611::start(MS5611_BUS)

.text._ZN6ms56118find_busE10MS5611_BUS
                0x00000000       0x38
 .text._ZN6ms56118find_busE10MS5611_BUS
                0x00000000       0x38 ms5611_nuttx.cpp.o
                0x00000000                ms5611::find_bus(MS5611_BUS)

.text._ZN6ms56114testE10MS5611_BUS
                0x00000000      0x158
 .text._ZN6ms56114testE10MS5611_BUS
                0x00000000      0x158 ms5611_nuttx.cpp.o
                0x00000000                ms5611::test(MS5611_BUS)

.text._ZN6ms56115resetE10MS5611_BUS
                0x00000000       0x5c
 .text._ZN6ms56115resetE10MS5611_BUS
                0x00000000       0x5c ms5611_nuttx.cpp.o
                0x00000000                ms5611::reset(MS5611_BUS)

.text._ZN6ms56114infoEv
                0x00000000       0x30
 .text._ZN6ms56114infoEv
                0x00000000       0x30 ms5611_nuttx.cpp.o
                0x00000000                ms5611::info()

.text._ZN6ms56119calibrateEj10MS5611_BUS
                0x00000000      0x144
 .text._ZN6ms56119calibrateEj10MS5611_BUS
                0x00000000      0x144 ms5611_nuttx.cpp.o
                0x00000000                ms5611::calibrate(unsigned int, MS5611_BUS)

.text._ZN6ms56115usageEv
                0x00000000       0x44
 .text._ZN6ms56115usageEv
                0x00000000       0x44 ms5611_nuttx.cpp.o
                0x00000000                ms5611::usage()

.text.ms5611_main
                0x00000000       0xe0
 .text.ms5611_main
                0x00000000       0xe0 ms5611_nuttx.cpp.o
                0x00000000                ms5611_main

.text._ZN6MS56114initEv
                0x00000000       0xd8
 .text._ZN6MS56114initEv
                0x00000000       0xd8 ms5611_nuttx.cpp.o
                0x00000000                MS5611::init()

.text._ZN6MS56115ioctlEP4fileim
                0x00000000      0x11c
 .text._ZN6MS56115ioctlEP4fileim
                0x00000000      0x11c ms5611_nuttx.cpp.o
                0x00000000                MS5611::ioctl(file*, int, unsigned long)

.text._ZN10MS5611_SPID2Ev
                0x00000000       0x14
 .text._ZN10MS5611_SPID2Ev
                0x00000000       0x14 ms5611_spi.cpp.o
                0x00000000                MS5611_SPI::~MS5611_SPI()
                0x00000000                MS5611_SPI::~MS5611_SPI()

.text._ZN10MS5611_SPID0Ev
                0x00000000       0x12
 .text._ZN10MS5611_SPID0Ev
                0x00000000       0x12 ms5611_spi.cpp.o
                0x00000000                MS5611_SPI::~MS5611_SPI()

.text._ZN10MS5611_SPI4readEjPvj
                0x00000000       0x32
 .text._ZN10MS5611_SPI4readEjPvj
                0x00000000       0x32 ms5611_spi.cpp.o
                0x00000000                MS5611_SPI::read(unsigned int, void*, unsigned int)

.text._ZN10MS5611_SPIC2Eh9spi_dev_eRN6ms56116prom_uE
                0x00000000       0x38
 .text._ZN10MS5611_SPIC2Eh9spi_dev_eRN6ms56116prom_uE
                0x00000000       0x38 ms5611_spi.cpp.o
                0x00000000                MS5611_SPI::MS5611_SPI(unsigned char, spi_dev_e, ms5611::prom_u&)
                0x00000000                MS5611_SPI::MS5611_SPI(unsigned char, spi_dev_e, ms5611::prom_u&)

.text._Z20MS5611_spi_interfaceRN6ms56116prom_uEh
                0x00000000       0x2e
 .text._Z20MS5611_spi_interfaceRN6ms56116prom_uEh
                0x00000000       0x2e ms5611_spi.cpp.o
                0x00000000                MS5611_spi_interface(ms5611::prom_u&, unsigned char)

.text._ZN10MS5611_SPI6_resetEv
                0x00000000       0x18
 .text._ZN10MS5611_SPI6_resetEv
                0x00000000       0x18 ms5611_spi.cpp.o
                0x00000000                MS5611_SPI::_reset()

.text._ZN10MS5611_SPI8_measureEj
                0x00000000       0x18
 .text._ZN10MS5611_SPI8_measureEj
                0x00000000       0x18 ms5611_spi.cpp.o
                0x00000000                MS5611_SPI::_measure(unsigned int)

.text._ZN10MS5611_SPI5ioctlEjRj
                0x00000000       0x2c
 .text._ZN10MS5611_SPI5ioctlEjRj
                0x00000000       0x2c ms5611_spi.cpp.o
                0x00000000                MS5611_SPI::ioctl(unsigned int, unsigned int&)

.text._ZN10MS5611_SPI9_transferEPhS0_j
                0x00000000        0x4
 .text._ZN10MS5611_SPI9_transferEPhS0_j
                0x00000000        0x4 ms5611_spi.cpp.o
                0x00000000                MS5611_SPI::_transfer(unsigned char*, unsigned char*, unsigned int)

.text._ZN10MS5611_SPI6_reg16Ej
                0x00000000       0x30
 .text._ZN10MS5611_SPI6_reg16Ej
                0x00000000       0x30 ms5611_spi.cpp.o
                0x00000000                MS5611_SPI::_reg16(unsigned int)

.text._ZN10MS5611_SPI10_read_promEv
                0x00000000       0x6c
 .text._ZN10MS5611_SPI10_read_promEv
                0x00000000       0x6c ms5611_spi.cpp.o
                0x00000000                MS5611_SPI::_read_prom()

.text._ZN10MS5611_SPI4initEv
                0x00000000       0x4c
 .text._ZN10MS5611_SPI4initEv
                0x00000000       0x4c ms5611_spi.cpp.o
                0x00000000                MS5611_SPI::init()

.text._ZN10MS5611_I2CD2Ev
                0x00000000       0x14
 .text._ZN10MS5611_I2CD2Ev
                0x00000000       0x14 ms5611_i2c.cpp.o
                0x00000000                MS5611_I2C::~MS5611_I2C()
                0x00000000                MS5611_I2C::~MS5611_I2C()

.text._ZN10MS5611_I2CD0Ev
                0x00000000       0x12
 .text._ZN10MS5611_I2CD0Ev
                0x00000000       0x12 ms5611_i2c.cpp.o
                0x00000000                MS5611_I2C::~MS5611_I2C()

.text._ZN10MS5611_I2C4readEjPvj
                0x00000000       0x32
 .text._ZN10MS5611_I2C4readEjPvj
                0x00000000       0x32 ms5611_i2c.cpp.o
                0x00000000                MS5611_I2C::read(unsigned int, void*, unsigned int)

.text._ZN10MS5611_I2CC2EhRN6ms56116prom_uE
                0x00000000       0x34
 .text._ZN10MS5611_I2CC2EhRN6ms56116prom_uE
                0x00000000       0x34 ms5611_i2c.cpp.o
                0x00000000                MS5611_I2C::MS5611_I2C(unsigned char, ms5611::prom_u&)
                0x00000000                MS5611_I2C::MS5611_I2C(unsigned char, ms5611::prom_u&)

.text._Z20MS5611_i2c_interfaceRN6ms56116prom_uEh
                0x00000000       0x1a
 .text._Z20MS5611_i2c_interfaceRN6ms56116prom_uEh
                0x00000000       0x1a ms5611_i2c.cpp.o
                0x00000000                MS5611_i2c_interface(ms5611::prom_u&, unsigned char)

.text._ZN10MS5611_I2C6_resetEv
                0x00000000       0x24
 .text._ZN10MS5611_I2C6_resetEv
                0x00000000       0x24 ms5611_i2c.cpp.o
                0x00000000                MS5611_I2C::_reset()

.text._ZN10MS5611_I2C8_measureEj
                0x00000000       0x1c
 .text._ZN10MS5611_I2C8_measureEj
                0x00000000       0x1c ms5611_i2c.cpp.o
                0x00000000                MS5611_I2C::_measure(unsigned int)

.text._ZN10MS5611_I2C5ioctlEjRj
                0x00000000       0x16
 .text._ZN10MS5611_I2C5ioctlEjRj
                0x00000000       0x16 ms5611_i2c.cpp.o
                0x00000000                MS5611_I2C::ioctl(unsigned int, unsigned int&)

.text._ZN10MS5611_I2C10_read_promEv
                0x00000000       0x7e
 .text._ZN10MS5611_I2C10_read_promEv
                0x00000000       0x7e ms5611_i2c.cpp.o
                0x00000000                MS5611_I2C::_read_prom()

.text._ZN10MS5611_I2C14_probe_addressEh
                0x00000000       0x22
 .text._ZN10MS5611_I2C14_probe_addressEh
                0x00000000       0x22 ms5611_i2c.cpp.o
                0x00000000                MS5611_I2C::_probe_address(unsigned char)

.text._ZN10MS5611_I2C5probeEv
                0x00000000       0x26
 .text._ZN10MS5611_I2C5probeEv
                0x00000000       0x26 ms5611_i2c.cpp.o
                0x00000000                MS5611_I2C::probe()

.text._ZN10MS5611_I2C4initEv
                0x00000000        0x4
 .text._ZN10MS5611_I2C4initEv
                0x00000000        0x4 ms5611_i2c.cpp.o
                0x00000000                MS5611_I2C::init()

.fini
 *(SORT(.fini))

.rodata
 *(.rodata)

.rodata._ZTV6MS5611
                0x00000000       0x64
 .rodata._ZTV6MS5611
                0x00000000       0x64 ms5611_nuttx.cpp.o
                0x00000000                vtable for MS5611

.rodata.str1.1  0x00000000      0x697
 .rodata.str1.1
                0x00000000      0x623 ms5611_nuttx.cpp.o
 .rodata.str1.1
                0x00000623       0x69 ms5611_spi.cpp.o
 .rodata.str1.1
                0x0000068c        0xb ms5611_i2c.cpp.o

.rodata._ZTV10MS5611_SPI
                0x00000000       0x60
 .rodata._ZTV10MS5611_SPI
                0x00000000       0x60 ms5611_spi.cpp.o
                0x00000000                vtable for MS5611_SPI

.rodata._ZTV10MS5611_I2C
                0x00000000       0x60
 .rodata._ZTV10MS5611_I2C
                0x00000000       0x60 ms5611_i2c.cpp.o
                0x00000000                vtable for MS5611_I2C

.rodata1
 *(.rodata1)

.ARM.extab
 *(.ARM.extab)

.ARM.exidx
 *(.ARM.exidx)

.eh_frame_hdr
 *(.eh_frame_hdr)

.eh_frame
 *(.eh_frame)

.gcc_except_table
 *(.gcc_except_table .gcc_except_table.*)

.exception_ranges
 *(.exception_ranges .exception_ranges*)

.eh_frame
 *(.eh_frame)

.gcc_except_table
 *(.gcc_except_table .gcc_except_table.*)

.exception_ranges
 *(.exception_ranges .exception_ranges*)

.tdata
 *(.tdata)

.tbss
 *(.tbss)

.preinit_array
 *(.preinit_array)

.jcr
 *(.jcr)

.dynamic
 *(.dynamic)

.got
 *(.got.plt)
 *(.igot.plt)
 *(.got)
 *(.igot)

.data           0x00000000        0x0
 *(.data)
 .data          0x00000000        0x0 ms5611_nuttx.cpp.o
 .data          0x00000000        0x0 ms5611_spi.cpp.o
 .data          0x00000000        0x0 ms5611_i2c.cpp.o

.data._ZN6ms561111bus_optionsE
                0x00000000       0x50
 .data._ZN6ms561111bus_optionsE
                0x00000000       0x50 ms5611_nuttx.cpp.o
                0x00000000                ms5611::bus_options

.data1
 *(.data1)

.bss            0x00000000        0x0
 *(.dynbss)
 *(.bss)
 .bss           0x00000000        0x0 ms5611_nuttx.cpp.o
 .bss           0x00000000        0x0 ms5611_spi.cpp.o
 .bss           0x00000000        0x0 ms5611_i2c.cpp.o
 *(COMMON)

.stab
 *(.stab)

.stabstr
 *(.stabstr)

.stab.excl
 *(.stab.excl)

.stab.exclstr
 *(.stab.exclstr)

.stab.index
 *(.stab.index)

.stab.indexstr
 *(.stab.indexstr)

.comment        0x00000000      0x153
 *(.comment)
 .comment       0x00000000       0x71 ms5611_nuttx.cpp.o
 .comment       0x00000071       0x71 ms5611_spi.cpp.o
 .comment       0x000000e2       0x71 ms5611_i2c.cpp.o

.group          0x00000000        0x8
 .group         0x00000000        0x8 ms5611_nuttx.cpp.o

.group          0x00000000        0x8
 .group         0x00000000        0x8 ms5611_nuttx.cpp.o

.group          0x00000000        0x8
 .group         0x00000000        0x8 ms5611_nuttx.cpp.o

.group          0x00000000        0x8
 .group         0x00000000        0x8 ms5611_nuttx.cpp.o

.group          0x00000000        0x8
 .group         0x00000000        0x8 ms5611_nuttx.cpp.o

.group          0x00000000        0x8
 .group         0x00000000        0x8 ms5611_nuttx.cpp.o

.group          0x00000000        0x8
 .group         0x00000000        0x8 ms5611_nuttx.cpp.o

.group          0x00000000        0x8
 .group         0x00000000        0x8 ms5611_nuttx.cpp.o

.group          0x00000000        0x8
 .group         0x00000000        0x8 ms5611_nuttx.cpp.o

.group          0x00000000        0x8
 .group         0x00000000        0x8 ms5611_nuttx.cpp.o

.group          0x00000000        0x8
 .group         0x00000000        0x8 ms5611_nuttx.cpp.o

.group          0x00000000        0x8
 .group         0x00000000        0x8 ms5611_nuttx.cpp.o

.group          0x00000000        0x8
 .group         0x00000000        0x8 ms5611_nuttx.cpp.o

.group          0x00000000        0x8
 .group         0x00000000        0x8 ms5611_nuttx.cpp.o

.group          0x00000000        0x8
 .group         0x00000000        0x8 ms5611_nuttx.cpp.o

.group          0x00000000        0x8
 .group         0x00000000        0x8 ms5611_nuttx.cpp.o

.group          0x00000000        0x8
 .group         0x00000000        0x8 ms5611_nuttx.cpp.o

.group          0x00000000        0x8
 .group         0x00000000        0x8 ms5611_nuttx.cpp.o

.group          0x00000000        0x8
 .group         0x00000000        0x8 ms5611_nuttx.cpp.o

.group          0x00000000        0x8
 .group         0x00000000        0x8 ms5611_nuttx.cpp.o

.group          0x00000000        0x8
 .group         0x00000000        0x8 ms5611_nuttx.cpp.o

.group          0x00000000        0x8
 .group         0x00000000        0x8 ms5611_nuttx.cpp.o

.group          0x00000000        0x8
 .group         0x00000000        0x8 ms5611_nuttx.cpp.o

.group          0x00000000        0x8
 .group         0x00000000        0x8 ms5611_nuttx.cpp.o

.group          0x00000000        0x8
 .group         0x00000000        0x8 ms5611_nuttx.cpp.o

.group          0x00000000        0x8
 .group         0x00000000        0x8 ms5611_nuttx.cpp.o

.group          0x00000000        0x8
 .group         0x00000000        0x8 ms5611_nuttx.cpp.o

.group          0x00000000        0x8
 .group         0x00000000        0x8 ms5611_nuttx.cpp.o

.group          0x00000000        0x8
 .group         0x00000000        0x8 ms5611_nuttx.cpp.o

.group          0x00000000        0x8
 .group         0x00000000        0x8 ms5611_nuttx.cpp.o

.group          0x00000000        0x8
 .group         0x00000000        0x8 ms5611_nuttx.cpp.o

.group          0x00000000        0x8
 .group         0x00000000        0x8 ms5611_nuttx.cpp.o

.group          0x00000000        0x8
 .group         0x00000000        0x8 ms5611_nuttx.cpp.o

.group          0x00000000        0x8
 .group         0x00000000        0x8 ms5611_nuttx.cpp.o

.group          0x00000000        0x8
 .group         0x00000000        0x8 ms5611_nuttx.cpp.o

.group          0x00000000        0x8
 .group         0x00000000        0x8 ms5611_nuttx.cpp.o

.group          0x00000000        0x8
 .group         0x00000000        0x8 ms5611_nuttx.cpp.o

.group          0x00000000        0x8
 .group         0x00000000        0x8 ms5611_nuttx.cpp.o

.group          0x00000000        0x8
 .group         0x00000000        0x8 ms5611_nuttx.cpp.o

.group          0x00000000        0x8
 .group         0x00000000        0x8 ms5611_nuttx.cpp.o

.group          0x00000000        0x8
 .group         0x00000000        0x8 ms5611_nuttx.cpp.o

.group          0x00000000        0x8
 .group         0x00000000        0x8 ms5611_nuttx.cpp.o

.group          0x00000000        0x8
 .group         0x00000000        0x8 ms5611_nuttx.cpp.o

.group          0x00000000        0x8
 .group         0x00000000        0x8 ms5611_nuttx.cpp.o

.group          0x00000000        0x8
 .group         0x00000000        0x8 ms5611_nuttx.cpp.o

.group          0x00000000        0x8
 .group         0x00000000        0x8 ms5611_nuttx.cpp.o

.group          0x00000000        0x8
 .group         0x00000000        0x8 ms5611_nuttx.cpp.o

.group          0x00000000        0x8
 .group         0x00000000        0x8 ms5611_nuttx.cpp.o

.group          0x00000000        0x8
 .group         0x00000000        0x8 ms5611_nuttx.cpp.o

.group          0x00000000        0x8
 .group         0x00000000        0x8 ms5611_nuttx.cpp.o

.group          0x00000000        0x8
 .group         0x00000000        0x8 ms5611_nuttx.cpp.o

.group          0x00000000        0x8
 .group         0x00000000        0x8 ms5611_nuttx.cpp.o

.group          0x00000000        0x8
 .group         0x00000000        0x8 ms5611_nuttx.cpp.o

.group          0x00000000        0x8
 .group         0x00000000        0x8 ms5611_nuttx.cpp.o

.group          0x00000000        0x8
 .group         0x00000000        0x8 ms5611_nuttx.cpp.o

.group          0x00000000        0x8
 .group         0x00000000        0x8 ms5611_nuttx.cpp.o

.group          0x00000000        0x8
 .group         0x00000000        0x8 ms5611_nuttx.cpp.o

.group          0x00000000        0x8
 .group         0x00000000        0x8 ms5611_nuttx.cpp.o

.group          0x00000000        0x8
 .group         0x00000000        0x8 ms5611_nuttx.cpp.o

.group          0x00000000        0x8
 .group         0x00000000        0x8 ms5611_nuttx.cpp.o

.group          0x00000000        0x8
 .group         0x00000000        0x8 ms5611_nuttx.cpp.o

.group          0x00000000        0x8
 .group         0x00000000        0x8 ms5611_nuttx.cpp.o

.group          0x00000000        0x8
 .group         0x00000000        0x8 ms5611_nuttx.cpp.o

.group          0x00000000        0x8
 .group         0x00000000        0x8 ms5611_nuttx.cpp.o

.group          0x00000000        0x8
 .group         0x00000000        0x8 ms5611_nuttx.cpp.o

.group          0x00000000        0x8
 .group         0x00000000        0x8 ms5611_nuttx.cpp.o

.group          0x00000000        0x8
 .group         0x00000000        0x8 ms5611_nuttx.cpp.o

.group          0x00000000        0x8
 .group         0x00000000        0x8 ms5611_nuttx.cpp.o

.group          0x00000000        0x8
 .group         0x00000000        0x8 ms5611_nuttx.cpp.o

.group          0x00000000        0x8
 .group         0x00000000        0x8 ms5611_nuttx.cpp.o

.group          0x00000000        0x8
 .group         0x00000000        0x8 ms5611_nuttx.cpp.o

.group          0x00000000        0x8
 .group         0x00000000        0x8 ms5611_nuttx.cpp.o

.group          0x00000000        0x8
 .group         0x00000000        0x8 ms5611_nuttx.cpp.o

.group          0x00000000        0x8
 .group         0x00000000        0x8 ms5611_nuttx.cpp.o

.group          0x00000000        0x8
 .group         0x00000000        0x8 ms5611_nuttx.cpp.o

.group          0x00000000        0x8
 .group         0x00000000        0x8 ms5611_nuttx.cpp.o

.group          0x00000000        0x8
 .group         0x00000000        0x8 ms5611_nuttx.cpp.o

.group          0x00000000        0x8
 .group         0x00000000        0x8 ms5611_nuttx.cpp.o

.group          0x00000000        0x8
 .group         0x00000000        0x8 ms5611_nuttx.cpp.o

.group          0x00000000        0x8
 .group         0x00000000        0x8 ms5611_nuttx.cpp.o

.group          0x00000000        0x8
 .group         0x00000000        0x8 ms5611_nuttx.cpp.o

.group          0x00000000        0x8
 .group         0x00000000        0x8 ms5611_nuttx.cpp.o

.group          0x00000000        0x8
 .group         0x00000000        0x8 ms5611_nuttx.cpp.o

.group          0x00000000        0x8
 .group         0x00000000        0x8 ms5611_nuttx.cpp.o

.group          0x00000000        0x8
 .group         0x00000000        0x8 ms5611_nuttx.cpp.o

.group          0x00000000        0x8
 .group         0x00000000        0x8 ms5611_nuttx.cpp.o

.group          0x00000000        0x8
 .group         0x00000000        0x8 ms5611_nuttx.cpp.o

.group          0x00000000        0x8
 .group         0x00000000        0x8 ms5611_nuttx.cpp.o

.group          0x00000000        0x8
 .group         0x00000000        0x8 ms5611_nuttx.cpp.o

.group          0x00000000        0x8
 .group         0x00000000        0x8 ms5611_nuttx.cpp.o

.group          0x00000000        0x8
 .group         0x00000000        0x8 ms5611_nuttx.cpp.o

.group          0x00000000        0x8
 .group         0x00000000        0x8 ms5611_nuttx.cpp.o

.group          0x00000000        0x8
 .group         0x00000000        0x8 ms5611_nuttx.cpp.o

.group          0x00000000        0x8
 .group         0x00000000        0x8 ms5611_nuttx.cpp.o

.group          0x00000000        0x8
 .group         0x00000000        0x8 ms5611_nuttx.cpp.o

.group          0x00000000        0x8
 .group         0x00000000        0x8 ms5611_nuttx.cpp.o

.group          0x00000000        0x8
 .group         0x00000000        0x8 ms5611_nuttx.cpp.o

.group          0x00000000        0x8
 .group         0x00000000        0x8 ms5611_nuttx.cpp.o

.group          0x00000000        0x8
 .group         0x00000000        0x8 ms5611_nuttx.cpp.o

.group          0x00000000        0x8
 .group         0x00000000        0x8 ms5611_nuttx.cpp.o

.group          0x00000000        0x8
 .group         0x00000000        0x8 ms5611_nuttx.cpp.o

.group          0x00000000        0x8
 .group         0x00000000        0x8 ms5611_nuttx.cpp.o

.group          0x00000000        0x8
 .group         0x00000000        0x8 ms5611_nuttx.cpp.o

.group          0x00000000        0x8
 .group         0x00000000        0x8 ms5611_nuttx.cpp.o

.group          0x00000000        0x8
 .group         0x00000000        0x8 ms5611_nuttx.cpp.o

.group          0x00000000        0x8
 .group         0x00000000        0x8 ms5611_nuttx.cpp.o

.group          0x00000000        0x8
 .group         0x00000000        0x8 ms5611_nuttx.cpp.o

.group          0x00000000        0x8
 .group         0x00000000        0x8 ms5611_nuttx.cpp.o

.group          0x00000000        0x8
 .group         0x00000000        0x8 ms5611_nuttx.cpp.o

.group          0x00000000        0x8
 .group         0x00000000        0x8 ms5611_nuttx.cpp.o

.group          0x00000000        0x8
 .group         0x00000000        0x8 ms5611_nuttx.cpp.o

.group          0x00000000        0x8
 .group         0x00000000        0x8 ms5611_nuttx.cpp.o

.group          0x00000000        0x8
 .group         0x00000000        0x8 ms5611_nuttx.cpp.o

.group          0x00000000        0x8
 .group         0x00000000        0x8 ms5611_nuttx.cpp.o

.group          0x00000000        0x8
 .group         0x00000000        0x8 ms5611_nuttx.cpp.o

.group          0x00000000        0x8
 .group         0x00000000        0x8 ms5611_nuttx.cpp.o

.group          0x00000000        0x8
 .group         0x00000000        0x8 ms5611_nuttx.cpp.o

.group          0x00000000        0x8
 .group         0x00000000        0x8 ms5611_nuttx.cpp.o

.group          0x00000000        0x8
 .group         0x00000000        0x8 ms5611_spi.cpp.o

.group          0x00000000        0x8
 .group         0x00000000        0x8 ms5611_spi.cpp.o

.debug
 *(.debug)

.line
 *(.line)

.debug_srcinfo
 *(.debug_srcinfo)

.debug_sfnames
 *(.debug_sfnames)

.debug_aranges  0x00000000      0x1c0
 *(.debug_aranges)
 .debug_aranges
                0x00000000       0xd0 ms5611_nuttx.cpp.o
 .debug_aranges
                0x000000d0       0x78 ms5611_spi.cpp.o
 .debug_aranges
                0x00000148       0x78 ms5611_i2c.cpp.o

.debug_pubnames
 *(.debug_pubnames)

.debug_info     0x00000000     0x4e4b
 *(.debug_info)
 .debug_info    0x00000000     0x3389 ms5611_nuttx.cpp.o
 .debug_info    0x00003389      0xdeb ms5611_spi.cpp.o
 .debug_info    0x00004174      0xcd7 ms5611_i2c.cpp.o

.debug_abbrev   0x00000000      0xfa3
 *(.debug_abbrev)
 .debug_abbrev  0x00000000      0x6e1 ms5611_nuttx.cpp.o
 .debug_abbrev  0x000006e1      0x486 ms5611_spi.cpp.o
 .debug_abbrev  0x00000b67      0x43c ms5611_i2c.cpp.o

.debug_line     0x00000000     0x4e4a
 *(.debug_line .debug_line.* .debug_line_end)
 .debug_line    0x00000000     0x1ccc ms5611_nuttx.cpp.o
 .debug_line    0x00001ccc     0x189c ms5611_spi.cpp.o
 .debug_line    0x00003568     0x18e2 ms5611_i2c.cpp.o

.debug_frame    0x00000000      0x558
 *(.debug_frame)
 .debug_frame   0x00000000      0x2d0 ms5611_nuttx.cpp.o
 .debug_frame   0x000002d0      0x144 ms5611_spi.cpp.o
 .debug_frame   0x00000414      0x144 ms5611_i2c.cpp.o

.debug_str      0x00000000    0xe0b05
 *(.debug_str)
 .debug_str     0x00000000    0x4bf02 ms5611_nuttx.cpp.o
 .debug_str     0x0004bf02    0x4a3b2 ms5611_spi.cpp.o
 .debug_str     0x000962b4    0x4a851 ms5611_i2c.cpp.o

.debug_loc      0x00000000     0x1b33
 *(.debug_loc)
 .debug_loc     0x00000000     0x10f1 ms5611_nuttx.cpp.o
 .debug_loc     0x000010f1      0x609 ms5611_spi.cpp.o
 .debug_loc     0x000016fa      0x439 ms5611_i2c.cpp.o

.debug_macinfo
 *(.debug_macinfo)

.debug_weaknames
 *(.debug_weaknames)

.debug_funcnames
 *(.debug_funcnames)

.debug_typenames
 *(.debug_typenames)

.debug_varnames
 *(.debug_varnames)

.debug_pubtypes
 *(.debug_pubtypes)

.debug_ranges   0x00000000      0x350
 *(.debug_ranges)
 .debug_ranges  0x00000000      0x188 ms5611_nuttx.cpp.o
 .debug_ranges  0x00000188      0x100 ms5611_spi.cpp.o
 .debug_ranges  0x00000288       0xc8 ms5611_i2c.cpp.o

.debug_macro    0x00000000     0x1471
 *(.debug_macro)
 .debug_macro   0x00000000      0x742 ms5611_nuttx.cpp.o
 .debug_macro   0x00000742      0x676 ms5611_spi.cpp.o
 .debug_macro   0x00000db8      0x6b9 ms5611_i2c.cpp.o

.stack
 *(.stack)

.ARM.attributes
                0x00000000       0x35
 *(.ARM.attributes)
 .ARM.attributes
                0x00000000       0x35 ms5611_nuttx.cpp.o
 .ARM.attributes
                0x00000035       0x35 ms5611_spi.cpp.o
 .ARM.attributes
                0x0000006a       0x35 ms5611_i2c.cpp.o
 *(.gnu.attributes)

.note.gnu.arm.ident
 *(.note.gnu.arm.ident)
OUTPUT(d:/github/compiletest/34/ardupilot_rm_git/modules/PX4Firmware/Build/px4fmu-v2_APM.build/d/github/compiletest/34/ardupilot_rm_git/modules/PX4Firmware/src/drivers/ms5611/module.pre.o elf32-littlearm)

.debug_macro    0x00000000      0x95e
 .debug_macro   0x00000000      0x95e ms5611_nuttx.cpp.o

.debug_macro    0x00000000       0x22
 .debug_macro   0x00000000       0x22 ms5611_nuttx.cpp.o

.debug_macro    0x00000000      0x8b4
 .debug_macro   0x00000000      0x8b4 ms5611_nuttx.cpp.o

.debug_macro    0x00000000       0xc9
 .debug_macro   0x00000000       0xc9 ms5611_nuttx.cpp.o

.debug_macro    0x00000000       0x10
 .debug_macro   0x00000000       0x10 ms5611_nuttx.cpp.o

.debug_macro    0x00000000       0x88
 .debug_macro   0x00000000       0x88 ms5611_nuttx.cpp.o

.debug_macro    0x00000000      0x14e
 .debug_macro   0x00000000      0x14e ms5611_nuttx.cpp.o

.debug_macro    0x00000000      0x12c
 .debug_macro   0x00000000      0x12c ms5611_nuttx.cpp.o

.debug_macro    0x00000000       0x63
 .debug_macro   0x00000000       0x63 ms5611_nuttx.cpp.o

.debug_macro    0x00000000       0x78
 .debug_macro   0x00000000       0x78 ms5611_nuttx.cpp.o

.debug_macro    0x00000000       0x28
 .debug_macro   0x00000000       0x28 ms5611_nuttx.cpp.o

.debug_macro    0x00000000      0x11b
 .debug_macro   0x00000000      0x11b ms5611_nuttx.cpp.o

.debug_macro    0x00000000       0x59
 .debug_macro   0x00000000       0x59 ms5611_nuttx.cpp.o

.debug_macro    0x00000000       0x4c
 .debug_macro   0x00000000       0x4c ms5611_nuttx.cpp.o

.debug_macro    0x00000000      0x27f
 .debug_macro   0x00000000      0x27f ms5611_nuttx.cpp.o

.debug_macro    0x00000000       0x10
 .debug_macro   0x00000000       0x10 ms5611_nuttx.cpp.o

.debug_macro    0x00000000      0x195
 .debug_macro   0x00000000      0x195 ms5611_nuttx.cpp.o

.debug_macro    0x00000000       0x8a
 .debug_macro   0x00000000       0x8a ms5611_nuttx.cpp.o

.debug_macro    0x00000000       0x10
 .debug_macro   0x00000000       0x10 ms5611_nuttx.cpp.o

.debug_macro    0x00000000       0x10
 .debug_macro   0x00000000       0x10 ms5611_nuttx.cpp.o

.debug_macro    0x00000000      0x6cb
 .debug_macro   0x00000000      0x6cb ms5611_nuttx.cpp.o

.debug_macro    0x00000000      0x20a
 .debug_macro   0x00000000      0x20a ms5611_nuttx.cpp.o

.debug_macro    0x00000000      0xf6f
 .debug_macro   0x00000000      0xf6f ms5611_nuttx.cpp.o

.debug_macro    0x00000000      0x2ab
 .debug_macro   0x00000000      0x2ab ms5611_nuttx.cpp.o

.debug_macro    0x00000000      0x8b5
 .debug_macro   0x00000000      0x8b5 ms5611_nuttx.cpp.o

.debug_macro    0x00000000       0x23
 .debug_macro   0x00000000       0x23 ms5611_nuttx.cpp.o

.debug_macro    0x00000000       0x39
 .debug_macro   0x00000000       0x39 ms5611_nuttx.cpp.o

.debug_macro    0x00000000       0x78
 .debug_macro   0x00000000       0x78 ms5611_nuttx.cpp.o

.debug_macro    0x00000000      0x14e
 .debug_macro   0x00000000      0x14e ms5611_nuttx.cpp.o

.debug_macro    0x00000000      0x7ca
 .debug_macro   0x00000000      0x7ca ms5611_nuttx.cpp.o

.debug_macro    0x00000000       0xff
 .debug_macro   0x00000000       0xff ms5611_nuttx.cpp.o

.debug_macro    0x00000000      0xae7
 .debug_macro   0x00000000      0xae7 ms5611_nuttx.cpp.o

.debug_macro    0x00000000       0x51
 .debug_macro   0x00000000       0x51 ms5611_nuttx.cpp.o

.debug_macro    0x00000000      0x11a
 .debug_macro   0x00000000      0x11a ms5611_nuttx.cpp.o

.debug_macro    0x00000000       0x16
 .debug_macro   0x00000000       0x16 ms5611_nuttx.cpp.o

.debug_macro    0x00000000       0x1d
 .debug_macro   0x00000000       0x1d ms5611_nuttx.cpp.o

.debug_macro    0x00000000      0x23b
 .debug_macro   0x00000000      0x23b ms5611_nuttx.cpp.o

.debug_macro    0x00000000      0x56a
 .debug_macro   0x00000000      0x56a ms5611_nuttx.cpp.o

.debug_macro    0x00000000       0x9c
 .debug_macro   0x00000000       0x9c ms5611_nuttx.cpp.o

.debug_macro    0x00000000      0x2bf
 .debug_macro   0x00000000      0x2bf ms5611_nuttx.cpp.o

.debug_macro    0x00000000       0xd3
 .debug_macro   0x00000000       0xd3 ms5611_nuttx.cpp.o

.debug_macro    0x00000000       0x16
 .debug_macro   0x00000000       0x16 ms5611_nuttx.cpp.o

.debug_macro    0x00000000       0x34
 .debug_macro   0x00000000       0x34 ms5611_nuttx.cpp.o

.debug_macro    0x00000000      0xab0
 .debug_macro   0x00000000      0xab0 ms5611_nuttx.cpp.o

.debug_macro    0x00000000       0x17
 .debug_macro   0x00000000       0x17 ms5611_nuttx.cpp.o

.debug_macro    0x00000000      0x6fa
 .debug_macro   0x00000000      0x6fa ms5611_nuttx.cpp.o

.debug_macro    0x00000000       0x22
 .debug_macro   0x00000000       0x22 ms5611_nuttx.cpp.o

.debug_macro    0x00000000      0x596
 .debug_macro   0x00000000      0x596 ms5611_nuttx.cpp.o

.debug_macro    0x00000000       0x16
 .debug_macro   0x00000000       0x16 ms5611_nuttx.cpp.o

.debug_macro    0x00000000      0x29b
 .debug_macro   0x00000000      0x29b ms5611_nuttx.cpp.o

.debug_macro    0x00000000       0x16
 .debug_macro   0x00000000       0x16 ms5611_nuttx.cpp.o

.debug_macro    0x00000000     0x15a4
 .debug_macro   0x00000000     0x15a4 ms5611_nuttx.cpp.o

.debug_macro    0x00000000       0x53
 .debug_macro   0x00000000       0x53 ms5611_nuttx.cpp.o

.debug_macro    0x00000000      0x347
 .debug_macro   0x00000000      0x347 ms5611_nuttx.cpp.o

.debug_macro    0x00000000       0x96
 .debug_macro   0x00000000       0x96 ms5611_nuttx.cpp.o

.debug_macro    0x00000000       0x1c
 .debug_macro   0x00000000       0x1c ms5611_nuttx.cpp.o

.debug_macro    0x00000000       0x9a
 .debug_macro   0x00000000       0x9a ms5611_nuttx.cpp.o

.debug_macro    0x00000000      0x1cf
 .debug_macro   0x00000000      0x1cf ms5611_nuttx.cpp.o

.debug_macro    0x00000000      0x16c
 .debug_macro   0x00000000      0x16c ms5611_nuttx.cpp.o

.debug_macro    0x00000000      0x413
 .debug_macro   0x00000000      0x413 ms5611_nuttx.cpp.o

.debug_macro    0x00000000       0x5f
 .debug_macro   0x00000000       0x5f ms5611_nuttx.cpp.o

.debug_macro    0x00000000       0x1d
 .debug_macro   0x00000000       0x1d ms5611_nuttx.cpp.o

.debug_macro    0x00000000       0xdf
 .debug_macro   0x00000000       0xdf ms5611_nuttx.cpp.o

.debug_macro    0x00000000       0x16
 .debug_macro   0x00000000       0x16 ms5611_nuttx.cpp.o

.debug_macro    0x00000000      0x13f
 .debug_macro   0x00000000      0x13f ms5611_nuttx.cpp.o

.debug_macro    0x00000000       0x16
 .debug_macro   0x00000000       0x16 ms5611_nuttx.cpp.o

.debug_macro    0x00000000       0x1c
 .debug_macro   0x00000000       0x1c ms5611_nuttx.cpp.o

.debug_macro    0x00000000      0xdb4
 .debug_macro   0x00000000      0xdb4 ms5611_nuttx.cpp.o

.debug_macro    0x00000000       0x16
 .debug_macro   0x00000000       0x16 ms5611_nuttx.cpp.o

.debug_macro    0x00000000      0x21b
 .debug_macro   0x00000000      0x21b ms5611_nuttx.cpp.o

.debug_macro    0x00000000      0x2b6
 .debug_macro   0x00000000      0x2b6 ms5611_nuttx.cpp.o

.debug_macro    0x00000000       0x5e
 .debug_macro   0x00000000       0x5e ms5611_nuttx.cpp.o

.debug_macro    0x00000000       0x22
 .debug_macro   0x00000000       0x22 ms5611_nuttx.cpp.o

.debug_macro    0x00000000      0x14d
 .debug_macro   0x00000000      0x14d ms5611_nuttx.cpp.o

.debug_macro    0x00000000       0x59
 .debug_macro   0x00000000       0x59 ms5611_nuttx.cpp.o

.debug_macro    0x00000000      0x6c1
 .debug_macro   0x00000000      0x6c1 ms5611_nuttx.cpp.o

.debug_macro    0x00000000       0x58
 .debug_macro   0x00000000       0x58 ms5611_nuttx.cpp.o

.debug_macro    0x00000000       0x4c
 .debug_macro   0x00000000       0x4c ms5611_nuttx.cpp.o

.debug_macro    0x00000000       0x49
 .debug_macro   0x00000000       0x49 ms5611_nuttx.cpp.o

.debug_macro    0x00000000      0x106
 .debug_macro   0x00000000      0x106 ms5611_nuttx.cpp.o

.debug_macro    0x00000000       0x28
 .debug_macro   0x00000000       0x28 ms5611_nuttx.cpp.o

.debug_macro    0x00000000       0xd1
 .debug_macro   0x00000000       0xd1 ms5611_nuttx.cpp.o

.debug_macro    0x00000000       0x98
 .debug_macro   0x00000000       0x98 ms5611_nuttx.cpp.o

.debug_macro    0x00000000       0x16
 .debug_macro   0x00000000       0x16 ms5611_nuttx.cpp.o

.debug_macro    0x00000000       0xb4
 .debug_macro   0x00000000       0xb4 ms5611_nuttx.cpp.o

.debug_macro    0x00000000       0x41
 .debug_macro   0x00000000       0x41 ms5611_nuttx.cpp.o

.debug_macro    0x00000000       0x4d
 .debug_macro   0x00000000       0x4d ms5611_nuttx.cpp.o

.debug_macro    0x00000000       0x58
 .debug_macro   0x00000000       0x58 ms5611_nuttx.cpp.o

.debug_macro    0x00000000       0x22
 .debug_macro   0x00000000       0x22 ms5611_nuttx.cpp.o

.debug_macro    0x00000000       0x2e
 .debug_macro   0x00000000       0x2e ms5611_nuttx.cpp.o

.debug_macro    0x00000000       0x9c
 .debug_macro   0x00000000       0x9c ms5611_nuttx.cpp.o

.debug_macro    0x00000000      0x281
 .debug_macro   0x00000000      0x281 ms5611_nuttx.cpp.o

.debug_macro    0x00000000       0x1c
 .debug_macro   0x00000000       0x1c ms5611_nuttx.cpp.o

.debug_macro    0x00000000       0x16
 .debug_macro   0x00000000       0x16 ms5611_nuttx.cpp.o

.debug_macro    0x00000000       0x19
 .debug_macro   0x00000000       0x19 ms5611_nuttx.cpp.o

.debug_macro    0x00000000       0x4d
 .debug_macro   0x00000000       0x4d ms5611_nuttx.cpp.o

.debug_macro    0x00000000       0xc1
 .debug_macro   0x00000000       0xc1 ms5611_nuttx.cpp.o

.debug_macro    0x00000000       0x28
 .debug_macro   0x00000000       0x28 ms5611_nuttx.cpp.o

.debug_macro    0x00000000       0x18
 .debug_macro   0x00000000       0x18 ms5611_nuttx.cpp.o

.debug_macro    0x00000000       0x4a
 .debug_macro   0x00000000       0x4a ms5611_nuttx.cpp.o

.debug_macro    0x00000000      0x2a4
 .debug_macro   0x00000000      0x2a4 ms5611_nuttx.cpp.o

.debug_macro    0x00000000       0xd6
 .debug_macro   0x00000000       0xd6 ms5611_nuttx.cpp.o

.debug_macro    0x00000000       0x22
 .debug_macro   0x00000000       0x22 ms5611_nuttx.cpp.o

.debug_macro    0x00000000       0x29
 .debug_macro   0x00000000       0x29 ms5611_nuttx.cpp.o

.debug_macro    0x00000000       0x31
 .debug_macro   0x00000000       0x31 ms5611_nuttx.cpp.o

.debug_macro    0x00000000      0x167
 .debug_macro   0x00000000      0x167 ms5611_nuttx.cpp.o

.debug_macro    0x00000000       0x16
 .debug_macro   0x00000000       0x16 ms5611_nuttx.cpp.o

.debug_macro    0x00000000       0x5a
 .debug_macro   0x00000000       0x5a ms5611_nuttx.cpp.o

.debug_macro    0x00000000       0x70
 .debug_macro   0x00000000       0x70 ms5611_nuttx.cpp.o

.debug_macro    0x00000000       0x10
 .debug_macro   0x00000000       0x10 ms5611_nuttx.cpp.o

.debug_macro    0x00000000       0x1c
 .debug_macro   0x00000000       0x1c ms5611_nuttx.cpp.o

.debug_macro    0x00000000       0x46
 .debug_macro   0x00000000       0x46 ms5611_nuttx.cpp.o

.debug_macro    0x00000000       0x22
 .debug_macro   0x00000000       0x22 ms5611_nuttx.cpp.o

.debug_macro    0x00000000       0xba
 .debug_macro   0x00000000       0xba ms5611_nuttx.cpp.o

.debug_macro    0x00000000       0x10
 .debug_macro   0x00000000       0x10 ms5611_nuttx.cpp.o

.debug_macro    0x00000000       0x22
 .debug_macro   0x00000000       0x22 ms5611_nuttx.cpp.o

.debug_macro    0x00000000       0x10
 .debug_macro   0x00000000       0x10 ms5611_nuttx.cpp.o

.debug_macro    0x00000000       0x70
 .debug_macro   0x00000000       0x70 ms5611_nuttx.cpp.o

.debug_macro    0x00000000       0x12
 .debug_macro   0x00000000       0x12 ms5611_spi.cpp.o

.debug_macro    0x00000000       0x44
 .debug_macro   0x00000000       0x44 ms5611_spi.cpp.o
